../FATFS/Target/user_diskio_spi.c:103:6:xchg_spi	32	static
../FATFS/Target/user_diskio_spi.c:144:5:wait_ready	16	static
../FATFS/Target/user_diskio_spi.c:171:6:despiselect	8	static
../FATFS/Target/user_diskio_spi.c:185:5:spiselect	8	static
../FATFS/Target/user_diskio_spi.c:259:6:send_cmd	16	static
../FATFS/Target/user_diskio_spi.c:231:5:xmit_datablock	16	static
../FATFS/Target/user_diskio_spi.c:88:6:SPI_Timer_On	8	static
../FATFS/Target/user_diskio_spi.c:93:9:SPI_Timer_Status	8	static
../FATFS/Target/user_diskio_spi.c:202:5:rcvr_datablock	16	static
../FATFS/Target/user_diskio_spi.c:318:16:USER_SPI_initialize	32	static
../FATFS/Target/user_diskio_spi.c:374:16:USER_SPI_status	0	static
../FATFS/Target/user_diskio_spi.c:389:16:USER_SPI_read	16	static
../FATFS/Target/user_diskio_spi.c:428:16:USER_SPI_write	16	static
../FATFS/Target/user_diskio_spi.c:469:16:USER_SPI_ioctl	32	static
