../Core/Inc/LCD_I2C.h:3:6:lcd_send_cmd	32	static
../Core/Inc/LCD_I2C.h:16:6:lcd_send_data	32	static
../Core/Inc/LCD_I2C.h:28:6:LCD_CLEAR	8	static
../Core/Inc/LCD_I2C.h:34:6:LCD_init	8	static
../Core/Inc/LCD_I2C.h:57:6:LCD_CADENA	16	static
../Core/Inc/LCD_I2C.h:61:6:LCD_CURSOR	16	static
../Core/Src/main.c:77:5:main	144	static
../Core/Src/main.c:193:6:SystemClock_Config	120	static
../Core/Src/main.c:253:13:MX_FDCAN1_Init	40	static
../Core/Src/main.c:313:13:MX_I2C1_Init	8	static
../Core/Src/main.c:361:13:MX_GPIO_Init	48	static
../Core/Src/main.c:457:6:Error_Handler	4	static,ignoring_inline_asm
