Archive member included to satisfy reference by file (symbol)

D:/Documentos/Electronica/Nueva carpeta/STM32CubeIDE_1.15.0/STM32CubeIDE/plugins/com.st.stm32cube.ide.mcu.externaltools.gnu-tools-for-stm32.12.3.rel1.win32_1.0.100.202403111256/tools/bin/../lib/gcc/arm-none-eabi/12.3.1/../../../../arm-none-eabi/lib/thumb/v7e-m+dp/hard\libc_nano.a(libc_a-exit.o)
                              D:/Documentos/Electronica/Nueva carpeta/STM32CubeIDE_1.15.0/STM32CubeIDE/plugins/com.st.stm32cube.ide.mcu.externaltools.gnu-tools-for-stm32.12.3.rel1.win32_1.0.100.202403111256/tools/bin/../lib/gcc/arm-none-eabi/12.3.1/../../../../arm-none-eabi/lib/thumb/v7e-m+dp/hard/crt0.o (exit)
D:/Documentos/Electronica/Nueva carpeta/STM32CubeIDE_1.15.0/STM32CubeIDE/plugins/com.st.stm32cube.ide.mcu.externaltools.gnu-tools-for-stm32.12.3.rel1.win32_1.0.100.202403111256/tools/bin/../lib/gcc/arm-none-eabi/12.3.1/../../../../arm-none-eabi/lib/thumb/v7e-m+dp/hard\libc_nano.a(libc_a-findfp.o)
                              D:/Documentos/Electronica/Nueva carpeta/STM32CubeIDE_1.15.0/STM32CubeIDE/plugins/com.st.stm32cube.ide.mcu.externaltools.gnu-tools-for-stm32.12.3.rel1.win32_1.0.100.202403111256/tools/bin/../lib/gcc/arm-none-eabi/12.3.1/../../../../arm-none-eabi/lib/thumb/v7e-m+dp/hard\libc_nano.a(libc_a-exit.o) (__stdio_exit_handler)
D:/Documentos/Electronica/Nueva carpeta/STM32CubeIDE_1.15.0/STM32CubeIDE/plugins/com.st.stm32cube.ide.mcu.externaltools.gnu-tools-for-stm32.12.3.rel1.win32_1.0.100.202403111256/tools/bin/../lib/gcc/arm-none-eabi/12.3.1/../../../../arm-none-eabi/lib/thumb/v7e-m+dp/hard\libc_nano.a(libc_a-fwalk.o)
                              D:/Documentos/Electronica/Nueva carpeta/STM32CubeIDE_1.15.0/STM32CubeIDE/plugins/com.st.stm32cube.ide.mcu.externaltools.gnu-tools-for-stm32.12.3.rel1.win32_1.0.100.202403111256/tools/bin/../lib/gcc/arm-none-eabi/12.3.1/../../../../arm-none-eabi/lib/thumb/v7e-m+dp/hard\libc_nano.a(libc_a-findfp.o) (_fwalk_sglue)
D:/Documentos/Electronica/Nueva carpeta/STM32CubeIDE_1.15.0/STM32CubeIDE/plugins/com.st.stm32cube.ide.mcu.externaltools.gnu-tools-for-stm32.12.3.rel1.win32_1.0.100.202403111256/tools/bin/../lib/gcc/arm-none-eabi/12.3.1/../../../../arm-none-eabi/lib/thumb/v7e-m+dp/hard\libc_nano.a(libc_a-sprintf.o)
                              ./Core/Src/main.o (sprintf)
D:/Documentos/Electronica/Nueva carpeta/STM32CubeIDE_1.15.0/STM32CubeIDE/plugins/com.st.stm32cube.ide.mcu.externaltools.gnu-tools-for-stm32.12.3.rel1.win32_1.0.100.202403111256/tools/bin/../lib/gcc/arm-none-eabi/12.3.1/../../../../arm-none-eabi/lib/thumb/v7e-m+dp/hard\libc_nano.a(libc_a-stdio.o)
                              D:/Documentos/Electronica/Nueva carpeta/STM32CubeIDE_1.15.0/STM32CubeIDE/plugins/com.st.stm32cube.ide.mcu.externaltools.gnu-tools-for-stm32.12.3.rel1.win32_1.0.100.202403111256/tools/bin/../lib/gcc/arm-none-eabi/12.3.1/../../../../arm-none-eabi/lib/thumb/v7e-m+dp/hard\libc_nano.a(libc_a-findfp.o) (__sread)
D:/Documentos/Electronica/Nueva carpeta/STM32CubeIDE_1.15.0/STM32CubeIDE/plugins/com.st.stm32cube.ide.mcu.externaltools.gnu-tools-for-stm32.12.3.rel1.win32_1.0.100.202403111256/tools/bin/../lib/gcc/arm-none-eabi/12.3.1/../../../../arm-none-eabi/lib/thumb/v7e-m+dp/hard\libc_nano.a(libc_a-memset.o)
                              D:/Documentos/Electronica/Nueva carpeta/STM32CubeIDE_1.15.0/STM32CubeIDE/plugins/com.st.stm32cube.ide.mcu.externaltools.gnu-tools-for-stm32.12.3.rel1.win32_1.0.100.202403111256/tools/bin/../lib/gcc/arm-none-eabi/12.3.1/../../../../arm-none-eabi/lib/thumb/v7e-m+dp/hard/crt0.o (memset)
D:/Documentos/Electronica/Nueva carpeta/STM32CubeIDE_1.15.0/STM32CubeIDE/plugins/com.st.stm32cube.ide.mcu.externaltools.gnu-tools-for-stm32.12.3.rel1.win32_1.0.100.202403111256/tools/bin/../lib/gcc/arm-none-eabi/12.3.1/../../../../arm-none-eabi/lib/thumb/v7e-m+dp/hard\libc_nano.a(libc_a-closer.o)
                              D:/Documentos/Electronica/Nueva carpeta/STM32CubeIDE_1.15.0/STM32CubeIDE/plugins/com.st.stm32cube.ide.mcu.externaltools.gnu-tools-for-stm32.12.3.rel1.win32_1.0.100.202403111256/tools/bin/../lib/gcc/arm-none-eabi/12.3.1/../../../../arm-none-eabi/lib/thumb/v7e-m+dp/hard\libc_nano.a(libc_a-stdio.o) (_close_r)
D:/Documentos/Electronica/Nueva carpeta/STM32CubeIDE_1.15.0/STM32CubeIDE/plugins/com.st.stm32cube.ide.mcu.externaltools.gnu-tools-for-stm32.12.3.rel1.win32_1.0.100.202403111256/tools/bin/../lib/gcc/arm-none-eabi/12.3.1/../../../../arm-none-eabi/lib/thumb/v7e-m+dp/hard\libc_nano.a(libc_a-reent.o)
                              D:/Documentos/Electronica/Nueva carpeta/STM32CubeIDE_1.15.0/STM32CubeIDE/plugins/com.st.stm32cube.ide.mcu.externaltools.gnu-tools-for-stm32.12.3.rel1.win32_1.0.100.202403111256/tools/bin/../lib/gcc/arm-none-eabi/12.3.1/../../../../arm-none-eabi/lib/thumb/v7e-m+dp/hard\libc_nano.a(libc_a-closer.o) (errno)
[...]
Memory Configuration

Name             Origin             Length             Attributes
RAM_D1           0x24000000         0x00080000         xrw
FLASH            0x08000000         0x00100000         xr
DTCMRAM          0x20000000         0x00020000         xrw
RAM_D2           0x30000000         0x00048000         xrw
RAM_D3           0x38000000         0x00010000         xrw
ITCMRAM          0x00000000         0x00010000         xrw
*default*        0x00000000         0xffffffff

Linker script and memory map

LOAD D:/Documentos/Electronica/Nueva carpeta/STM32CubeIDE_1.15.0/STM32CubeIDE/plugins/com.st.stm32cube.ide.mcu.externaltools.gnu-tools-for-stm32.12.3.rel1.win32_1.0.100.202403111256/tools/bin/../lib/gcc/arm-none-eabi/12.3.1/thumb/v7e-m+dp/hard/crti.o
LOAD D:/Documentos/Electronica/Nueva carpeta/STM32CubeIDE_1.15.0/STM32CubeIDE/plugins/com.st.stm32cube.ide.mcu.externaltools.gnu-tools-for-stm32.12.3.rel1.win32_1.0.100.202403111256/tools/bin/../lib/gcc/arm-none-eabi/12.3.1/thumb/v7e-m+dp/hard/crtbegin.o
LOAD D:/Documentos/Electronica/Nueva carpeta/STM32CubeIDE_1.15.0/STM32CubeIDE/plugins/com.st.stm32cube.ide.mcu.externaltools.gnu-tools-for-stm32.12.3.rel1.win32_1.0.100.202403111256/tools/bin/../lib/gcc/arm-none-eabi/12.3.1/../../../../arm-none-eabi/lib/thumb/v7e-m+dp/hard/crt0.o
LOAD ./Common/Src/system_stm32h7xx_dualcore_boot_cm4_cm7.o
LOAD ./Core/Src/main.o
LOAD ./Core/Src/stm32h7xx_hal_msp.o
LOAD ./Core/Src/stm32h7xx_it.o
LOAD ./Core/Src/syscalls.o
LOAD ./Core/Src/sysmem.o
LOAD ./Core/Startup/startup_stm32h755zitx.o
LOAD ./Drivers/BSP/STM32H7xx_Nucleo/stm32h7xx_nucleo.o
LOAD ./Drivers/STM32H7xx_HAL_Driver/stm32h7xx_hal.o
LOAD ./Drivers/STM32H7xx_HAL_Driver/stm32h7xx_hal_cortex.o
LOAD ./Drivers/STM32H7xx_HAL_Driver/stm32h7xx_hal_dma.o
LOAD ./Drivers/STM32H7xx_HAL_Driver/stm32h7xx_hal_dma_ex.o
LOAD ./Drivers/STM32H7xx_HAL_Driver/stm32h7xx_hal_exti.o
LOAD ./Drivers/STM32H7xx_HAL_Driver/stm32h7xx_hal_flash.o
LOAD ./Drivers/STM32H7xx_HAL_Driver/stm32h7xx_hal_flash_ex.o
LOAD ./Drivers/STM32H7xx_HAL_Driver/stm32h7xx_hal_gpio.o
LOAD ./Drivers/STM32H7xx_HAL_Driver/stm32h7xx_hal_hsem.o
LOAD ./Drivers/STM32H7xx_HAL_Driver/stm32h7xx_hal_i2c.o
LOAD ./Drivers/STM32H7xx_HAL_Driver/stm32h7xx_hal_i2c_ex.o
LOAD ./Drivers/STM32H7xx_HAL_Driver/stm32h7xx_hal_mdma.o
LOAD ./Drivers/STM32H7xx_HAL_Driver/stm32h7xx_hal_pwr.o
LOAD ./Drivers/STM32H7xx_HAL_Driver/stm32h7xx_hal_pwr_ex.o
LOAD ./Drivers/STM32H7xx_HAL_Driver/stm32h7xx_hal_rcc.o
LOAD ./Drivers/STM32H7xx_HAL_Driver/stm32h7xx_hal_rcc_ex.o
LOAD ./Drivers/STM32H7xx_HAL_Driver/stm32h7xx_hal_spi.o
LOAD ./Drivers/STM32H7xx_HAL_Driver/stm32h7xx_hal_spi_ex.o
LOAD ./Drivers/STM32H7xx_HAL_Driver/stm32h7xx_hal_tim.o
LOAD ./Drivers/STM32H7xx_HAL_Driver/stm32h7xx_hal_tim_ex.o
LOAD ./Drivers/STM32H7xx_HAL_Driver/stm32h7xx_hal_uart.o
LOAD ./Drivers/STM32H7xx_HAL_Driver/stm32h7xx_hal_uart_ex.o
LOAD ./Drivers/STM32H7xx_HAL_Driver/stm32h7xx_hal_usart.o
LOAD ./Drivers/STM32H7xx_HAL_Driver/stm32h7xx_hal_usart_ex.o
LOAD ./FATFS/App/fatfs.o
LOAD ./FATFS/Target/user_diskio.o
LOAD ./FATFS/Target/user_diskio_spi.o
LOAD ./Middlewares/Third_Party/FatFs/diskio.o
LOAD ./Middlewares/Third_Party/FatFs/ff.o
LOAD ./Middlewares/Third_Party/FatFs/ff_gen_drv.o
LOAD ./Middlewares/Third_Party/FatFs/syscall.o
START GROUP
LOAD D:/Documentos/Electronica/Nueva carpeta/STM32CubeIDE_1.15.0/STM32CubeIDE/plugins/com.st.stm32cube.ide.mcu.externaltools.gnu-tools-for-stm32.12.3.rel1.win32_1.0.100.202403111256/tools/bin/../lib/gcc/arm-none-eabi/12.3.1/../../../../arm-none-eabi/lib/thumb/v7e-m+dp/hard\libc_nano.a
LOAD D:/Documentos/Electronica/Nueva carpeta/STM32CubeIDE_1.15.0/STM32CubeIDE/plugins/com.st.stm32cube.ide.mcu.externaltools.gnu-tools-for-stm32.12.3.rel1.win32_1.0.100.202403111256/tools/bin/../lib/gcc/arm-none-eabi/12.3.1/../../../../arm-none-eabi/lib/thumb/v7e-m+dp/hard\libm.a
END GROUP
START GROUP
LOAD D:/Documentos/Electronica/Nueva carpeta/STM32CubeIDE_1.15.0/STM32CubeIDE/plugins/com.st.stm32cube.ide.mcu.externaltools.gnu-tools-for-stm32.12.3.rel1.win32_1.0.100.202403111256/tools/bin/../lib/gcc/arm-none-eabi/12.3.1/thumb/v7e-m+dp/hard\libgcc.a
LOAD D:/Documentos/Electronica/Nueva carpeta/STM32CubeIDE_1.15.0/STM32CubeIDE/plugins/com.st.stm32cube.ide.mcu.externaltools.gnu-tools-for-stm32.12.3.rel1.win32_1.0.100.202403111256/tools/bin/../lib/gcc/arm-none-eabi/12.3.1/../../../../arm-none-eabi/lib/thumb/v7e-m+dp/hard\libc_nano.a
END GROUP
START GROUP
LOAD D:/Documentos/Electronica/Nueva carpeta/STM32CubeIDE_1.15.0/STM32CubeIDE/plugins/com.st.stm32cube.ide.mcu.externaltools.gnu-tools-for-stm32.12.3.rel1.win32_1.0.100.202403111256/tools/bin/../lib/gcc/arm-none-eabi/12.3.1/thumb/v7e-m+dp/hard\libgcc.a
LOAD D:/Documentos/Electronica/Nueva carpeta/STM32CubeIDE_1.15.0/STM32CubeIDE/plugins/com.st.stm32cube.ide.mcu.externaltools.gnu-tools-for-stm32.12.3.rel1.win32_1.0.100.202403111256/tools/bin/../lib/gcc/arm-none-eabi/12.3.1/../../../../arm-none-eabi/lib/thumb/v7e-m+dp/hard\libc_nano.a
LOAD D:/Documentos/Electronica/Nueva carpeta/STM32CubeIDE_1.15.0/STM32CubeIDE/plugins/com.st.stm32cube.ide.mcu.externaltools.gnu-tools-for-stm32.12.3.rel1.win32_1.0.100.202403111256/tools/bin/../lib/gcc/arm-none-eabi/12.3.1/../../../../arm-none-eabi/lib/thumb/v7e-m+dp/hard\libnosys.a
END GROUP
START GROUP
LOAD D:/Documentos/Electronica/Nueva carpeta/STM32CubeIDE_1.15.0/STM32CubeIDE/plugins/com.st.stm32cube.ide.mcu.externaltools.gnu-tools-for-stm32.12.3.rel1.win32_1.0.100.202403111256/tools/bin/../lib/gcc/arm-none-eabi/12.3.1/thumb/v7e-m+dp/hard\libgcc.a
LOAD D:/Documentos/Electronica/Nueva carpeta/STM32CubeIDE_1.15.0/STM32CubeIDE/plugins/com.st.stm32cube.ide.mcu.externaltools.gnu-tools-for-stm32.12.3.rel1.win32_1.0.100.202403111256/tools/bin/../lib/gcc/arm-none-eabi/12.3.1/../../../../arm-none-eabi/lib/thumb/v7e-m+dp/hard\libc_nano.a
LOAD D:/Documentos/Electronica/Nueva carpeta/STM32CubeIDE_1.15.0/STM32CubeIDE/plugins/com.st.stm32cube.ide.mcu.externaltools.gnu-tools-for-stm32.12.3.rel1.win32_1.0.100.202403111256/tools/bin/../lib/gcc/arm-none-eabi/12.3.1/../../../../arm-none-eabi/lib/thumb/v7e-m+dp/hard\libnosys.a
END GROUP
LOAD D:/Documentos/Electronica/Nueva carpeta/STM32CubeIDE_1.15.0/STM32CubeIDE/plugins/com.st.stm32cube.ide.mcu.externaltools.gnu-tools-for-stm32.12.3.rel1.win32_1.0.100.202403111256/tools/bin/../lib/gcc/arm-none-eabi/12.3.1/thumb/v7e-m+dp/hard/crtend.o
LOAD D:/Documentos/Electronica/Nueva carpeta/STM32CubeIDE_1.15.0/STM32CubeIDE/plugins/com.st.stm32cube.ide.mcu.externaltools.gnu-tools-for-stm32.12.3.rel1.win32_1.0.100.202403111256/tools/bin/../lib/gcc/arm-none-eabi/12.3.1/thumb/v7e-m+dp/hard/crtn.o
                0x24080000                        _estack = (ORIGIN (RAM_D1) + LENGTH (RAM_D1))
                0x00002000                        _Min_Heap_Size = 0x2000
                0x00002000                        _Min_Stack_Size = 0x2000

.isr_vector     0x08000000      0x298
                0x08000000                        . = ALIGN (0x4)
 *(.isr_vector)
 .isr_vector    0x08000000      0x298 ./Core/Startup/startup_stm32h755zitx.o
                0x08000000                g_pfnVectors
                0x08000298                        . = ALIGN (0x4)

.text           0x080002a0     0xa718
                0x080002a0                        . = ALIGN (0x4)
 *(.text)
 .text          0x080002a0       0x40 D:/Documentos/Electronica/Nueva carpeta/STM32CubeIDE_1.15.0/STM32CubeIDE/plugins/com.st.stm32cube.ide.mcu.externaltools.gnu-tools-for-stm32.12.3.rel1.win32_1.0.100.202403111256/tools/bin/../lib/gcc/arm-none-eabi/12.3.1/thumb/v7e-m+dp/hard/crtbegin.o
 .text          0x080002e0       0x10 D:/Documentos/Electronica/Nueva carpeta/STM32CubeIDE_1.15.0/STM32CubeIDE/plugins/com.st.stm32cube.ide.mcu.externaltools.gnu-tools-for-stm32.12.3.rel1.win32_1.0.100.202403111256/tools/bin/../lib/gcc/arm-none-eabi/12.3.1/../../../../arm-none-eabi/lib/thumb/v7e-m+dp/hard\libc_nano.a(libc_a-strlen.o)
                0x080002e0                strlen
 .text          0x080002f0       0xa0 D:/Documentos/Electronica/Nueva carpeta/STM32CubeIDE_1.15.0/STM32CubeIDE/plugins/com.st.stm32cube.ide.mcu.externaltools.gnu-tools-for-stm32.12.3.rel1.win32_1.0.100.202403111256/tools/bin/../lib/gcc/arm-none-eabi/12.3.1/../../../../arm-none-eabi/lib/thumb/v7e-m+dp/hard\libc_nano.a(libc_a-memchr.o)
                0x080002f0                memchr
 .text          0x08000390       0x30 D:/Documentos/Electronica/Nueva carpeta/STM32CubeIDE_1.15.0/STM32CubeIDE/plugins/com.st.stm32cube.ide.mcu.externaltools.gnu-tools-for-stm32.12.3.rel1.win32_1.0.100.202403111256/tools/bin/../lib/gcc/arm-none-eabi/12.3.1/thumb/v7e-m+dp/hard\libgcc.a(_aeabi_uldivmod.o)
                0x08000390                __aeabi_uldivmod
 .text          0x080003c0      0x2bc D:/Documentos/Electronica/Nueva carpeta/STM32CubeIDE_1.15.0/STM32CubeIDE/plugins/com.st.stm32cube.ide.mcu.externaltools.gnu-tools-for-stm32.12.3.rel1.win32_1.0.100.202403111256/tools/bin/../lib/gcc/arm-none-eabi/12.3.1/thumb/v7e-m+dp/hard\libgcc.a(_udivmoddi4.o)
                0x080003c0                __udivmoddi4
 .text          0x0800067c        0x4 D:/Documentos/Electronica/Nueva carpeta/STM32CubeIDE_1.15.0/STM32CubeIDE/plugins/com.st.stm32cube.ide.mcu.externaltools.gnu-tools-for-stm32.12.3.rel1.win32_1.0.100.202403111256/tools/bin/../lib/gcc/arm-none-eabi/12.3.1/thumb/v7e-m+dp/hard\libgcc.a(_dvmd_tls.o)
                0x0800067c                __aeabi_idiv0
                0x0800067c                __aeabi_ldiv0
 *(.text*)
 .text.SystemInit
                0x08000680      0x12c ./Common/Src/system_stm32h7xx_dualcore_boot_cm4_cm7.o
                0x08000680                SystemInit
 .text.lcd_send_cmd
                0x080007ac       0x60 ./Core/Src/main.o
                0x080007ac                lcd_send_cmd
 .text.lcd_send_data
                0x0800080c       0x60 ./Core/Src/main.o
                0x0800080c                lcd_send_data
 .text.LCD_CLEAR
                0x0800086c       0x14 ./Core/Src/main.o
                0x0800086c                LCD_CLEAR
 .text.LCD_init
                0x08000880       0x74 ./Core/Src/main.o
                0x08000880                LCD_init
 .text.LCD_CADENA
                0x080008f4       0x2a ./Core/Src/main.o
                0x080008f4                LCD_CADENA
 .text.LCD_CURSOR
                0x0800091e       0x3e ./Core/Src/main.o
                0x0800091e                LCD_CURSOR
 .text.SD_Debug_Test
                0x0800095c      0x20c ./Core/Src/main.o
                0x0800095c                SD_Debug_Test
 .text.main     0x08000b68      0x130 ./Core/Src/main.o
                0x08000b68                main
 .text.SystemClock_Config
                0x08000c98       0xfc ./Core/Src/main.o
                0x08000c98                SystemClock_Config
 .text.MX_I2C1_Init
                0x08000d94       0x80 ./Core/Src/main.o
 .text.MX_SPI1_Init
                0x08000e14       0xac ./Core/Src/main.o
 .text.MX_GPIO_Init
                0x08000ec0      0x1d0 ./Core/Src/main.o
 .text.Error_Handler
                0x08001090        0xc ./Core/Src/main.o
                0x08001090                Error_Handler
 .text.HAL_MspInit
                0x0800109c       0x34 ./Core/Src/stm32h7xx_hal_msp.o
                0x0800109c                HAL_MspInit
 .text.HAL_I2C_MspInit
                0x080010d0       0xd4 ./Core/Src/stm32h7xx_hal_msp.o
                0x080010d0                HAL_I2C_MspInit
 .text.HAL_SPI_MspInit
                0x080011a4       0xd0 ./Core/Src/stm32h7xx_hal_msp.o
                0x080011a4                HAL_SPI_MspInit
 .text.NMI_Handler
                0x08001274        0x8 ./Core/Src/stm32h7xx_it.o
                0x08001274                NMI_Handler
 .text.HardFault_Handler
                0x0800127c        0x8 ./Core/Src/stm32h7xx_it.o
                0x0800127c                HardFault_Handler
 .text.MemManage_Handler
                0x08001284        0x8 ./Core/Src/stm32h7xx_it.o
                0x08001284                MemManage_Handler
 .text.BusFault_Handler
                0x0800128c        0x8 ./Core/Src/stm32h7xx_it.o
                0x0800128c                BusFault_Handler
 .text.UsageFault_Handler
                0x08001294        0x8 ./Core/Src/stm32h7xx_it.o
                0x08001294                UsageFault_Handler
 .text.SVC_Handler
                0x0800129c        0xe ./Core/Src/stm32h7xx_it.o
                0x0800129c                SVC_Handler
 .text.DebugMon_Handler
                0x080012aa        0xe ./Core/Src/stm32h7xx_it.o
                0x080012aa                DebugMon_Handler
 .text.PendSV_Handler
                0x080012b8        0xe ./Core/Src/stm32h7xx_it.o
                0x080012b8                PendSV_Handler
 .text.SysTick_Handler
                0x080012c6        0xc ./Core/Src/stm32h7xx_it.o
                0x080012c6                SysTick_Handler
 .text.EXTI15_10_IRQHandler
                0x080012d2        0xe ./Core/Src/stm32h7xx_it.o
                0x080012d2                EXTI15_10_IRQHandler
 .text._sbrk    0x080012e0       0x6c ./Core/Src/sysmem.o
                0x080012e0                _sbrk
 .text.Reset_Handler
                0x0800134c       0x50 ./Core/Startup/startup_stm32h755zitx.o
                0x0800134c                Reset_Handler
 .text.Default_Handler
                0x0800139c        0x2 ./Core/Startup/startup_stm32h755zitx.o
                0x0800139c                RTC_Alarm_IRQHandler
                0x0800139c                HASH_RNG_IRQHandler
                0x0800139c                EXTI2_IRQHandler
                0x0800139c                TIM8_CC_IRQHandler
                0x0800139c                HRTIM1_Master_IRQHandler
                0x0800139c                UART8_IRQHandler
                0x0800139c                SPI4_IRQHandler
                0x0800139c                TIM1_CC_IRQHandler
                0x0800139c                BDMA_Channel6_IRQHandler
                0x0800139c                DMA2_Stream5_IRQHandler
                0x0800139c                HRTIM1_FLT_IRQHandler
                0x0800139c                JPEG_IRQHandler
                0x0800139c                DMA1_Stream5_IRQHandler
                0x0800139c                BDMA_Channel1_IRQHandler
                0x0800139c                HRTIM1_TIMD_IRQHandler
                0x0800139c                TAMP_STAMP_IRQHandler
                0x0800139c                EXTI3_IRQHandler
                0x0800139c                LPTIM4_IRQHandler
                0x0800139c                TIM8_TRG_COM_TIM14_IRQHandler
                0x0800139c                LPTIM2_IRQHandler
                0x0800139c                DFSDM1_FLT1_IRQHandler
                0x0800139c                DMAMUX2_OVR_IRQHandler
                0x0800139c                TIM8_UP_TIM13_IRQHandler
                0x0800139c                I2C3_ER_IRQHandler
                0x0800139c                DFSDM1_FLT2_IRQHandler
                0x0800139c                MDMA_IRQHandler
                0x0800139c                LPTIM3_IRQHandler
                0x0800139c                HSEM1_IRQHandler
                0x0800139c                EXTI0_IRQHandler
                0x0800139c                I2C2_EV_IRQHandler
                0x0800139c                DMA1_Stream2_IRQHandler
                0x0800139c                FPU_IRQHandler
                0x0800139c                OTG_HS_WKUP_IRQHandler
                0x0800139c                FDCAN1_IT1_IRQHandler
                0x0800139c                LTDC_ER_IRQHandler
                0x0800139c                DMA2_Stream2_IRQHandler
                0x0800139c                HRTIM1_TIME_IRQHandler
                0x0800139c                SPI1_IRQHandler
                0x0800139c                TIM6_DAC_IRQHandler
                0x0800139c                DCMI_IRQHandler
                0x0800139c                HRTIM1_TIMC_IRQHandler
                0x0800139c                DMA2_Stream3_IRQHandler
                0x0800139c                SAI2_IRQHandler
                0x0800139c                DFSDM1_FLT3_IRQHandler
                0x0800139c                USART6_IRQHandler
                0x0800139c                TIM17_IRQHandler
                0x0800139c                USART3_IRQHandler
                0x0800139c                BDMA_Channel7_IRQHandler
                0x0800139c                CRYP_IRQHandler
                0x0800139c                LPTIM5_IRQHandler
                0x0800139c                UART5_IRQHandler
                0x0800139c                ADC3_IRQHandler
                0x0800139c                DMA2_Stream0_IRQHandler
                0x0800139c                TIM4_IRQHandler
                0x0800139c                BDMA_Channel2_IRQHandler
                0x0800139c                QUADSPI_IRQHandler
                0x0800139c                I2C1_EV_IRQHandler
                0x0800139c                DMA1_Stream6_IRQHandler
                0x0800139c                DMAMUX1_OVR_IRQHandler
                0x0800139c                DMA1_Stream1_IRQHandler
                0x0800139c                TIM16_IRQHandler
                0x0800139c                UART4_IRQHandler
                0x0800139c                BDMA_Channel5_IRQHandler
                0x0800139c                TIM3_IRQHandler
                0x0800139c                RCC_IRQHandler
                0x0800139c                TIM8_BRK_TIM12_IRQHandler
                0x0800139c                TIM1_TRG_COM_IRQHandler
                0x0800139c                Default_Handler
                0x0800139c                ECC_IRQHandler
                0x0800139c                CEC_IRQHandler
                0x0800139c                BDMA_Channel0_IRQHandler
                0x0800139c                ADC_IRQHandler
                0x0800139c                DMA1_Stream7_IRQHandler
                0x0800139c                HRTIM1_TIMA_IRQHandler
                0x0800139c                SPI5_IRQHandler
                0x0800139c                TIM7_IRQHandler
                0x0800139c                SDMMC1_IRQHandler
                0x0800139c                TIM5_IRQHandler
                0x0800139c                DMA2_Stream7_IRQHandler
                0x0800139c                TIM15_IRQHandler
                0x0800139c                PVD_AVD_IRQHandler
                0x0800139c                I2C3_EV_IRQHandler
                0x0800139c                EXTI9_5_IRQHandler
                0x0800139c                RTC_WKUP_IRQHandler
                0x0800139c                LTDC_IRQHandler
                0x0800139c                SAI3_IRQHandler
                0x0800139c                ETH_WKUP_IRQHandler
                0x0800139c                SPDIF_RX_IRQHandler
                0x0800139c                SPI2_IRQHandler
                0x0800139c                OTG_HS_EP1_IN_IRQHandler
                0x0800139c                DMA1_Stream0_IRQHandler
                0x0800139c                CRS_IRQHandler
                0x0800139c                CM7_SEV_IRQHandler
                0x0800139c                EXTI4_IRQHandler
                0x0800139c                CM4_SEV_IRQHandler
                0x0800139c                HRTIM1_TIMB_IRQHandler
                0x0800139c                FDCAN2_IT1_IRQHandler
                0x0800139c                ETH_IRQHandler
                0x0800139c                TIM1_UP_IRQHandler
                0x0800139c                WWDG_RST_IRQHandler
                0x0800139c                BDMA_Channel4_IRQHandler
                0x0800139c                OTG_HS_EP1_OUT_IRQHandler
                0x0800139c                WWDG_IRQHandler
                0x0800139c                SPI6_IRQHandler
                0x0800139c                MDIOS_IRQHandler
                0x0800139c                I2C4_EV_IRQHandler
                0x0800139c                FDCAN2_IT0_IRQHandler
                0x0800139c                LPUART1_IRQHandler
                0x0800139c                FDCAN1_IT0_IRQHandler
                0x0800139c                TIM2_IRQHandler
                0x0800139c                OTG_FS_WKUP_IRQHandler
                0x0800139c                OTG_HS_IRQHandler
                0x0800139c                HSEM2_IRQHandler
                0x0800139c                DMA2D_IRQHandler
                0x0800139c                TIM1_BRK_IRQHandler
                0x0800139c                EXTI1_IRQHandler
                0x0800139c                SDMMC2_IRQHandler
                0x0800139c                OTG_FS_EP1_OUT_IRQHandler
                0x0800139c                BDMA_Channel3_IRQHandler
                0x0800139c                HOLD_CORE_IRQHandler
                0x0800139c                UART7_IRQHandler
                0x0800139c                MDIOS_WKUP_IRQHandler
                0x0800139c                USART2_IRQHandler
                0x0800139c                DFSDM1_FLT0_IRQHandler
                0x0800139c                SAI4_IRQHandler
                0x0800139c                I2C2_ER_IRQHandler
                0x0800139c                DMA2_Stream1_IRQHandler
                0x0800139c                FLASH_IRQHandler
                0x0800139c                DMA2_Stream4_IRQHandler
                0x0800139c                USART1_IRQHandler
                0x0800139c                OTG_FS_IRQHandler
                0x0800139c                SPI3_IRQHandler
                0x0800139c                WAKEUP_PIN_IRQHandler
                0x0800139c                DMA1_Stream4_IRQHandler
                0x0800139c                OTG_FS_EP1_IN_IRQHandler
                0x0800139c                I2C1_ER_IRQHandler
                0x0800139c                FMC_IRQHandler
                0x0800139c                FDCAN_CAL_IRQHandler
                0x0800139c                SWPMI1_IRQHandler
                0x0800139c                COMP1_IRQHandler
                0x0800139c                LPTIM1_IRQHandler
                0x0800139c                I2C4_ER_IRQHandler
                0x0800139c                DMA2_Stream6_IRQHandler
                0x0800139c                SAI1_IRQHandler
                0x0800139c                DMA1_Stream3_IRQHandler
 *fill*         0x0800139e        0x2 
 .text.BSP_PB_Init
                0x080013a0       0xe4 ./Drivers/BSP/STM32H7xx_Nucleo/stm32h7xx_nucleo.o
                0x080013a0                BSP_PB_Init
 .text.BSP_PB_IRQHandler
                0x08001484       0x24 ./Drivers/BSP/STM32H7xx_Nucleo/stm32h7xx_nucleo.o
                0x08001484                BSP_PB_IRQHandler
 .text.BSP_PB_Callback
                0x080014a8       0x16 ./Drivers/BSP/STM32H7xx_Nucleo/stm32h7xx_nucleo.o
                0x080014a8                BSP_PB_Callback
 *fill*         0x080014be        0x2 
 .text.BSP_COM_Init
                0x080014c0       0x60 ./Drivers/BSP/STM32H7xx_Nucleo/stm32h7xx_nucleo.o
                0x080014c0                BSP_COM_Init
 .text.MX_USART3_Init
                0x08001520       0x64 ./Drivers/BSP/STM32H7xx_Nucleo/stm32h7xx_nucleo.o
                0x08001520                MX_USART3_Init
 .text.BUTTON_USER_EXTI_Callback
                0x08001584        0xe ./Drivers/BSP/STM32H7xx_Nucleo/stm32h7xx_nucleo.o
 *fill*         0x08001592        0x2 
 .text.COM1_MspInit
                0x08001594       0xb0 ./Drivers/BSP/STM32H7xx_Nucleo/stm32h7xx_nucleo.o
 .text.HAL_Init
                0x08001644       0x78 ./Drivers/STM32H7xx_HAL_Driver/stm32h7xx_hal.o
                0x08001644                HAL_Init
 .text.HAL_InitTick
                0x080016bc       0x6c ./Drivers/STM32H7xx_HAL_Driver/stm32h7xx_hal.o
                0x080016bc                HAL_InitTick
 .text.HAL_IncTick
                0x08001728       0x28 ./Drivers/STM32H7xx_HAL_Driver/stm32h7xx_hal.o
                0x08001728                HAL_IncTick
 .text.HAL_GetTick
                0x08001750       0x18 ./Drivers/STM32H7xx_HAL_Driver/stm32h7xx_hal.o
                0x08001750                HAL_GetTick
 .text.HAL_Delay
                0x08001768       0x48 ./Drivers/STM32H7xx_HAL_Driver/stm32h7xx_hal.o
                0x08001768                HAL_Delay
 .text.HAL_GetREVID
                0x080017b0       0x18 ./Drivers/STM32H7xx_HAL_Driver/stm32h7xx_hal.o
                0x080017b0                HAL_GetREVID
 .text.__NVIC_SetPriorityGrouping
                0x080017c8       0x48 ./Drivers/STM32H7xx_HAL_Driver/stm32h7xx_hal_cortex.o
 .text.__NVIC_GetPriorityGrouping
                0x08001810       0x1c ./Drivers/STM32H7xx_HAL_Driver/stm32h7xx_hal_cortex.o
 .text.__NVIC_EnableIRQ
                0x0800182c       0x3c ./Drivers/STM32H7xx_HAL_Driver/stm32h7xx_hal_cortex.o
 .text.__NVIC_SetPriority
                0x08001868       0x54 ./Drivers/STM32H7xx_HAL_Driver/stm32h7xx_hal_cortex.o
 .text.NVIC_EncodePriority
                0x080018bc       0x66 ./Drivers/STM32H7xx_HAL_Driver/stm32h7xx_hal_cortex.o
 *fill*         0x08001922        0x2 
 .text.SysTick_Config
                0x08001924       0x44 ./Drivers/STM32H7xx_HAL_Driver/stm32h7xx_hal_cortex.o
 .text.HAL_NVIC_SetPriorityGrouping
                0x08001968       0x16 ./Drivers/STM32H7xx_HAL_Driver/stm32h7xx_hal_cortex.o
                0x08001968                HAL_NVIC_SetPriorityGrouping
 .text.HAL_NVIC_SetPriority
                0x0800197e       0x34 ./Drivers/STM32H7xx_HAL_Driver/stm32h7xx_hal_cortex.o
                0x0800197e                HAL_NVIC_SetPriority
 .text.HAL_NVIC_EnableIRQ
                0x080019b2       0x1c ./Drivers/STM32H7xx_HAL_Driver/stm32h7xx_hal_cortex.o
                0x080019b2                HAL_NVIC_EnableIRQ
 .text.HAL_SYSTICK_Config
                0x080019ce       0x18 ./Drivers/STM32H7xx_HAL_Driver/stm32h7xx_hal_cortex.o
                0x080019ce                HAL_SYSTICK_Config
 *fill*         0x080019e6        0x2 
 .text.HAL_GetCurrentCPUID
                0x080019e8       0x28 ./Drivers/STM32H7xx_HAL_Driver/stm32h7xx_hal_cortex.o
                0x080019e8                HAL_GetCurrentCPUID
 .text.HAL_EXTI_RegisterCallback
                0x08001a10       0x3e ./Drivers/STM32H7xx_HAL_Driver/stm32h7xx_hal_exti.o
                0x08001a10                HAL_EXTI_RegisterCallback
 .text.HAL_EXTI_GetHandle
                0x08001a4e       0x28 ./Drivers/STM32H7xx_HAL_Driver/stm32h7xx_hal_exti.o
                0x08001a4e                HAL_EXTI_GetHandle
 *fill*         0x08001a76        0x2 
 .text.HAL_EXTI_IRQHandler
                0x08001a78       0x78 ./Drivers/STM32H7xx_HAL_Driver/stm32h7xx_hal_exti.o
                0x08001a78                HAL_EXTI_IRQHandler
 .text.HAL_GPIO_Init
                0x08001af0      0x360 ./Drivers/STM32H7xx_HAL_Driver/stm32h7xx_hal_gpio.o
                0x08001af0                HAL_GPIO_Init
 .text.HAL_GPIO_WritePin
                0x08001e50       0x32 ./Drivers/STM32H7xx_HAL_Driver/stm32h7xx_hal_gpio.o
                0x08001e50                HAL_GPIO_WritePin
 .text.HAL_GPIO_TogglePin
                0x08001e82       0x34 ./Drivers/STM32H7xx_HAL_Driver/stm32h7xx_hal_gpio.o
                0x08001e82                HAL_GPIO_TogglePin
 *fill*         0x08001eb6        0x2 
 .text.HAL_HSEM_FastTake
                0x08001eb8       0x34 ./Drivers/STM32H7xx_HAL_Driver/stm32h7xx_hal_hsem.o
                0x08001eb8                HAL_HSEM_FastTake
 .text.HAL_HSEM_Release
                0x08001eec       0x28 ./Drivers/STM32H7xx_HAL_Driver/stm32h7xx_hal_hsem.o
                0x08001eec                HAL_HSEM_Release
 .text.HAL_I2C_Init
                0x08001f14      0x138 ./Drivers/STM32H7xx_HAL_Driver/stm32h7xx_hal_i2c.o
                0x08001f14                HAL_I2C_Init
 .text.HAL_I2C_Master_Transmit
                0x0800204c      0x230 ./Drivers/STM32H7xx_HAL_Driver/stm32h7xx_hal_i2c.o
                0x0800204c                HAL_I2C_Master_Transmit
 .text.I2C_Flush_TXDR
                0x0800227c       0x48 ./Drivers/STM32H7xx_HAL_Driver/stm32h7xx_hal_i2c.o
 .text.I2C_WaitOnFlagUntilTimeout
                0x080022c4       0xb2 ./Drivers/STM32H7xx_HAL_Driver/stm32h7xx_hal_i2c.o
 .text.I2C_WaitOnTXISFlagUntilTimeout
                0x08002376       0x8e ./Drivers/STM32H7xx_HAL_Driver/stm32h7xx_hal_i2c.o
 .text.I2C_WaitOnSTOPFlagUntilTimeout
                0x08002404       0x86 ./Drivers/STM32H7xx_HAL_Driver/stm32h7xx_hal_i2c.o
 *fill*         0x0800248a        0x2 
 .text.I2C_IsErrorOccurred
                0x0800248c      0x1c0 ./Drivers/STM32H7xx_HAL_Driver/stm32h7xx_hal_i2c.o
 .text.I2C_TransferConfig
                0x0800264c       0x64 ./Drivers/STM32H7xx_HAL_Driver/stm32h7xx_hal_i2c.o
 .text.HAL_I2CEx_ConfigAnalogFilter
                0x080026b0       0x96 ./Drivers/STM32H7xx_HAL_Driver/stm32h7xx_hal_i2c_ex.o
                0x080026b0                HAL_I2CEx_ConfigAnalogFilter
 .text.HAL_I2CEx_ConfigDigitalFilter
                0x08002746       0x98 ./Drivers/STM32H7xx_HAL_Driver/stm32h7xx_hal_i2c_ex.o
                0x08002746                HAL_I2CEx_ConfigDigitalFilter
 *fill*         0x080027de        0x2 
 .text.HAL_PWREx_ConfigSupply
                0x080027e0       0xb4 ./Drivers/STM32H7xx_HAL_Driver/stm32h7xx_hal_pwr_ex.o
                0x080027e0                HAL_PWREx_ConfigSupply
 .text.HAL_RCC_OscConfig
                0x08002894      0x8b4 ./Drivers/STM32H7xx_HAL_Driver/stm32h7xx_hal_rcc.o
                0x08002894                HAL_RCC_OscConfig
 .text.HAL_RCC_ClockConfig
                0x08003148      0x36c ./Drivers/STM32H7xx_HAL_Driver/stm32h7xx_hal_rcc.o
                0x08003148                HAL_RCC_ClockConfig
 .text.HAL_RCC_GetSysClockFreq
                0x080034b4      0x2f4 ./Drivers/STM32H7xx_HAL_Driver/stm32h7xx_hal_rcc.o
                0x080034b4                HAL_RCC_GetSysClockFreq
 .text.HAL_RCC_GetHCLKFreq
                0x080037a8       0x60 ./Drivers/STM32H7xx_HAL_Driver/stm32h7xx_hal_rcc.o
                0x080037a8                HAL_RCC_GetHCLKFreq
 .text.HAL_RCC_GetPCLK1Freq
                0x08003808       0x2c ./Drivers/STM32H7xx_HAL_Driver/stm32h7xx_hal_rcc.o
                0x08003808                HAL_RCC_GetPCLK1Freq
 .text.HAL_RCC_GetPCLK2Freq
                0x08003834       0x2c ./Drivers/STM32H7xx_HAL_Driver/stm32h7xx_hal_rcc.o
                0x08003834                HAL_RCC_GetPCLK2Freq
 .text.HAL_RCCEx_PeriphCLKConfig
                0x08003860     0x1414 ./Drivers/STM32H7xx_HAL_Driver/stm32h7xx_hal_rcc_ex.o
                0x08003860                HAL_RCCEx_PeriphCLKConfig
 .text.HAL_RCCEx_GetD3PCLK1Freq
                0x08004c74       0x2c ./Drivers/STM32H7xx_HAL_Driver/stm32h7xx_hal_rcc_ex.o
                0x08004c74                HAL_RCCEx_GetD3PCLK1Freq
 .text.HAL_RCCEx_GetPLL2ClockFreq
                0x08004ca0      0x2a8 ./Drivers/STM32H7xx_HAL_Driver/stm32h7xx_hal_rcc_ex.o
                0x08004ca0                HAL_RCCEx_GetPLL2ClockFreq
 .text.HAL_RCCEx_GetPLL3ClockFreq
                0x08004f48      0x2a8 ./Drivers/STM32H7xx_HAL_Driver/stm32h7xx_hal_rcc_ex.o
                0x08004f48                HAL_RCCEx_GetPLL3ClockFreq
 .text.RCCEx_PLL2_Config
                0x080051f0      0x164 ./Drivers/STM32H7xx_HAL_Driver/stm32h7xx_hal_rcc_ex.o
 .text.RCCEx_PLL3_Config
                0x08005354      0x164 ./Drivers/STM32H7xx_HAL_Driver/stm32h7xx_hal_rcc_ex.o
 .text.HAL_SPI_Init
                0x080054b8      0x248 ./Drivers/STM32H7xx_HAL_Driver/stm32h7xx_hal_spi.o
                0x080054b8                HAL_SPI_Init
 .text.HAL_SPI_Transmit
                0x08005700      0x3dc ./Drivers/STM32H7xx_HAL_Driver/stm32h7xx_hal_spi.o
                0x08005700                HAL_SPI_Transmit
 .text.HAL_SPI_TransmitReceive
                0x08005adc      0x674 ./Drivers/STM32H7xx_HAL_Driver/stm32h7xx_hal_spi.o
                0x08005adc                HAL_SPI_TransmitReceive
 .text.SPI_CloseTransfer
                0x08006150      0x140 ./Drivers/STM32H7xx_HAL_Driver/stm32h7xx_hal_spi.o
 .text.SPI_WaitOnFlagUntilTimeout
                0x08006290       0x5c ./Drivers/STM32H7xx_HAL_Driver/stm32h7xx_hal_spi.o
 .text.SPI_GetPacketSize
                0x080062ec       0x36 ./Drivers/STM32H7xx_HAL_Driver/stm32h7xx_hal_spi.o
 .text.HAL_UART_Init
                0x08006322       0xa0 ./Drivers/STM32H7xx_HAL_Driver/stm32h7xx_hal_uart.o
                0x08006322                HAL_UART_Init
 .text.HAL_UART_MspInit
                0x080063c2       0x14 ./Drivers/STM32H7xx_HAL_Driver/stm32h7xx_hal_uart.o
                0x080063c2                HAL_UART_MspInit
 *fill*         0x080063d6        0x2 
 .text.UART_SetConfig
                0x080063d8      0xad0 ./Drivers/STM32H7xx_HAL_Driver/stm32h7xx_hal_uart.o
                0x080063d8                UART_SetConfig
 .text.UART_AdvFeatureConfig
                0x08006ea8      0x144 ./Drivers/STM32H7xx_HAL_Driver/stm32h7xx_hal_uart.o
                0x08006ea8                UART_AdvFeatureConfig
 .text.UART_CheckIdleState
                0x08006fec      0x154 ./Drivers/STM32H7xx_HAL_Driver/stm32h7xx_hal_uart.o
                0x08006fec                UART_CheckIdleState
 .text.UART_WaitOnFlagUntilTimeout
                0x08007140       0xda ./Drivers/STM32H7xx_HAL_Driver/stm32h7xx_hal_uart.o
                0x08007140                UART_WaitOnFlagUntilTimeout
 *fill*         0x0800721a        0x2 
 .text.UART_EndRxTransfer
                0x0800721c       0xcc ./Drivers/STM32H7xx_HAL_Driver/stm32h7xx_hal_uart.o
 .text.MX_FATFS_Init
                0x080072e8       0x24 ./FATFS/App/fatfs.o
                0x080072e8                MX_FATFS_Init
 .text.get_fattime
                0x0800730c       0x10 ./FATFS/App/fatfs.o
                0x0800730c                get_fattime
 .text.USER_initialize
                0x0800731c       0x1c ./FATFS/Target/user_diskio.o
                0x0800731c                USER_initialize
 .text.USER_status
                0x08007338       0x1c ./FATFS/Target/user_diskio.o
                0x08007338                USER_status
 .text.USER_read
                0x08007354       0x26 ./FATFS/Target/user_diskio.o
                0x08007354                USER_read
 .text.USER_write
                0x0800737a       0x26 ./FATFS/Target/user_diskio.o
                0x0800737a                USER_write
 .text.USER_ioctl
                0x080073a0       0x26 ./FATFS/Target/user_diskio.o
                0x080073a0                USER_ioctl
 *fill*         0x080073c6        0x2 
 .text.SPI_Timer_On
                0x080073c8       0x28 ./FATFS/Target/user_diskio_spi.o
                0x080073c8                SPI_Timer_On
 .text.SPI_Timer_Status
                0x080073f0       0x2c ./FATFS/Target/user_diskio_spi.o
                0x080073f0                SPI_Timer_Status
 .text.xchg_spi
                0x0800741c       0x2c ./FATFS/Target/user_diskio_spi.o
 .text.rcvr_spi_multi
                0x08007448       0x38 ./FATFS/Target/user_diskio_spi.o
 .text.xmit_spi_multi
                0x08007480       0x28 ./FATFS/Target/user_diskio_spi.o
 .text.wait_ready
                0x080074a8       0x46 ./FATFS/Target/user_diskio_spi.o
 *fill*         0x080074ee        0x2 
 .text.despiselect
                0x080074f0       0x20 ./FATFS/Target/user_diskio_spi.o
 .text.spiselect
                0x08007510       0x38 ./FATFS/Target/user_diskio_spi.o
 .text.rcvr_datablock
                0x08007548       0x52 ./FATFS/Target/user_diskio_spi.o
 .text.xmit_datablock
                0x0800759a       0x64 ./FATFS/Target/user_diskio_spi.o
 .text.send_cmd
                0x080075fe       0xde ./FATFS/Target/user_diskio_spi.o
 .text.USER_SPI_initialize
                0x080076dc      0x1d8 ./FATFS/Target/user_diskio_spi.o
                0x080076dc                USER_SPI_initialize
 .text.USER_SPI_status
                0x080078b4       0x2c ./FATFS/Target/user_diskio_spi.o
                0x080078b4                USER_SPI_status
 .text.USER_SPI_read
                0x080078e0       0xcc ./FATFS/Target/user_diskio_spi.o
                0x080078e0                USER_SPI_read
 .text.USER_SPI_write
                0x080079ac       0xf8 ./FATFS/Target/user_diskio_spi.o
                0x080079ac                USER_SPI_write
 .text.USER_SPI_ioctl
                0x08007aa4      0x2e0 ./FATFS/Target/user_diskio_spi.o
                0x08007aa4                USER_SPI_ioctl
 .text.disk_status
                0x08007d84       0x34 ./Middlewares/Third_Party/FatFs/diskio.o
                0x08007d84                disk_status
 .text.disk_initialize
                0x08007db8       0x50 ./Middlewares/Third_Party/FatFs/diskio.o
                0x08007db8                disk_initialize
 .text.disk_read
                0x08007e08       0x40 ./Middlewares/Third_Party/FatFs/diskio.o
                0x08007e08                disk_read
 .text.disk_write
                0x08007e48       0x40 ./Middlewares/Third_Party/FatFs/diskio.o
                0x08007e48                disk_write
 .text.disk_ioctl
                0x08007e88       0x3c ./Middlewares/Third_Party/FatFs/diskio.o
                0x08007e88                disk_ioctl
 .text.ld_word  0x08007ec4       0x30 ./Middlewares/Third_Party/FatFs/ff.o
 .text.ld_dword
                0x08007ef4       0x46 ./Middlewares/Third_Party/FatFs/ff.o
 .text.st_word  0x08007f3a       0x36 ./Middlewares/Third_Party/FatFs/ff.o
 .text.st_dword
                0x08007f70       0x58 ./Middlewares/Third_Party/FatFs/ff.o
 .text.mem_cpy  0x08007fc8       0x42 ./Middlewares/Third_Party/FatFs/ff.o
 .text.mem_set  0x0800800a       0x36 ./Middlewares/Third_Party/FatFs/ff.o
 .text.mem_cmp  0x08008040       0x4e ./Middlewares/Third_Party/FatFs/ff.o
 .text.chk_chr  0x0800808e       0x36 ./Middlewares/Third_Party/FatFs/ff.o
 .text.chk_lock
                0x080080c4       0xb8 ./Middlewares/Third_Party/FatFs/ff.o
 .text.enq_lock
                0x0800817c       0x44 ./Middlewares/Third_Party/FatFs/ff.o
 .text.inc_lock
                0x080081c0      0x11c ./Middlewares/Third_Party/FatFs/ff.o
 .text.dec_lock
                0x080082dc       0x78 ./Middlewares/Third_Party/FatFs/ff.o
 .text.clear_lock
                0x08008354       0x48 ./Middlewares/Third_Party/FatFs/ff.o
 .text.sync_window
                0x0800839c       0x88 ./Middlewares/Third_Party/FatFs/ff.o
 .text.move_window
                0x08008424       0x5a ./Middlewares/Third_Party/FatFs/ff.o
 *fill*         0x0800847e        0x2 
 .text.sync_fs  0x08008480       0xdc ./Middlewares/Third_Party/FatFs/ff.o
 .text.clust2sect
                0x0800855c       0x3e ./Middlewares/Third_Party/FatFs/ff.o
 .text.get_fat  0x0800859a      0x14e ./Middlewares/Third_Party/FatFs/ff.o
 .text.put_fat  0x080086e8      0x1d4 ./Middlewares/Third_Party/FatFs/ff.o
 .text.remove_chain
                0x080088bc       0xca ./Middlewares/Third_Party/FatFs/ff.o
 .text.create_chain
                0x08008986      0x130 ./Middlewares/Third_Party/FatFs/ff.o
 .text.clmt_clust
                0x08008ab6       0x68 ./Middlewares/Third_Party/FatFs/ff.o
 .text.dir_sdi  0x08008b1e       0xf6 ./Middlewares/Third_Party/FatFs/ff.o
 .text.dir_next
                0x08008c14      0x18a ./Middlewares/Third_Party/FatFs/ff.o
 .text.dir_alloc
                0x08008d9e       0x8e ./Middlewares/Third_Party/FatFs/ff.o
 .text.ld_clust
                0x08008e2c       0x3e ./Middlewares/Third_Party/FatFs/ff.o
 .text.st_clust
                0x08008e6a       0x40 ./Middlewares/Third_Party/FatFs/ff.o
 .text.dir_find
                0x08008eaa       0xaa ./Middlewares/Third_Party/FatFs/ff.o
 .text.dir_register
                0x08008f54       0x64 ./Middlewares/Third_Party/FatFs/ff.o
 .text.create_name
                0x08008fb8      0x128 ./Middlewares/Third_Party/FatFs/ff.o
 .text.follow_path
                0x080090e0       0xe2 ./Middlewares/Third_Party/FatFs/ff.o
 .text.get_ldnumber
                0x080091c2       0x88 ./Middlewares/Third_Party/FatFs/ff.o
 *fill*         0x0800924a        0x2 
 .text.check_fs
                0x0800924c       0xac ./Middlewares/Third_Party/FatFs/ff.o
 .text.find_volume
                0x080092f8      0x498 ./Middlewares/Third_Party/FatFs/ff.o
 .text.validate
                0x08009790       0x6a ./Middlewares/Third_Party/FatFs/ff.o
 .text.f_open   0x080097fa      0x374 ./Middlewares/Third_Party/FatFs/ff.o
                0x080097fa                f_open
 .text.f_write  0x08009b6e      0x2ea ./Middlewares/Third_Party/FatFs/ff.o
                0x08009b6e                f_write
 .text.f_sync   0x08009e58       0xfc ./Middlewares/Third_Party/FatFs/ff.o
                0x08009e58                f_sync
 .text.f_close  0x08009f54       0x54 ./Middlewares/Third_Party/FatFs/ff.o
                0x08009f54                f_close
 .text.FATFS_LinkDriverEx
                0x08009fa8       0x98 ./Middlewares/Third_Party/FatFs/ff_gen_drv.o
                0x08009fa8                FATFS_LinkDriverEx
 .text.FATFS_LinkDriver
                0x0800a040       0x1e ./Middlewares/Third_Party/FatFs/ff_gen_drv.o
                0x0800a040                FATFS_LinkDriver
 *fill*         0x0800a05e        0x2 
 .text.sprintf  0x0800a060       0x40 D:/Documentos/Electronica/Nueva carpeta/STM32CubeIDE_1.15.0/STM32CubeIDE/plugins/com.st.stm32cube.ide.mcu.externaltools.gnu-tools-for-stm32.12.3.rel1.win32_1.0.100.202403111256/tools/bin/../lib/gcc/arm-none-eabi/12.3.1/../../../../arm-none-eabi/lib/thumb/v7e-m+dp/hard\libc_nano.a(libc_a-sprintf.o)
                0x0800a060                siprintf
                0x0800a060                sprintf
 .text.memset   0x0800a0a0       0x10 D:/Documentos/Electronica/Nueva carpeta/STM32CubeIDE_1.15.0/STM32CubeIDE/plugins/com.st.stm32cube.ide.mcu.externaltools.gnu-tools-for-stm32.12.3.rel1.win32_1.0.100.202403111256/tools/bin/../lib/gcc/arm-none-eabi/12.3.1/../../../../arm-none-eabi/lib/thumb/v7e-m+dp/hard\libc_nano.a(libc_a-memset.o)
                0x0800a0a0                memset
 .text.__errno  0x0800a0b0        0xc D:/Documentos/Electronica/Nueva carpeta/STM32CubeIDE_1.15.0/STM32CubeIDE/plugins/com.st.stm32cube.ide.mcu.externaltools.gnu-tools-for-stm32.12.3.rel1.win32_1.0.100.202403111256/tools/bin/../lib/gcc/arm-none-eabi/12.3.1/../../../../arm-none-eabi/lib/thumb/v7e-m+dp/hard\libc_nano.a(libc_a-errno.o)
                0x0800a0b0                __errno
 .text.__libc_init_array
                0x0800a0bc       0x48 D:/Documentos/Electronica/Nueva carpeta/STM32CubeIDE_1.15.0/STM32CubeIDE/plugins/com.st.stm32cube.ide.mcu.externaltools.gnu-tools-for-stm32.12.3.rel1.win32_1.0.100.202403111256/tools/bin/../lib/gcc/arm-none-eabi/12.3.1/../../../../arm-none-eabi/lib/thumb/v7e-m+dp/hard\libc_nano.a(libc_a-init.o)
                0x0800a0bc                __libc_init_array
 .text.__retarget_lock_acquire_recursive
                0x0800a104        0x2 D:/Documentos/Electronica/Nueva carpeta/STM32CubeIDE_1.15.0/STM32CubeIDE/plugins/com.st.stm32cube.ide.mcu.externaltools.gnu-tools-for-stm32.12.3.rel1.win32_1.0.100.202403111256/tools/bin/../lib/gcc/arm-none-eabi/12.3.1/../../../../arm-none-eabi/lib/thumb/v7e-m+dp/hard\libc_nano.a(libc_a-lock.o)
                0x0800a104                __retarget_lock_acquire_recursive
 .text.__retarget_lock_release_recursive
                0x0800a106        0x2 D:/Documentos/Electronica/Nueva carpeta/STM32CubeIDE_1.15.0/STM32CubeIDE/plugins/com.st.stm32cube.ide.mcu.externaltools.gnu-tools-for-stm32.12.3.rel1.win32_1.0.100.202403111256/tools/bin/../lib/gcc/arm-none-eabi/12.3.1/../../../../arm-none-eabi/lib/thumb/v7e-m+dp/hard\libc_nano.a(libc_a-lock.o)
                0x0800a106                __retarget_lock_release_recursive
 .text._free_r  0x0800a108       0x94 D:/Documentos/Electronica/Nueva carpeta/STM32CubeIDE_1.15.0/STM32CubeIDE/plugins/com.st.stm32cube.ide.mcu.externaltools.gnu-tools-for-stm32.12.3.rel1.win32_1.0.100.202403111256/tools/bin/../lib/gcc/arm-none-eabi/12.3.1/../../../../arm-none-eabi/lib/thumb/v7e-m+dp/hard\libc_nano.a(libc_a-freer.o)
                0x0800a108                _free_r
 .text.sbrk_aligned
                0x0800a19c       0x44 D:/Documentos/Electronica/Nueva carpeta/STM32CubeIDE_1.15.0/STM32CubeIDE/plugins/com.st.stm32cube.ide.mcu.externaltools.gnu-tools-for-stm32.12.3.rel1.win32_1.0.100.202403111256/tools/bin/../lib/gcc/arm-none-eabi/12.3.1/../../../../arm-none-eabi/lib/thumb/v7e-m+dp/hard\libc_nano.a(libc_a-mallocr.o)
 .text._malloc_r
                0x0800a1e0      0x100 D:/Documentos/Electronica/Nueva carpeta/STM32CubeIDE_1.15.0/STM32CubeIDE/plugins/com.st.stm32cube.ide.mcu.externaltools.gnu-tools-for-stm32.12.3.rel1.win32_1.0.100.202403111256/tools/bin/../lib/gcc/arm-none-eabi/12.3.1/../../../../arm-none-eabi/lib/thumb/v7e-m+dp/hard\libc_nano.a(libc_a-mallocr.o)
                0x0800a1e0                _malloc_r
 .text.__malloc_lock
                0x0800a2e0        0xc D:/Documentos/Electronica/Nueva carpeta/STM32CubeIDE_1.15.0/STM32CubeIDE/plugins/com.st.stm32cube.ide.mcu.externaltools.gnu-tools-for-stm32.12.3.rel1.win32_1.0.100.202403111256/tools/bin/../lib/gcc/arm-none-eabi/12.3.1/../../../../arm-none-eabi/lib/thumb/v7e-m+dp/hard\libc_nano.a(libc_a-mlock.o)
                0x0800a2e0                __malloc_lock
 .text.__malloc_unlock
                0x0800a2ec        0xc D:/Documentos/Electronica/Nueva carpeta/STM32CubeIDE_1.15.0/STM32CubeIDE/plugins/com.st.stm32cube.ide.mcu.externaltools.gnu-tools-for-stm32.12.3.rel1.win32_1.0.100.202403111256/tools/bin/../lib/gcc/arm-none-eabi/12.3.1/../../../../arm-none-eabi/lib/thumb/v7e-m+dp/hard\libc_nano.a(libc_a-mlock.o)
                0x0800a2ec                __malloc_unlock
 .text.__ssputs_r
                0x0800a2f8       0xb6 D:/Documentos/Electronica/Nueva carpeta/STM32CubeIDE_1.15.0/STM32CubeIDE/plugins/com.st.stm32cube.ide.mcu.externaltools.gnu-tools-for-stm32.12.3.rel1.win32_1.0.100.202403111256/tools/bin/../lib/gcc/arm-none-eabi/12.3.1/../../../../arm-none-eabi/lib/thumb/v7e-m+dp/hard\libc_nano.a(libc_a-nano-svfprintf.o)
                0x0800a2f8                __ssputs_r
 *fill*         0x0800a3ae        0x2 
 .text._svfprintf_r
                0x0800a3b0      0x1f8 D:/Documentos/Electronica/Nueva carpeta/STM32CubeIDE_1.15.0/STM32CubeIDE/plugins/com.st.stm32cube.ide.mcu.externaltools.gnu-tools-for-stm32.12.3.rel1.win32_1.0.100.202403111256/tools/bin/../lib/gcc/arm-none-eabi/12.3.1/../../../../arm-none-eabi/lib/thumb/v7e-m+dp/hard\libc_nano.a(libc_a-nano-svfprintf.o)
                0x0800a3b0                _svfiprintf_r
                0x0800a3b0                _svfprintf_r
 .text._printf_common
                0x0800a5a8       0xda D:/Documentos/Electronica/Nueva carpeta/STM32CubeIDE_1.15.0/STM32CubeIDE/plugins/com.st.stm32cube.ide.mcu.externaltools.gnu-tools-for-stm32.12.3.rel1.win32_1.0.100.202403111256/tools/bin/../lib/gcc/arm-none-eabi/12.3.1/../../../../arm-none-eabi/lib/thumb/v7e-m+dp/hard\libc_nano.a(libc_a-nano-vfprintf_i.o)
                0x0800a5a8                _printf_common
 *fill*         0x0800a682        0x2 
 .text._printf_i
                0x0800a684      0x240 D:/Documentos/Electronica/Nueva carpeta/STM32CubeIDE_1.15.0/STM32CubeIDE/plugins/com.st.stm32cube.ide.mcu.externaltools.gnu-tools-for-stm32.12.3.rel1.win32_1.0.100.202403111256/tools/bin/../lib/gcc/arm-none-eabi/12.3.1/../../../../arm-none-eabi/lib/thumb/v7e-m+dp/hard\libc_nano.a(libc_a-nano-vfprintf_i.o)
                0x0800a684                _printf_i
 .text.memmove  0x0800a8c4       0x34 D:/Documentos/Electronica/Nueva carpeta/STM32CubeIDE_1.15.0/STM32CubeIDE/plugins/com.st.stm32cube.ide.mcu.externaltools.gnu-tools-for-stm32.12.3.rel1.win32_1.0.100.202403111256/tools/bin/../lib/gcc/arm-none-eabi/12.3.1/../../../../arm-none-eabi/lib/thumb/v7e-m+dp/hard\libc_nano.a(libc_a-memmove.o)
                0x0800a8c4                memmove
 .text._sbrk_r  0x0800a8f8       0x20 D:/Documentos/Electronica/Nueva carpeta/STM32CubeIDE_1.15.0/STM32CubeIDE/plugins/com.st.stm32cube.ide.mcu.externaltools.gnu-tools-for-stm32.12.3.rel1.win32_1.0.100.202403111256/tools/bin/../lib/gcc/arm-none-eabi/12.3.1/../../../../arm-none-eabi/lib/thumb/v7e-m+dp/hard\libc_nano.a(libc_a-sbrkr.o)
                0x0800a8f8                _sbrk_r
 .text.memcpy   0x0800a918       0x1c D:/Documentos/Electronica/Nueva carpeta/STM32CubeIDE_1.15.0/STM32CubeIDE/plugins/com.st.stm32cube.ide.mcu.externaltools.gnu-tools-for-stm32.12.3.rel1.win32_1.0.100.202403111256/tools/bin/../lib/gcc/arm-none-eabi/12.3.1/../../../../arm-none-eabi/lib/thumb/v7e-m+dp/hard\libc_nano.a(libc_a-memcpy-stub.o)
                0x0800a918                memcpy
 .text._realloc_r
                0x0800a934       0x5c D:/Documentos/Electronica/Nueva carpeta/STM32CubeIDE_1.15.0/STM32CubeIDE/plugins/com.st.stm32cube.ide.mcu.externaltools.gnu-tools-for-stm32.12.3.rel1.win32_1.0.100.202403111256/tools/bin/../lib/gcc/arm-none-eabi/12.3.1/../../../../arm-none-eabi/lib/thumb/v7e-m+dp/hard\libc_nano.a(libc_a-reallocr.o)
                0x0800a934                _realloc_r
 .text._malloc_usable_size_r
                0x0800a990       0x10 D:/Documentos/Electronica/Nueva carpeta/STM32CubeIDE_1.15.0/STM32CubeIDE/plugins/com.st.stm32cube.ide.mcu.externaltools.gnu-tools-for-stm32.12.3.rel1.win32_1.0.100.202403111256/tools/bin/../lib/gcc/arm-none-eabi/12.3.1/../../../../arm-none-eabi/lib/thumb/v7e-m+dp/hard\libc_nano.a(libc_a-msizer.o)
                0x0800a990                _malloc_usable_size_r
 *(.glue_7)
 .glue_7        0x0800a9a0        0x0 linker stubs
 *(.glue_7t)
 .glue_7t       0x0800a9a0        0x0 linker stubs
 *(.eh_frame)
 .eh_frame      0x0800a9a0        0x0 D:/Documentos/Electronica/Nueva carpeta/STM32CubeIDE_1.15.0/STM32CubeIDE/plugins/com.st.stm32cube.ide.mcu.externaltools.gnu-tools-for-stm32.12.3.rel1.win32_1.0.100.202403111256/tools/bin/../lib/gcc/arm-none-eabi/12.3.1/thumb/v7e-m+dp/hard/crtbegin.o
 *(.init)
 .init          0x0800a9a0        0x4 D:/Documentos/Electronica/Nueva carpeta/STM32CubeIDE_1.15.0/STM32CubeIDE/plugins/com.st.stm32cube.ide.mcu.externaltools.gnu-tools-for-stm32.12.3.rel1.win32_1.0.100.202403111256/tools/bin/../lib/gcc/arm-none-eabi/12.3.1/thumb/v7e-m+dp/hard/crti.o
                0x0800a9a0                _init
 .init          0x0800a9a4        0x8 D:/Documentos/Electronica/Nueva carpeta/STM32CubeIDE_1.15.0/STM32CubeIDE/plugins/com.st.stm32cube.ide.mcu.externaltools.gnu-tools-for-stm32.12.3.rel1.win32_1.0.100.202403111256/tools/bin/../lib/gcc/arm-none-eabi/12.3.1/thumb/v7e-m+dp/hard/crtn.o
 *(.fini)
 .fini          0x0800a9ac        0x4 D:/Documentos/Electronica/Nueva carpeta/STM32CubeIDE_1.15.0/STM32CubeIDE/plugins/com.st.stm32cube.ide.mcu.externaltools.gnu-tools-for-stm32.12.3.rel1.win32_1.0.100.202403111256/tools/bin/../lib/gcc/arm-none-eabi/12.3.1/thumb/v7e-m+dp/hard/crti.o
                0x0800a9ac                _fini
 .fini          0x0800a9b0        0x8 D:/Documentos/Electronica/Nueva carpeta/STM32CubeIDE_1.15.0/STM32CubeIDE/plugins/com.st.stm32cube.ide.mcu.externaltools.gnu-tools-for-stm32.12.3.rel1.win32_1.0.100.202403111256/tools/bin/../lib/gcc/arm-none-eabi/12.3.1/thumb/v7e-m+dp/hard/crtn.o
                0x0800a9b8                        . = ALIGN (0x4)
                0x0800a9b8                        _etext = .

.vfp11_veneer   0x0800a9b8        0x0
 .vfp11_veneer  0x0800a9b8        0x0 linker stubs

.v4_bx          0x0800a9b8        0x0
 .v4_bx         0x0800a9b8        0x0 linker stubs

.iplt           0x0800a9b8        0x0
 .iplt          0x0800a9b8        0x0 D:/Documentos/Electronica/Nueva carpeta/STM32CubeIDE_1.15.0/STM32CubeIDE/plugins/com.st.stm32cube.ide.mcu.externaltools.gnu-tools-for-stm32.12.3.rel1.win32_1.0.100.202403111256/tools/bin/../lib/gcc/arm-none-eabi/12.3.1/thumb/v7e-m+dp/hard/crtbegin.o

.rodata         0x0800a9b8      0x18c
                0x0800a9b8                        . = ALIGN (0x4)
 *(.rodata)
 .rodata        0x0800a9b8       0x67 ./Core/Src/main.o
 *fill*         0x0800aa1f        0x1 
 .rodata        0x0800aa20       0x44 ./Middlewares/Third_Party/FatFs/ff.o
 *(.rodata*)
 .rodata.D1CorePrescTable
                0x0800aa64       0x10 ./Common/Src/system_stm32h7xx_dualcore_boot_cm4_cm7.o
                0x0800aa64                D1CorePrescTable
 .rodata.BUTTON_EXTI_LINE.2
                0x0800aa74        0x4 ./Drivers/BSP/STM32H7xx_Nucleo/stm32h7xx_nucleo.o
 .rodata.UARTPrescTable
                0x0800aa78       0x18 ./Drivers/STM32H7xx_HAL_Driver/stm32h7xx_hal_uart.o
                0x0800aa78                UARTPrescTable
 .rodata.ExCvt  0x0800aa90       0x80 ./Middlewares/Third_Party/FatFs/ff.o
 .rodata._svfprintf_r.str1.1
                0x0800ab10       0x11 D:/Documentos/Electronica/Nueva carpeta/STM32CubeIDE_1.15.0/STM32CubeIDE/plugins/com.st.stm32cube.ide.mcu.externaltools.gnu-tools-for-stm32.12.3.rel1.win32_1.0.100.202403111256/tools/bin/../lib/gcc/arm-none-eabi/12.3.1/../../../../arm-none-eabi/lib/thumb/v7e-m+dp/hard\libc_nano.a(libc_a-nano-svfprintf.o)
 .rodata._printf_i.str1.1
                0x0800ab21       0x22 D:/Documentos/Electronica/Nueva carpeta/STM32CubeIDE_1.15.0/STM32CubeIDE/plugins/com.st.stm32cube.ide.mcu.externaltools.gnu-tools-for-stm32.12.3.rel1.win32_1.0.100.202403111256/tools/bin/../lib/gcc/arm-none-eabi/12.3.1/../../../../arm-none-eabi/lib/thumb/v7e-m+dp/hard\libc_nano.a(libc_a-nano-vfprintf_i.o)
                0x0800ab44                        . = ALIGN (0x4)
 *fill*         0x0800ab43        0x1 

.ARM.extab      0x0800ab44        0x0
                0x0800ab44                        . = ALIGN (0x4)
 *(.ARM.extab* .gnu.linkonce.armextab.*)
                0x0800ab44                        . = ALIGN (0x4)

.ARM            0x0800ab44        0x8
                0x0800ab44                        . = ALIGN (0x4)
                0x0800ab44                        __exidx_start = .
 *(.ARM.exidx*)
 .ARM.exidx     0x0800ab44        0x8 D:/Documentos/Electronica/Nueva carpeta/STM32CubeIDE_1.15.0/STM32CubeIDE/plugins/com.st.stm32cube.ide.mcu.externaltools.gnu-tools-for-stm32.12.3.rel1.win32_1.0.100.202403111256/tools/bin/../lib/gcc/arm-none-eabi/12.3.1/../../../../arm-none-eabi/lib/thumb/v7e-m+dp/hard\libc_nano.a(libc_a-strlen.o)
 .ARM.exidx     0x0800ab4c        0x0 D:/Documentos/Electronica/Nueva carpeta/STM32CubeIDE_1.15.0/STM32CubeIDE/plugins/com.st.stm32cube.ide.mcu.externaltools.gnu-tools-for-stm32.12.3.rel1.win32_1.0.100.202403111256/tools/bin/../lib/gcc/arm-none-eabi/12.3.1/../../../../arm-none-eabi/lib/thumb/v7e-m+dp/hard\libc_nano.a(libc_a-memchr.o)
                                  0x8 (size before relaxing)
 .ARM.exidx     0x0800ab4c        0x0 D:/Documentos/Electronica/Nueva carpeta/STM32CubeIDE_1.15.0/STM32CubeIDE/plugins/com.st.stm32cube.ide.mcu.externaltools.gnu-tools-for-stm32.12.3.rel1.win32_1.0.100.202403111256/tools/bin/../lib/gcc/arm-none-eabi/12.3.1/thumb/v7e-m+dp/hard\libgcc.a(_udivmoddi4.o)
                                  0x8 (size before relaxing)
                0x0800ab4c                        __exidx_end = .
                0x0800ab4c                        . = ALIGN (0x4)

.preinit_array  0x0800ab4c        0x0
                0x0800ab4c                        . = ALIGN (0x4)
                0x0800ab4c                        PROVIDE (__preinit_array_start = .)
 *(.preinit_array*)
                0x0800ab4c                        PROVIDE (__preinit_array_end = .)
                0x0800ab4c                        . = ALIGN (0x4)

.init_array     0x0800ab4c        0x4
                0x0800ab4c                        . = ALIGN (0x4)
                0x0800ab4c                        PROVIDE (__init_array_start = .)
 *(SORT_BY_NAME(.init_array.*))
 *(.init_array*)
 .init_array    0x0800ab4c        0x4 D:/Documentos/Electronica/Nueva carpeta/STM32CubeIDE_1.15.0/STM32CubeIDE/plugins/com.st.stm32cube.ide.mcu.externaltools.gnu-tools-for-stm32.12.3.rel1.win32_1.0.100.202403111256/tools/bin/../lib/gcc/arm-none-eabi/12.3.1/thumb/v7e-m+dp/hard/crtbegin.o
                0x0800ab50                        PROVIDE (__init_array_end = .)
                0x0800ab50                        . = ALIGN (0x4)

.fini_array     0x0800ab50        0x4
                0x0800ab50                        . = ALIGN (0x4)
                [!provide]                        PROVIDE (__fini_array_start = .)
 *(SORT_BY_NAME(.fini_array.*))
 *(.fini_array*)
 .fini_array    0x0800ab50        0x4 D:/Documentos/Electronica/Nueva carpeta/STM32CubeIDE_1.15.0/STM32CubeIDE/plugins/com.st.stm32cube.ide.mcu.externaltools.gnu-tools-for-stm32.12.3.rel1.win32_1.0.100.202403111256/tools/bin/../lib/gcc/arm-none-eabi/12.3.1/thumb/v7e-m+dp/hard/crtbegin.o
                [!provide]                        PROVIDE (__fini_array_end = .)
                0x0800ab54                        . = ALIGN (0x4)
                0x0800ab54                        _sidata = LOADADDR (.data)

.rel.dyn        0x0800ab54        0x0
 .rel.iplt      0x0800ab54        0x0 D:/Documentos/Electronica/Nueva carpeta/STM32CubeIDE_1.15.0/STM32CubeIDE/plugins/com.st.stm32cube.ide.mcu.externaltools.gnu-tools-for-stm32.12.3.rel1.win32_1.0.100.202403111256/tools/bin/../lib/gcc/arm-none-eabi/12.3.1/thumb/v7e-m+dp/hard/crtbegin.o

.data           0x24000000       0x88 load address 0x0800ab54
                0x24000000                        . = ALIGN (0x4)
                0x24000000                        _sdata = .
 *(.data)
 *(.data*)
 .data.SystemCoreClock
                0x24000000        0x4 ./Common/Src/system_stm32h7xx_dualcore_boot_cm4_cm7.o
                0x24000000                SystemCoreClock
 .data.SystemD2Clock
                0x24000004        0x4 ./Common/Src/system_stm32h7xx_dualcore_boot_cm4_cm7.o
                0x24000004                SystemD2Clock
 .data.COM_USART
                0x24000008        0x4 ./Drivers/BSP/STM32H7xx_Nucleo/stm32h7xx_nucleo.o
                0x24000008                COM_USART
 .data.BUTTON_PORT
                0x2400000c        0x4 ./Drivers/BSP/STM32H7xx_Nucleo/stm32h7xx_nucleo.o
 .data.ButtonCallback.1
                0x24000010        0x4 ./Drivers/BSP/STM32H7xx_Nucleo/stm32h7xx_nucleo.o
 .data.BSP_BUTTON_PRIO.0
                0x24000014        0x4 ./Drivers/BSP/STM32H7xx_Nucleo/stm32h7xx_nucleo.o
 .data.uwTickPrio
                0x24000018        0x4 ./Drivers/STM32H7xx_HAL_Driver/stm32h7xx_hal.o
                0x24000018                uwTickPrio
 .data.uwTickFreq
                0x2400001c        0x1 ./Drivers/STM32H7xx_HAL_Driver/stm32h7xx_hal.o
                0x2400001c                uwTickFreq
 *fill*         0x2400001d        0x3 
 .data.USER_Driver
                0x24000020       0x14 ./FATFS/Target/user_diskio.o
                0x24000020                USER_Driver
 .data.Stat     0x24000034        0x1 ./FATFS/Target/user_diskio_spi.o
 *fill*         0x24000035        0x3 
 .data._impure_ptr
                0x24000038        0x4 D:/Documentos/Electronica/Nueva carpeta/STM32CubeIDE_1.15.0/STM32CubeIDE/plugins/com.st.stm32cube.ide.mcu.externaltools.gnu-tools-for-stm32.12.3.rel1.win32_1.0.100.202403111256/tools/bin/../lib/gcc/arm-none-eabi/12.3.1/../../../../arm-none-eabi/lib/thumb/v7e-m+dp/hard\libc_nano.a(libc_a-impure.o)
                0x24000038                _impure_ptr
 .data._impure_data
                0x2400003c       0x4c D:/Documentos/Electronica/Nueva carpeta/STM32CubeIDE_1.15.0/STM32CubeIDE/plugins/com.st.stm32cube.ide.mcu.externaltools.gnu-tools-for-stm32.12.3.rel1.win32_1.0.100.202403111256/tools/bin/../lib/gcc/arm-none-eabi/12.3.1/../../../../arm-none-eabi/lib/thumb/v7e-m+dp/hard\libc_nano.a(libc_a-impure.o)
                0x2400003c                _impure_data
 *(.RamFunc)
 *(.RamFunc*)
                0x24000088                        . = ALIGN (0x4)
                0x24000088                        _edata = .

.igot.plt       0x24000088        0x0 load address 0x0800abdc
 .igot.plt      0x24000088        0x0 D:/Documentos/Electronica/Nueva carpeta/STM32CubeIDE_1.15.0/STM32CubeIDE/plugins/com.st.stm32cube.ide.mcu.externaltools.gnu-tools-for-stm32.12.3.rel1.win32_1.0.100.202403111256/tools/bin/../lib/gcc/arm-none-eabi/12.3.1/thumb/v7e-m+dp/hard/crtbegin.o
                0x24000088                        . = ALIGN (0x4)

.bss            0x24000088      0x56c load address 0x0800abdc
                0x24000088                        _sbss = .
                0x24000088                        __bss_start__ = _sbss
 *(.bss)
 .bss           0x24000088       0x1c D:/Documentos/Electronica/Nueva carpeta/STM32CubeIDE_1.15.0/STM32CubeIDE/plugins/com.st.stm32cube.ide.mcu.externaltools.gnu-tools-for-stm32.12.3.rel1.win32_1.0.100.202403111256/tools/bin/../lib/gcc/arm-none-eabi/12.3.1/thumb/v7e-m+dp/hard/crtbegin.o
 *(.bss*)
 .bss.hi2c1     0x240000a4       0x54 ./Core/Src/main.o
                0x240000a4                hi2c1
 .bss.BspCOMInit
                0x240000f8       0x10 ./Core/Src/main.o
                0x240000f8                BspCOMInit
 .bss.hspi1     0x24000108       0x88 ./Core/Src/main.o
                0x24000108                hspi1
 .bss.file      0x24000190      0x230 ./Core/Src/main.o
                0x24000190                file
 .bss.__sbrk_heap_end
                0x240003c0        0x4 ./Core/Src/sysmem.o
 .bss.hpb_exti  0x240003c4        0x8 ./Drivers/BSP/STM32H7xx_Nucleo/stm32h7xx_nucleo.o
                0x240003c4                hpb_exti
 .bss.hcom_uart
                0x240003cc       0x94 ./Drivers/BSP/STM32H7xx_Nucleo/stm32h7xx_nucleo.o
                0x240003cc                hcom_uart
 .bss.uwTick    0x24000460        0x4 ./Drivers/STM32H7xx_HAL_Driver/stm32h7xx_hal.o
                0x24000460                uwTick
 .bss.retUSER   0x24000464        0x1 ./FATFS/App/fatfs.o
                0x24000464                retUSER
 *fill*         0x24000465        0x3 
 .bss.USERPath  0x24000468        0x4 ./FATFS/App/fatfs.o
                0x24000468                USERPath
 .bss.CardType  0x2400046c        0x1 ./FATFS/Target/user_diskio_spi.o
 *fill*         0x2400046d        0x3 
 .bss.spiTimerTickStart
                0x24000470        0x4 ./FATFS/Target/user_diskio_spi.o
                0x24000470                spiTimerTickStart
 .bss.spiTimerTickDelay
                0x24000474        0x4 ./FATFS/Target/user_diskio_spi.o
                0x24000474                spiTimerTickDelay
 .bss.FatFs     0x24000478        0x4 ./Middlewares/Third_Party/FatFs/ff.o
 .bss.Fsid      0x2400047c        0x2 ./Middlewares/Third_Party/FatFs/ff.o
 *fill*         0x2400047e        0x2 
 .bss.Files     0x24000480       0x20 ./Middlewares/Third_Party/FatFs/ff.o
 .bss.disk      0x240004a0        0xc ./Middlewares/Third_Party/FatFs/ff_gen_drv.o
                0x240004a0                disk
 .bss.__sf      0x240004ac      0x138 D:/Documentos/Electronica/Nueva carpeta/STM32CubeIDE_1.15.0/STM32CubeIDE/plugins/com.st.stm32cube.ide.mcu.externaltools.gnu-tools-for-stm32.12.3.rel1.win32_1.0.100.202403111256/tools/bin/../lib/gcc/arm-none-eabi/12.3.1/../../../../arm-none-eabi/lib/thumb/v7e-m+dp/hard\libc_nano.a(libc_a-findfp.o)
                0x240004ac                __sf
 .bss.errno     0x240005e4        0x4 D:/Documentos/Electronica/Nueva carpeta/STM32CubeIDE_1.15.0/STM32CubeIDE/plugins/com.st.stm32cube.ide.mcu.externaltools.gnu-tools-for-stm32.12.3.rel1.win32_1.0.100.202403111256/tools/bin/../lib/gcc/arm-none-eabi/12.3.1/../../../../arm-none-eabi/lib/thumb/v7e-m+dp/hard\libc_nano.a(libc_a-reent.o)
                0x240005e4                errno
 .bss.__lock___malloc_recursive_mutex
                0x240005e8        0x1 D:/Documentos/Electronica/Nueva carpeta/STM32CubeIDE_1.15.0/STM32CubeIDE/plugins/com.st.stm32cube.ide.mcu.externaltools.gnu-tools-for-stm32.12.3.rel1.win32_1.0.100.202403111256/tools/bin/../lib/gcc/arm-none-eabi/12.3.1/../../../../arm-none-eabi/lib/thumb/v7e-m+dp/hard\libc_nano.a(libc_a-lock.o)
                0x240005e8                __lock___malloc_recursive_mutex
 *fill*         0x240005e9        0x3 
 .bss.__malloc_sbrk_start
                0x240005ec        0x4 D:/Documentos/Electronica/Nueva carpeta/STM32CubeIDE_1.15.0/STM32CubeIDE/plugins/com.st.stm32cube.ide.mcu.externaltools.gnu-tools-for-stm32.12.3.rel1.win32_1.0.100.202403111256/tools/bin/../lib/gcc/arm-none-eabi/12.3.1/../../../../arm-none-eabi/lib/thumb/v7e-m+dp/hard\libc_nano.a(libc_a-mallocr.o)
                0x240005ec                __malloc_sbrk_start
 .bss.__malloc_free_list
                0x240005f0        0x4 D:/Documentos/Electronica/Nueva carpeta/STM32CubeIDE_1.15.0/STM32CubeIDE/plugins/com.st.stm32cube.ide.mcu.externaltools.gnu-tools-for-stm32.12.3.rel1.win32_1.0.100.202403111256/tools/bin/../lib/gcc/arm-none-eabi/12.3.1/../../../../arm-none-eabi/lib/thumb/v7e-m+dp/hard\libc_nano.a(libc_a-mallocr.o)
                0x240005f0                __malloc_free_list
 *(COMMON)
                0x240005f4                        . = ALIGN (0x4)
                0x240005f4                        _ebss = .
                0x240005f4                        __bss_end__ = _ebss

._user_heap_stack
                0x240005f4     0x4004 load address 0x0800abdc
                0x240005f8                        . = ALIGN (0x8)
 *fill*         0x240005f4        0x4 
                [!provide]                        PROVIDE (end = .)
                0x240005f8                        PROVIDE (_end = .)
                0x240025f8                        . = (. + _Min_Heap_Size)
 *fill*         0x240005f8     0x2000 
                0x240045f8                        . = (. + _Min_Stack_Size)
 *fill*         0x240025f8     0x2000 
                0x240045f8                        . = ALIGN (0x8)

/DISCARD/
 libc.a(*)
 libm.a(*)
 libgcc.a(*)

.ARM.attributes
                0x00000000       0x2e
 *(.ARM.attributes)
 .ARM.attributes
                0x00000000       0x20 D:/Documentos/Electronica/Nueva carpeta/STM32CubeIDE_1.15.0/STM32CubeIDE/plugins/com.st.stm32cube.ide.mcu.externaltools.gnu-tools-for-stm32.12.3.rel1.win32_1.0.100.202403111256/tools/bin/../lib/gcc/arm-none-eabi/12.3.1/thumb/v7e-m+dp/hard/crti.o
 .ARM.attributes
                0x00000020       0x32 D:/Documentos/Electronica/Nueva carpeta/STM32CubeIDE_1.15.0/STM32CubeIDE/plugins/com.st.stm32cube.ide.mcu.externaltools.gnu-tools-for-stm32.12.3.rel1.win32_1.0.100.202403111256/tools/bin/../lib/gcc/arm-none-eabi/12.3.1/thumb/v7e-m+dp/hard/crtbegin.o
 .ARM.attributes
                0x00000052       0x32 ./Common/Src/system_stm32h7xx_dualcore_boot_cm4_cm7.o
 .ARM.attributes
                0x00000084       0x32 ./Core/Src/main.o
 .ARM.attributes
                0x000000b6       0x32 ./Core/Src/stm32h7xx_hal_msp.o
 .ARM.attributes
                0x000000e8       0x32 ./Core/Src/stm32h7xx_it.o
 .ARM.attributes
                0x0000011a       0x32 ./Core/Src/sysmem.o
 .ARM.attributes
                0x0000014c       0x21 ./Core/Startup/startup_stm32h755zitx.o
 .ARM.attributes
                0x0000016d       0x32 ./Drivers/BSP/STM32H7xx_Nucleo/stm32h7xx_nucleo.o
 .ARM.attributes
                0x0000019f       0x32 ./Drivers/STM32H7xx_HAL_Driver/stm32h7xx_hal.o
 .ARM.attributes
                0x000001d1       0x32 ./Drivers/STM32H7xx_HAL_Driver/stm32h7xx_hal_cortex.o
 .ARM.attributes
                0x00000203       0x32 ./Drivers/STM32H7xx_HAL_Driver/stm32h7xx_hal_exti.o
 .ARM.attributes
                0x00000235       0x32 ./Drivers/STM32H7xx_HAL_Driver/stm32h7xx_hal_gpio.o
 .ARM.attributes
                0x00000267       0x32 ./Drivers/STM32H7xx_HAL_Driver/stm32h7xx_hal_hsem.o
 .ARM.attributes
                0x00000299       0x32 ./Drivers/STM32H7xx_HAL_Driver/stm32h7xx_hal_i2c.o
 .ARM.attributes
                0x000002cb       0x32 ./Drivers/STM32H7xx_HAL_Driver/stm32h7xx_hal_i2c_ex.o
 .ARM.attributes
                0x000002fd       0x32 ./Drivers/STM32H7xx_HAL_Driver/stm32h7xx_hal_pwr_ex.o
 .ARM.attributes
                0x0000032f       0x32 ./Drivers/STM32H7xx_HAL_Driver/stm32h7xx_hal_rcc.o
 .ARM.attributes
                0x00000361       0x32 ./Drivers/STM32H7xx_HAL_Driver/stm32h7xx_hal_rcc_ex.o
 .ARM.attributes
                0x00000393       0x32 ./Drivers/STM32H7xx_HAL_Driver/stm32h7xx_hal_spi.o
 .ARM.attributes
                0x000003c5       0x32 ./Drivers/STM32H7xx_HAL_Driver/stm32h7xx_hal_uart.o
 .ARM.attributes
                0x000003f7       0x32 ./FATFS/App/fatfs.o
 .ARM.attributes
                0x00000429       0x32 ./FATFS/Target/user_diskio.o
 .ARM.attributes
                0x0000045b       0x32 ./FATFS/Target/user_diskio_spi.o
 .ARM.attributes
                0x0000048d       0x32 ./Middlewares/Third_Party/FatFs/diskio.o
 .ARM.attributes
                0x000004bf       0x32 ./Middlewares/Third_Party/FatFs/ff.o
 .ARM.attributes
                0x000004f1       0x32 ./Middlewares/Third_Party/FatFs/ff_gen_drv.o
 .ARM.attributes
                0x00000523       0x32 D:/Documentos/Electronica/Nueva carpeta/STM32CubeIDE_1.15.0/STM32CubeIDE/plugins/com.st.stm32cube.ide.mcu.externaltools.gnu-tools-for-stm32.12.3.rel1.win32_1.0.100.202403111256/tools/bin/../lib/gcc/arm-none-eabi/12.3.1/../../../../arm-none-eabi/lib/thumb/v7e-m+dp/hard\libc_nano.a(libc_a-findfp.o)
 .ARM.attributes
                0x00000555       0x32 D:/Documentos/Electronica/Nueva carpeta/STM32CubeIDE_1.15.0/STM32CubeIDE/plugins/com.st.stm32cube.ide.mcu.externaltools.gnu-tools-for-stm32.12.3.rel1.win32_1.0.100.202403111256/tools/bin/../lib/gcc/arm-none-eabi/12.3.1/../../../../arm-none-eabi/lib/thumb/v7e-m+dp/hard\libc_nano.a(libc_a-sprintf.o)
 .ARM.attributes
                0x00000587       0x32 D:/Documentos/Electronica/Nueva carpeta/STM32CubeIDE_1.15.0/STM32CubeIDE/plugins/com.st.stm32cube.ide.mcu.externaltools.gnu-tools-for-stm32.12.3.rel1.win32_1.0.100.202403111256/tools/bin/../lib/gcc/arm-none-eabi/12.3.1/../../../../arm-none-eabi/lib/thumb/v7e-m+dp/hard\libc_nano.a(libc_a-memset.o)
 .ARM.attributes
                0x000005b9       0x32 D:/Documentos/Electronica/Nueva carpeta/STM32CubeIDE_1.15.0/STM32CubeIDE/plugins/com.st.stm32cube.ide.mcu.externaltools.gnu-tools-for-stm32.12.3.rel1.win32_1.0.100.202403111256/tools/bin/../lib/gcc/arm-none-eabi/12.3.1/../../../../arm-none-eabi/lib/thumb/v7e-m+dp/hard\libc_nano.a(libc_a-reent.o)
 .ARM.attributes
                0x000005eb       0x32 D:/Documentos/Electronica/Nueva carpeta/STM32CubeIDE_1.15.0/STM32CubeIDE/plugins/com.st.stm32cube.ide.mcu.externaltools.gnu-tools-for-stm32.12.3.rel1.win32_1.0.100.202403111256/tools/bin/../lib/gcc/arm-none-eabi/12.3.1/../../../../arm-none-eabi/lib/thumb/v7e-m+dp/hard\libc_nano.a(libc_a-impure.o)
 .ARM.attributes
                0x0000061d       0x32 D:/Documentos/Electronica/Nueva carpeta/STM32CubeIDE_1.15.0/STM32CubeIDE/plugins/com.st.stm32cube.ide.mcu.externaltools.gnu-tools-for-stm32.12.3.rel1.win32_1.0.100.202403111256/tools/bin/../lib/gcc/arm-none-eabi/12.3.1/../../../../arm-none-eabi/lib/thumb/v7e-m+dp/hard\libc_nano.a(libc_a-errno.o)
 .ARM.attributes
                0x0000064f       0x32 D:/Documentos/Electronica/Nueva carpeta/STM32CubeIDE_1.15.0/STM32CubeIDE/plugins/com.st.stm32cube.ide.mcu.externaltools.gnu-tools-for-stm32.12.3.rel1.win32_1.0.100.202403111256/tools/bin/../lib/gcc/arm-none-eabi/12.3.1/../../../../arm-none-eabi/lib/thumb/v7e-m+dp/hard\libc_nano.a(libc_a-init.o)
 .ARM.attributes
                0x00000681       0x32 D:/Documentos/Electronica/Nueva carpeta/STM32CubeIDE_1.15.0/STM32CubeIDE/plugins/com.st.stm32cube.ide.mcu.externaltools.gnu-tools-for-stm32.12.3.rel1.win32_1.0.100.202403111256/tools/bin/../lib/gcc/arm-none-eabi/12.3.1/../../../../arm-none-eabi/lib/thumb/v7e-m+dp/hard\libc_nano.a(libc_a-lock.o)
 .ARM.attributes
                0x000006b3       0x17 D:/Documentos/Electronica/Nueva carpeta/STM32CubeIDE_1.15.0/STM32CubeIDE/plugins/com.st.stm32cube.ide.mcu.externaltools.gnu-tools-for-stm32.12.3.rel1.win32_1.0.100.202403111256/tools/bin/../lib/gcc/arm-none-eabi/12.3.1/../../../../arm-none-eabi/lib/thumb/v7e-m+dp/hard\libc_nano.a(libc_a-strlen.o)
 .ARM.attributes
                0x000006ca       0x32 D:/Documentos/Electronica/Nueva carpeta/STM32CubeIDE_1.15.0/STM32CubeIDE/plugins/com.st.stm32cube.ide.mcu.externaltools.gnu-tools-for-stm32.12.3.rel1.win32_1.0.100.202403111256/tools/bin/../lib/gcc/arm-none-eabi/12.3.1/../../../../arm-none-eabi/lib/thumb/v7e-m+dp/hard\libc_nano.a(libc_a-freer.o)
 .ARM.attributes
                0x000006fc       0x32 D:/Documentos/Electronica/Nueva carpeta/STM32CubeIDE_1.15.0/STM32CubeIDE/plugins/com.st.stm32cube.ide.mcu.externaltools.gnu-tools-for-stm32.12.3.rel1.win32_1.0.100.202403111256/tools/bin/../lib/gcc/arm-none-eabi/12.3.1/../../../../arm-none-eabi/lib/thumb/v7e-m+dp/hard\libc_nano.a(libc_a-mallocr.o)
 .ARM.attributes
                0x0000072e       0x32 D:/Documentos/Electronica/Nueva carpeta/STM32CubeIDE_1.15.0/STM32CubeIDE/plugins/com.st.stm32cube.ide.mcu.externaltools.gnu-tools-for-stm32.12.3.rel1.win32_1.0.100.202403111256/tools/bin/../lib/gcc/arm-none-eabi/12.3.1/../../../../arm-none-eabi/lib/thumb/v7e-m+dp/hard\libc_nano.a(libc_a-mlock.o)
 .ARM.attributes
                0x00000760       0x32 D:/Documentos/Electronica/Nueva carpeta/STM32CubeIDE_1.15.0/STM32CubeIDE/plugins/com.st.stm32cube.ide.mcu.externaltools.gnu-tools-for-stm32.12.3.rel1.win32_1.0.100.202403111256/tools/bin/../lib/gcc/arm-none-eabi/12.3.1/../../../../arm-none-eabi/lib/thumb/v7e-m+dp/hard\libc_nano.a(libc_a-nano-svfprintf.o)
 .ARM.attributes
                0x00000792       0x32 D:/Documentos/Electronica/Nueva carpeta/STM32CubeIDE_1.15.0/STM32CubeIDE/plugins/com.st.stm32cube.ide.mcu.externaltools.gnu-tools-for-stm32.12.3.rel1.win32_1.0.100.202403111256/tools/bin/../lib/gcc/arm-none-eabi/12.3.1/../../../../arm-none-eabi/lib/thumb/v7e-m+dp/hard\libc_nano.a(libc_a-nano-vfprintf_i.o)
 .ARM.attributes
                0x000007c4       0x32 D:/Documentos/Electronica/Nueva carpeta/STM32CubeIDE_1.15.0/STM32CubeIDE/plugins/com.st.stm32cube.ide.mcu.externaltools.gnu-tools-for-stm32.12.3.rel1.win32_1.0.100.202403111256/tools/bin/../lib/gcc/arm-none-eabi/12.3.1/../../../../arm-none-eabi/lib/thumb/v7e-m+dp/hard\libc_nano.a(libc_a-memmove.o)
 .ARM.attributes
                0x000007f6       0x32 D:/Documentos/Electronica/Nueva carpeta/STM32CubeIDE_1.15.0/STM32CubeIDE/plugins/com.st.stm32cube.ide.mcu.externaltools.gnu-tools-for-stm32.12.3.rel1.win32_1.0.100.202403111256/tools/bin/../lib/gcc/arm-none-eabi/12.3.1/../../../../arm-none-eabi/lib/thumb/v7e-m+dp/hard\libc_nano.a(libc_a-sbrkr.o)
 .ARM.attributes
                0x00000828       0x1c D:/Documentos/Electronica/Nueva carpeta/STM32CubeIDE_1.15.0/STM32CubeIDE/plugins/com.st.stm32cube.ide.mcu.externaltools.gnu-tools-for-stm32.12.3.rel1.win32_1.0.100.202403111256/tools/bin/../lib/gcc/arm-none-eabi/12.3.1/../../../../arm-none-eabi/lib/thumb/v7e-m+dp/hard\libc_nano.a(libc_a-memchr.o)
 .ARM.attributes
                0x00000844       0x32 D:/Documentos/Electronica/Nueva carpeta/STM32CubeIDE_1.15.0/STM32CubeIDE/plugins/com.st.stm32cube.ide.mcu.externaltools.gnu-tools-for-stm32.12.3.rel1.win32_1.0.100.202403111256/tools/bin/../lib/gcc/arm-none-eabi/12.3.1/../../../../arm-none-eabi/lib/thumb/v7e-m+dp/hard\libc_nano.a(libc_a-memcpy-stub.o)
 .ARM.attributes
                0x00000876       0x32 D:/Documentos/Electronica/Nueva carpeta/STM32CubeIDE_1.15.0/STM32CubeIDE/plugins/com.st.stm32cube.ide.mcu.externaltools.gnu-tools-for-stm32.12.3.rel1.win32_1.0.100.202403111256/tools/bin/../lib/gcc/arm-none-eabi/12.3.1/../../../../arm-none-eabi/lib/thumb/v7e-m+dp/hard\libc_nano.a(libc_a-reallocr.o)
 .ARM.attributes
                0x000008a8       0x32 D:/Documentos/Electronica/Nueva carpeta/STM32CubeIDE_1.15.0/STM32CubeIDE/plugins/com.st.stm32cube.ide.mcu.externaltools.gnu-tools-for-stm32.12.3.rel1.win32_1.0.100.202403111256/tools/bin/../lib/gcc/arm-none-eabi/12.3.1/../../../../arm-none-eabi/lib/thumb/v7e-m+dp/hard\libc_nano.a(libc_a-msizer.o)
 .ARM.attributes
                0x000008da       0x20 D:/Documentos/Electronica/Nueva carpeta/STM32CubeIDE_1.15.0/STM32CubeIDE/plugins/com.st.stm32cube.ide.mcu.externaltools.gnu-tools-for-stm32.12.3.rel1.win32_1.0.100.202403111256/tools/bin/../lib/gcc/arm-none-eabi/12.3.1/thumb/v7e-m+dp/hard\libgcc.a(_aeabi_uldivmod.o)
 .ARM.attributes
                0x000008fa       0x32 D:/Documentos/Electronica/Nueva carpeta/STM32CubeIDE_1.15.0/STM32CubeIDE/plugins/com.st.stm32cube.ide.mcu.externaltools.gnu-tools-for-stm32.12.3.rel1.win32_1.0.100.202403111256/tools/bin/../lib/gcc/arm-none-eabi/12.3.1/thumb/v7e-m+dp/hard\libgcc.a(_udivmoddi4.o)
 .ARM.attributes
                0x0000092c       0x20 D:/Documentos/Electronica/Nueva carpeta/STM32CubeIDE_1.15.0/STM32CubeIDE/plugins/com.st.stm32cube.ide.mcu.externaltools.gnu-tools-for-stm32.12.3.rel1.win32_1.0.100.202403111256/tools/bin/../lib/gcc/arm-none-eabi/12.3.1/thumb/v7e-m+dp/hard\libgcc.a(_dvmd_tls.o)
 .ARM.attributes
                0x0000094c       0x20 D:/Documentos/Electronica/Nueva carpeta/STM32CubeIDE_1.15.0/STM32CubeIDE/plugins/com.st.stm32cube.ide.mcu.externaltools.gnu-tools-for-stm32.12.3.rel1.win32_1.0.100.202403111256/tools/bin/../lib/gcc/arm-none-eabi/12.3.1/thumb/v7e-m+dp/hard/crtn.o
OUTPUT(CANLector_CM7.elf elf32-littlearm)
LOAD linker stubs
LOAD D:/Documentos/Electronica/Nueva carpeta/STM32CubeIDE_1.15.0/STM32CubeIDE/plugins/com.st.stm32cube.ide.mcu.externaltools.gnu-tools-for-stm32.12.3.rel1.win32_1.0.100.202403111256/tools/bin/../lib/gcc/arm-none-eabi/12.3.1/../../../../arm-none-eabi/lib/thumb/v7e-m+dp/hard\libc.a
LOAD D:/Documentos/Electronica/Nueva carpeta/STM32CubeIDE_1.15.0/STM32CubeIDE/plugins/com.st.stm32cube.ide.mcu.externaltools.gnu-tools-for-stm32.12.3.rel1.win32_1.0.100.202403111256/tools/bin/../lib/gcc/arm-none-eabi/12.3.1/../../../../arm-none-eabi/lib/thumb/v7e-m+dp/hard\libm.a
LOAD D:/Documentos/Electronica/Nueva carpeta/STM32CubeIDE_1.15.0/STM32CubeIDE/plugins/com.st.stm32cube.ide.mcu.externaltools.gnu-tools-for-stm32.12.3.rel1.win32_1.0.100.202403111256/tools/bin/../lib/gcc/arm-none-eabi/12.3.1/thumb/v7e-m+dp/hard\libgcc.a

.debug_info     0x00000000    0x1a547
 .debug_info    0x00000000      0xdb0 ./Common/Src/system_stm32h7xx_dualcore_boot_cm4_cm7.o
 .debug_info    0x00000db0     0x1f03 ./Core/Src/main.o
 .debug_info    0x00002cb3     0x13e3 ./Core/Src/stm32h7xx_hal_msp.o
 .debug_info    0x00004096      0x170 ./Core/Src/stm32h7xx_it.o
 .debug_info    0x00004206      0x168 ./Core/Src/sysmem.o
 .debug_info    0x0000436e       0x30 ./Core/Startup/startup_stm32h755zitx.o
 .debug_info    0x0000439e     0x1a87 ./Drivers/BSP/STM32H7xx_Nucleo/stm32h7xx_nucleo.o
 .debug_info    0x00005e25     0x177a ./Drivers/STM32H7xx_HAL_Driver/stm32h7xx_hal.o
 .debug_info    0x0000759f     0x10d0 ./Drivers/STM32H7xx_HAL_Driver/stm32h7xx_hal_cortex.o
 .debug_info    0x0000866f      0x9b8 ./Drivers/STM32H7xx_HAL_Driver/stm32h7xx_hal_exti.o
 .debug_info    0x00009027      0xcf7 ./Drivers/STM32H7xx_HAL_Driver/stm32h7xx_hal_gpio.o
 .debug_info    0x00009d1e      0x3d3 ./Drivers/STM32H7xx_HAL_Driver/stm32h7xx_hal_hsem.o
 .debug_info    0x0000a0f1     0x22a1 ./Drivers/STM32H7xx_HAL_Driver/stm32h7xx_hal_i2c.o
 .debug_info    0x0000c392      0xd84 ./Drivers/STM32H7xx_HAL_Driver/stm32h7xx_hal_i2c_ex.o
 .debug_info    0x0000d116     0x121b ./Drivers/STM32H7xx_HAL_Driver/stm32h7xx_hal_pwr_ex.o
 .debug_info    0x0000e331      0xe58 ./Drivers/STM32H7xx_HAL_Driver/stm32h7xx_hal_rcc.o
 .debug_info    0x0000f189     0x12f4 ./Drivers/STM32H7xx_HAL_Driver/stm32h7xx_hal_rcc_ex.o
 .debug_info    0x0001047d     0x1440 ./Drivers/STM32H7xx_HAL_Driver/stm32h7xx_hal_spi.o
 .debug_info    0x000118bd     0x4b13 ./Drivers/STM32H7xx_HAL_Driver/stm32h7xx_hal_uart.o
 .debug_info    0x000163d0      0x4e7 ./FATFS/App/fatfs.o
 .debug_info    0x000168b7      0x3b8 ./FATFS/Target/user_diskio.o
 .debug_info    0x00016c6f      0xdfe ./FATFS/Target/user_diskio_spi.o
 .debug_info    0x00017a6d      0x3ed ./Middlewares/Third_Party/FatFs/diskio.o
 .debug_info    0x00017e5a     0x2360 ./Middlewares/Third_Party/FatFs/ff.o
 .debug_info    0x0001a1ba      0x38d ./Middlewares/Third_Party/FatFs/ff_gen_drv.o

.debug_abbrev   0x00000000     0x34ff
 .debug_abbrev  0x00000000      0x14c ./Common/Src/system_stm32h7xx_dualcore_boot_cm4_cm7.o
 .debug_abbrev  0x0000014c      0x378 ./Core/Src/main.o
 .debug_abbrev  0x000004c4      0x211 ./Core/Src/stm32h7xx_hal_msp.o
 .debug_abbrev  0x000006d5       0xbc ./Core/Src/stm32h7xx_it.o
 .debug_abbrev  0x00000791       0xbc ./Core/Src/sysmem.o
 .debug_abbrev  0x0000084d       0x24 ./Core/Startup/startup_stm32h755zitx.o
 .debug_abbrev  0x00000871      0x340 ./Drivers/BSP/STM32H7xx_Nucleo/stm32h7xx_nucleo.o
 .debug_abbrev  0x00000bb1      0x295 ./Drivers/STM32H7xx_HAL_Driver/stm32h7xx_hal.o
 .debug_abbrev  0x00000e46      0x339 ./Drivers/STM32H7xx_HAL_Driver/stm32h7xx_hal_cortex.o
 .debug_abbrev  0x0000117f      0x20b ./Drivers/STM32H7xx_HAL_Driver/stm32h7xx_hal_exti.o
 .debug_abbrev  0x0000138a      0x1fe ./Drivers/STM32H7xx_HAL_Driver/stm32h7xx_hal_gpio.o
 .debug_abbrev  0x00001588      0x1d3 ./Drivers/STM32H7xx_HAL_Driver/stm32h7xx_hal_hsem.o
 .debug_abbrev  0x0000175b      0x25d ./Drivers/STM32H7xx_HAL_Driver/stm32h7xx_hal_i2c.o
 .debug_abbrev  0x000019b8      0x1f5 ./Drivers/STM32H7xx_HAL_Driver/stm32h7xx_hal_i2c_ex.o
 .debug_abbrev  0x00001bad      0x2d7 ./Drivers/STM32H7xx_HAL_Driver/stm32h7xx_hal_pwr_ex.o
 .debug_abbrev  0x00001e84      0x2c8 ./Drivers/STM32H7xx_HAL_Driver/stm32h7xx_hal_rcc.o
 .debug_abbrev  0x0000214c      0x269 ./Drivers/STM32H7xx_HAL_Driver/stm32h7xx_hal_rcc_ex.o
 .debug_abbrev  0x000023b5      0x2b1 ./Drivers/STM32H7xx_HAL_Driver/stm32h7xx_hal_spi.o
 .debug_abbrev  0x00002666      0x33d ./Drivers/STM32H7xx_HAL_Driver/stm32h7xx_hal_uart.o
 .debug_abbrev  0x000029a3      0x160 ./FATFS/App/fatfs.o
 .debug_abbrev  0x00002b03      0x143 ./FATFS/Target/user_diskio.o
 .debug_abbrev  0x00002c46      0x317 ./FATFS/Target/user_diskio_spi.o
 .debug_abbrev  0x00002f5d      0x181 ./Middlewares/Third_Party/FatFs/diskio.o
 .debug_abbrev  0x000030de      0x282 ./Middlewares/Third_Party/FatFs/ff.o
 .debug_abbrev  0x00003360      0x19f ./Middlewares/Third_Party/FatFs/ff_gen_drv.o

.debug_aranges  0x00000000     0x1418
 .debug_aranges
                0x00000000       0x28 ./Common/Src/system_stm32h7xx_dualcore_boot_cm4_cm7.o
 .debug_aranges
                0x00000028       0x80 ./Core/Src/main.o
 .debug_aranges
                0x000000a8       0x40 ./Core/Src/stm32h7xx_hal_msp.o
 .debug_aranges
                0x000000e8       0x68 ./Core/Src/stm32h7xx_it.o
 .debug_aranges
                0x00000150       0x20 ./Core/Src/sysmem.o
 .debug_aranges
                0x00000170       0x28 ./Core/Startup/startup_stm32h755zitx.o
 .debug_aranges
                0x00000198       0xb8 ./Drivers/BSP/STM32H7xx_Nucleo/stm32h7xx_nucleo.o
 .debug_aranges
                0x00000250      0x200 ./Drivers/STM32H7xx_HAL_Driver/stm32h7xx_hal.o
 .debug_aranges
                0x00000450      0x130 ./Drivers/STM32H7xx_HAL_Driver/stm32h7xx_hal_cortex.o
 .debug_aranges
                0x00000580       0x60 ./Drivers/STM32H7xx_HAL_Driver/stm32h7xx_hal_exti.o
 .debug_aranges
                0x000005e0       0x58 ./Drivers/STM32H7xx_HAL_Driver/stm32h7xx_hal_gpio.o
 .debug_aranges
                0x00000638       0x70 ./Drivers/STM32H7xx_HAL_Driver/stm32h7xx_hal_hsem.o
 .debug_aranges
                0x000006a8      0x2a0 ./Drivers/STM32H7xx_HAL_Driver/stm32h7xx_hal_i2c.o
 .debug_aranges
                0x00000948       0x48 ./Drivers/STM32H7xx_HAL_Driver/stm32h7xx_hal_i2c_ex.o
 .debug_aranges
                0x00000990      0x170 ./Drivers/STM32H7xx_HAL_Driver/stm32h7xx_hal_pwr_ex.o
 .debug_aranges
                0x00000b00       0x88 ./Drivers/STM32H7xx_HAL_Driver/stm32h7xx_hal_rcc.o
 .debug_aranges
                0x00000b88      0x100 ./Drivers/STM32H7xx_HAL_Driver/stm32h7xx_hal_rcc_ex.o
 .debug_aranges
                0x00000c88      0x1a8 ./Drivers/STM32H7xx_HAL_Driver/stm32h7xx_hal_spi.o
 .debug_aranges
                0x00000e30      0x248 ./Drivers/STM32H7xx_HAL_Driver/stm32h7xx_hal_uart.o
 .debug_aranges
                0x00001078       0x28 ./FATFS/App/fatfs.o
 .debug_aranges
                0x000010a0       0x40 ./FATFS/Target/user_diskio.o
 .debug_aranges
                0x000010e0       0x98 ./FATFS/Target/user_diskio_spi.o
 .debug_aranges
                0x00001178       0x48 ./Middlewares/Third_Party/FatFs/diskio.o
 .debug_aranges
                0x000011c0      0x218 ./Middlewares/Third_Party/FatFs/ff.o
 .debug_aranges
                0x000013d8       0x40 ./Middlewares/Third_Party/FatFs/ff_gen_drv.o

.debug_rnglists
                0x00000000      0xf83
 .debug_rnglists
                0x00000000       0x1b ./Common/Src/system_stm32h7xx_dualcore_boot_cm4_cm7.o
 .debug_rnglists
                0x0000001b       0x61 ./Core/Src/main.o
 .debug_rnglists
                0x0000007c       0x2d ./Core/Src/stm32h7xx_hal_msp.o
 .debug_rnglists
                0x000000a9       0x49 ./Core/Src/stm32h7xx_it.o
 .debug_rnglists
                0x000000f2       0x13 ./Core/Src/sysmem.o
 .debug_rnglists
                0x00000105       0x19 ./Core/Startup/startup_stm32h755zitx.o
 .debug_rnglists
                0x0000011e       0x88 ./Drivers/BSP/STM32H7xx_Nucleo/stm32h7xx_nucleo.o
 .debug_rnglists
                0x000001a6      0x180 ./Drivers/STM32H7xx_HAL_Driver/stm32h7xx_hal.o
 .debug_rnglists
                0x00000326       0xe0 ./Drivers/STM32H7xx_HAL_Driver/stm32h7xx_hal_cortex.o
 .debug_rnglists
                0x00000406       0x46 ./Drivers/STM32H7xx_HAL_Driver/stm32h7xx_hal_exti.o
 .debug_rnglists
                0x0000044c       0x3f ./Drivers/STM32H7xx_HAL_Driver/stm32h7xx_hal_gpio.o
 .debug_rnglists
                0x0000048b       0x4f ./Drivers/STM32H7xx_HAL_Driver/stm32h7xx_hal_hsem.o
 .debug_rnglists
                0x000004da      0x22a ./Drivers/STM32H7xx_HAL_Driver/stm32h7xx_hal_i2c.o
 .debug_rnglists
                0x00000704       0x35 ./Drivers/STM32H7xx_HAL_Driver/stm32h7xx_hal_i2c_ex.o
 .debug_rnglists
                0x00000739      0x117 ./Drivers/STM32H7xx_HAL_Driver/stm32h7xx_hal_pwr_ex.o
 .debug_rnglists
                0x00000850       0x68 ./Drivers/STM32H7xx_HAL_Driver/stm32h7xx_hal_rcc.o
 .debug_rnglists
                0x000008b8       0xc6 ./Drivers/STM32H7xx_HAL_Driver/stm32h7xx_hal_rcc_ex.o
 .debug_rnglists
                0x0000097e      0x148 ./Drivers/STM32H7xx_HAL_Driver/stm32h7xx_hal_spi.o
 .debug_rnglists
                0x00000ac6      0x1fa ./Drivers/STM32H7xx_HAL_Driver/stm32h7xx_hal_uart.o
 .debug_rnglists
                0x00000cc0       0x19 ./FATFS/App/fatfs.o
 .debug_rnglists
                0x00000cd9       0x2b ./FATFS/Target/user_diskio.o
 .debug_rnglists
                0x00000d04       0x72 ./FATFS/Target/user_diskio_spi.o
 .debug_rnglists
                0x00000d76       0x31 ./Middlewares/Third_Party/FatFs/diskio.o
 .debug_rnglists
                0x00000da7      0x1b0 ./Middlewares/Third_Party/FatFs/ff.o
 .debug_rnglists
                0x00000f57       0x2c ./Middlewares/Third_Party/FatFs/ff_gen_drv.o

.debug_macro    0x00000000    0x3c9ec
 .debug_macro   0x00000000      0x2ae ./Common/Src/system_stm32h7xx_dualcore_boot_cm4_cm7.o
 .debug_macro   0x000002ae      0xad8 ./Common/Src/system_stm32h7xx_dualcore_boot_cm4_cm7.o
 .debug_macro   0x00000d86       0x2e ./Common/Src/system_stm32h7xx_dualcore_boot_cm4_cm7.o
 .debug_macro   0x00000db4       0x49 ./Common/Src/system_stm32h7xx_dualcore_boot_cm4_cm7.o
 .debug_macro   0x00000dfd       0x22 ./Common/Src/system_stm32h7xx_dualcore_boot_cm4_cm7.o
 .debug_macro   0x00000e1f       0x8e ./Common/Src/system_stm32h7xx_dualcore_boot_cm4_cm7.o
 .debug_macro   0x00000ead       0x51 ./Common/Src/system_stm32h7xx_dualcore_boot_cm4_cm7.o
 .debug_macro   0x00000efe      0x103 ./Common/Src/system_stm32h7xx_dualcore_boot_cm4_cm7.o
 .debug_macro   0x00001001       0x6a ./Common/Src/system_stm32h7xx_dualcore_boot_cm4_cm7.o
 .debug_macro   0x0000106b      0x1df ./Common/Src/system_stm32h7xx_dualcore_boot_cm4_cm7.o
 .debug_macro   0x0000124a       0x1c ./Common/Src/system_stm32h7xx_dualcore_boot_cm4_cm7.o
 .debug_macro   0x00001266       0x22 ./Common/Src/system_stm32h7xx_dualcore_boot_cm4_cm7.o
 .debug_macro   0x00001288       0xfb ./Common/Src/system_stm32h7xx_dualcore_boot_cm4_cm7.o
 .debug_macro   0x00001383     0x1305 ./Common/Src/system_stm32h7xx_dualcore_boot_cm4_cm7.o
 .debug_macro   0x00002688      0x11f ./Common/Src/system_stm32h7xx_dualcore_boot_cm4_cm7.o
 .debug_macro   0x000027a7       0x27 ./Common/Src/system_stm32h7xx_dualcore_boot_cm4_cm7.o
 .debug_macro   0x000027ce    0x273f2 ./Common/Src/system_stm32h7xx_dualcore_boot_cm4_cm7.o
 .debug_macro   0x00029bc0       0x6d ./Common/Src/system_stm32h7xx_dualcore_boot_cm4_cm7.o
 .debug_macro   0x00029c2d      0x238 ./Common/Src/system_stm32h7xx_dualcore_boot_cm4_cm7.o
 .debug_macro   0x00029e65     0x3d79 ./Common/Src/system_stm32h7xx_dualcore_boot_cm4_cm7.o
 .debug_macro   0x0002dbde      0x189 ./Common/Src/system_stm32h7xx_dualcore_boot_cm4_cm7.o
 .debug_macro   0x0002dd67       0x61 ./Common/Src/system_stm32h7xx_dualcore_boot_cm4_cm7.o
 .debug_macro   0x0002ddc8       0x29 ./Common/Src/system_stm32h7xx_dualcore_boot_cm4_cm7.o
 .debug_macro   0x0002ddf1       0x43 ./Common/Src/system_stm32h7xx_dualcore_boot_cm4_cm7.o
 .debug_macro   0x0002de34       0x34 ./Common/Src/system_stm32h7xx_dualcore_boot_cm4_cm7.o
 .debug_macro   0x0002de68       0x16 ./Common/Src/system_stm32h7xx_dualcore_boot_cm4_cm7.o
 .debug_macro   0x0002de7e       0x43 ./Common/Src/system_stm32h7xx_dualcore_boot_cm4_cm7.o
 .debug_macro   0x0002dec1       0x34 ./Common/Src/system_stm32h7xx_dualcore_boot_cm4_cm7.o
 .debug_macro   0x0002def5       0x10 ./Common/Src/system_stm32h7xx_dualcore_boot_cm4_cm7.o
 .debug_macro   0x0002df05       0x58 ./Common/Src/system_stm32h7xx_dualcore_boot_cm4_cm7.o
 .debug_macro   0x0002df5d       0x8e ./Common/Src/system_stm32h7xx_dualcore_boot_cm4_cm7.o
 .debug_macro   0x0002dfeb       0x1c ./Common/Src/system_stm32h7xx_dualcore_boot_cm4_cm7.o
 .debug_macro   0x0002e007      0x177 ./Common/Src/system_stm32h7xx_dualcore_boot_cm4_cm7.o
 .debug_macro   0x0002e17e      0x369 ./Common/Src/system_stm32h7xx_dualcore_boot_cm4_cm7.o
 .debug_macro   0x0002e4e7      0x19b ./Common/Src/system_stm32h7xx_dualcore_boot_cm4_cm7.o
 .debug_macro   0x0002e682       0x5d ./Common/Src/system_stm32h7xx_dualcore_boot_cm4_cm7.o
 .debug_macro   0x0002e6df     0x3b99 ./Common/Src/system_stm32h7xx_dualcore_boot_cm4_cm7.o
 .debug_macro   0x00032278     0x1072 ./Common/Src/system_stm32h7xx_dualcore_boot_cm4_cm7.o
 .debug_macro   0x000332ea      0x154 ./Common/Src/system_stm32h7xx_dualcore_boot_cm4_cm7.o
 .debug_macro   0x0003343e      0x130 ./Common/Src/system_stm32h7xx_dualcore_boot_cm4_cm7.o
 .debug_macro   0x0003356e      0x3c2 ./Common/Src/system_stm32h7xx_dualcore_boot_cm4_cm7.o
 .debug_macro   0x00033930       0xac ./Common/Src/system_stm32h7xx_dualcore_boot_cm4_cm7.o
 .debug_macro   0x000339dc      0x72d ./Common/Src/system_stm32h7xx_dualcore_boot_cm4_cm7.o
 .debug_macro   0x00034109      0x228 ./Common/Src/system_stm32h7xx_dualcore_boot_cm4_cm7.o
 .debug_macro   0x00034331       0x66 ./Common/Src/system_stm32h7xx_dualcore_boot_cm4_cm7.o
 .debug_macro   0x00034397      0x3bb ./Common/Src/system_stm32h7xx_dualcore_boot_cm4_cm7.o
 .debug_macro   0x00034752      0x407 ./Common/Src/system_stm32h7xx_dualcore_boot_cm4_cm7.o
 .debug_macro   0x00034b59      0x27c ./Common/Src/system_stm32h7xx_dualcore_boot_cm4_cm7.o
 .debug_macro   0x00034dd5      0x3ca ./Common/Src/system_stm32h7xx_dualcore_boot_cm4_cm7.o
 .debug_macro   0x0003519f      0x4a2 ./Common/Src/system_stm32h7xx_dualcore_boot_cm4_cm7.o
 .debug_macro   0x00035641       0x51 ./Common/Src/system_stm32h7xx_dualcore_boot_cm4_cm7.o
 .debug_macro   0x00035692       0x4a ./Common/Src/system_stm32h7xx_dualcore_boot_cm4_cm7.o
 .debug_macro   0x000356dc      0x22c ./Common/Src/system_stm32h7xx_dualcore_boot_cm4_cm7.o
 .debug_macro   0x00035908       0x67 ./Common/Src/system_stm32h7xx_dualcore_boot_cm4_cm7.o
 .debug_macro   0x0003596f       0xa5 ./Common/Src/system_stm32h7xx_dualcore_boot_cm4_cm7.o
 .debug_macro   0x00035a14      0x218 ./Common/Src/system_stm32h7xx_dualcore_boot_cm4_cm7.o
 .debug_macro   0x00035c2c      0x2ea ./Common/Src/system_stm32h7xx_dualcore_boot_cm4_cm7.o
 .debug_macro   0x00035f16       0x35 ./Common/Src/system_stm32h7xx_dualcore_boot_cm4_cm7.o
 .debug_macro   0x00035f4b      0x5e4 ./Common/Src/system_stm32h7xx_dualcore_boot_cm4_cm7.o
 .debug_macro   0x0003652f       0xc1 ./Common/Src/system_stm32h7xx_dualcore_boot_cm4_cm7.o
 .debug_macro   0x000365f0      0x693 ./Common/Src/system_stm32h7xx_dualcore_boot_cm4_cm7.o
 .debug_macro   0x00036c83       0xa6 ./Common/Src/system_stm32h7xx_dualcore_boot_cm4_cm7.o
 .debug_macro   0x00036d29      0x798 ./Common/Src/system_stm32h7xx_dualcore_boot_cm4_cm7.o
 .debug_macro   0x000374c1      0x3d3 ./Core/Src/main.o
 .debug_macro   0x00037894       0x34 ./Core/Src/main.o
 .debug_macro   0x000378c8       0x52 ./Core/Src/main.o
 .debug_macro   0x0003791a      0x137 ./Core/Src/main.o
 .debug_macro   0x00037a51       0x1c ./Core/Src/main.o
 .debug_macro   0x00037a6d       0x35 ./Core/Src/main.o
 .debug_macro   0x00037aa2       0x10 ./Core/Src/main.o
 .debug_macro   0x00037ab2       0x1c ./Core/Src/main.o
 .debug_macro   0x00037ace       0x16 ./Core/Src/main.o
 .debug_macro   0x00037ae4      0x146 ./Core/Src/main.o
 .debug_macro   0x00037c2a       0x2e ./Core/Src/main.o
 .debug_macro   0x00037c58       0xeb ./Core/Src/main.o
 .debug_macro   0x00037d43       0x16 ./Core/Src/main.o
 .debug_macro   0x00037d59       0x16 ./Core/Src/main.o
 .debug_macro   0x00037d6f       0x29 ./Core/Src/main.o
 .debug_macro   0x00037d98       0x12 ./Core/Src/main.o
 .debug_macro   0x00037daa       0xdb ./Core/Src/main.o
 .debug_macro   0x00037e85       0x8e ./Core/Src/main.o
 .debug_macro   0x00037f13       0x16 ./Core/Src/main.o
 .debug_macro   0x00037f29       0x20 ./Core/Src/main.o
 .debug_macro   0x00037f49      0x312 ./Core/Src/stm32h7xx_hal_msp.o
 .debug_macro   0x0003825b      0x31c ./Core/Src/stm32h7xx_it.o
 .debug_macro   0x00038577       0xff ./Core/Src/sysmem.o
 .debug_macro   0x00038676      0x23c ./Core/Src/sysmem.o
 .debug_macro   0x000388b2      0x2d5 ./Drivers/BSP/STM32H7xx_Nucleo/stm32h7xx_nucleo.o
 .debug_macro   0x00038b87       0x2e ./Drivers/BSP/STM32H7xx_Nucleo/stm32h7xx_nucleo.o
 .debug_macro   0x00038bb5      0x2d8 ./Drivers/STM32H7xx_HAL_Driver/stm32h7xx_hal.o
 .debug_macro   0x00038e8d      0x2ae ./Drivers/STM32H7xx_HAL_Driver/stm32h7xx_hal_cortex.o
 .debug_macro   0x0003913b      0x2bc ./Drivers/STM32H7xx_HAL_Driver/stm32h7xx_hal_exti.o