15:24:22 **** Build of configuration Debug for project CANLector_CM4 ****
make -j16 all 
arm-none-eabi-gcc "C:/git/CAN/CANLector/Drivers/STM32H7xx_HAL_Driver/Src/stm32h7xx_hal.c" -mcpu=cortex-m4 -std=gnu11 -g3 -DDEBUG -DCORE_CM4 -DUSE_HAL_DRIVER -DSTM32H755xx -DUSE_NUCLEO_64 -c -I../Core/Inc -I../../Drivers/STM32H7xx_HAL_Driver/Inc -I../../Drivers/STM32H7xx_HAL_Driver/Inc/Legacy -I../../Drivers/BSP/STM32H7xx_Nucleo -I../../Drivers/CMSIS/Device/ST/STM32H7xx/Include -I../../Drivers/CMSIS/Include -O0 -ffunction-sections -fdata-sections -Wall -fstack-usage -fcyclomatic-complexity -MMD -MP -MF"Drivers/STM32H7xx_HAL_Driver/stm32h7xx_hal.d" -MT"Drivers/STM32H7xx_HAL_Driver/stm32h7xx_hal.o" --specs=nano.specs -mfpu=fpv4-sp-d16 -mfloat-abi=hard -mthumb -o "Drivers/STM32H7xx_HAL_Driver/stm32h7xx_hal.o"
arm-none-eabi-gcc "C:/git/CAN/CANLector/Drivers/STM32H7xx_HAL_Driver/Src/stm32h7xx_hal_cortex.c" -mcpu=cortex-m4 -std=gnu11 -g3 -DDEBUG -DCORE_CM4 -DUSE_HAL_DRIVER -DSTM32H755xx -DUSE_NUCLEO_64 -c -I../Core/Inc -I../../Drivers/STM32H7xx_HAL_Driver/Inc -I../../Drivers/STM32H7xx_HAL_Driver/Inc/Legacy -I../../Drivers/BSP/STM32H7xx_Nucleo -I../../Drivers/CMSIS/Device/ST/STM32H7xx/Include -I../../Drivers/CMSIS/Include -O0 -ffunction-sections -fdata-sections -Wall -fstack-usage -fcyclomatic-complexity -MMD -MP -MF"Drivers/STM32H7xx_HAL_Driver/stm32h7xx_hal_cortex.d" -MT"Drivers/STM32H7xx_HAL_Driver/stm32h7xx_hal_cortex.o" --specs=nano.specs -mfpu=fpv4-sp-d16 -mfloat-abi=hard -mthumb -o "Drivers/STM32H7xx_HAL_Driver/stm32h7xx_hal_cortex.o"
arm-none-eabi-gcc "C:/git/CAN/CANLector/Drivers/STM32H7xx_HAL_Driver/Src/stm32h7xx_hal_dma.c" -mcpu=cortex-m4 -std=gnu11 -g3 -DDEBUG -DCORE_CM4 -DUSE_HAL_DRIVER -DSTM32H755xx -DUSE_NUCLEO_64 -c -I../Core/Inc -I../../Drivers/STM32H7xx_HAL_Driver/Inc -I../../Drivers/STM32H7xx_HAL_Driver/Inc/Legacy -I../../Drivers/BSP/STM32H7xx_Nucleo -I../../Drivers/CMSIS/Device/ST/STM32H7xx/Include -I../../Drivers/CMSIS/Include -O0 -ffunction-sections -fdata-sections -Wall -fstack-usage -fcyclomatic-complexity -MMD -MP -MF"Drivers/STM32H7xx_HAL_Driver/stm32h7xx_hal_dma.d" -MT"Drivers/STM32H7xx_HAL_Driver/stm32h7xx_hal_dma.o" --specs=nano.specs -mfpu=fpv4-sp-d16 -mfloat-abi=hard -mthumb -o "Drivers/STM32H7xx_HAL_Driver/stm32h7xx_hal_dma.o"
arm-none-eabi-gcc "C:/git/CAN/CANLector/Drivers/STM32H7xx_HAL_Driver/Src/stm32h7xx_hal_dma_ex.c" -mcpu=cortex-m4 -std=gnu11 -g3 -DDEBUG -DCORE_CM4 -DUSE_HAL_DRIVER -DSTM32H755xx -DUSE_NUCLEO_64 -c -I../Core/Inc -I../../Drivers/STM32H7xx_HAL_Driver/Inc -I../../Drivers/STM32H7xx_HAL_Driver/Inc/Legacy -I../../Drivers/BSP/STM32H7xx_Nucleo -I../../Drivers/CMSIS/Device/ST/STM32H7xx/Include -I../../Drivers/CMSIS/Include -O0 -ffunction-sections -fdata-sections -Wall -fstack-usage -fcyclomatic-complexity -MMD -MP -MF"Drivers/STM32H7xx_HAL_Driver/stm32h7xx_hal_dma_ex.d" -MT"Drivers/STM32H7xx_HAL_Driver/stm32h7xx_hal_dma_ex.o" --specs=nano.specs -mfpu=fpv4-sp-d16 -mfloat-abi=hard -mthumb -o "Drivers/STM32H7xx_HAL_Driver/stm32h7xx_hal_dma_ex.o"
arm-none-eabi-gcc "C:/git/CAN/CANLector/Drivers/STM32H7xx_HAL_Driver/Src/stm32h7xx_hal_exti.c" -mcpu=cortex-m4 -std=gnu11 -g3 -DDEBUG -DCORE_CM4 -DUSE_HAL_DRIVER -DSTM32H755xx -DUSE_NUCLEO_64 -c -I../Core/Inc -I../../Drivers/STM32H7xx_HAL_Driver/Inc -I../../Drivers/STM32H7xx_HAL_Driver/Inc/Legacy -I../../Drivers/BSP/STM32H7xx_Nucleo -I../../Drivers/CMSIS/Device/ST/STM32H7xx/Include -I../../Drivers/CMSIS/Include -O0 -ffunction-sections -fdata-sections -Wall -fstack-usage -fcyclomatic-complexity -MMD -MP -MF"Drivers/STM32H7xx_HAL_Driver/stm32h7xx_hal_exti.d" -MT"Drivers/STM32H7xx_HAL_Driver/stm32h7xx_hal_exti.o" --specs=nano.specs -mfpu=fpv4-sp-d16 -mfloat-abi=hard -mthumb -o "Drivers/STM32H7xx_HAL_Driver/stm32h7xx_hal_exti.o"
arm-none-eabi-gcc "C:/git/CAN/CANLector/Drivers/STM32H7xx_HAL_Driver/Src/stm32h7xx_hal_flash.c" -mcpu=cortex-m4 -std=gnu11 -g3 -DDEBUG -DCORE_CM4 -DUSE_HAL_DRIVER -DSTM32H755xx -DUSE_NUCLEO_64 -c -I../Core/Inc -I../../Drivers/STM32H7xx_HAL_Driver/Inc -I../../Drivers/STM32H7xx_HAL_Driver/Inc/Legacy -I../../Drivers/BSP/STM32H7xx_Nucleo -I../../Drivers/CMSIS/Device/ST/STM32H7xx/Include -I../../Drivers/CMSIS/Include -O0 -ffunction-sections -fdata-sections -Wall -fstack-usage -fcyclomatic-complexity -MMD -MP -MF"Drivers/STM32H7xx_HAL_Driver/stm32h7xx_hal_flash.d" -MT"Drivers/STM32H7xx_HAL_Driver/stm32h7xx_hal_flash.o" --specs=nano.specs -mfpu=fpv4-sp-d16 -mfloat-abi=hard -mthumb -o "Drivers/STM32H7xx_HAL_Driver/stm32h7xx_hal_flash.o"
arm-none-eabi-gcc "C:/git/CAN/CANLector/Drivers/STM32H7xx_HAL_Driver/Src/stm32h7xx_hal_flash_ex.c" -mcpu=cortex-m4 -std=gnu11 -g3 -DDEBUG -DCORE_CM4 -DUSE_HAL_DRIVER -DSTM32H755xx -DUSE_NUCLEO_64 -c -I../Core/Inc -I../../Drivers/STM32H7xx_HAL_Driver/Inc -I../../Drivers/STM32H7xx_HAL_Driver/Inc/Legacy -I../../Drivers/BSP/STM32H7xx_Nucleo -I../../Drivers/CMSIS/Device/ST/STM32H7xx/Include -I../../Drivers/CMSIS/Include -O0 -ffunction-sections -fdata-sections -Wall -fstack-usage -fcyclomatic-complexity -MMD -MP -MF"Drivers/STM32H7xx_HAL_Driver/stm32h7xx_hal_flash_ex.d" -MT"Drivers/STM32H7xx_HAL_Driver/stm32h7xx_hal_flash_ex.o" --specs=nano.specs -mfpu=fpv4-sp-d16 -mfloat-abi=hard -mthumb -o "Drivers/STM32H7xx_HAL_Driver/stm32h7xx_hal_flash_ex.o"
arm-none-eabi-gcc "C:/git/CAN/CANLector/Drivers/STM32H7xx_HAL_Driver/Src/stm32h7xx_hal_gpio.c" -mcpu=cortex-m4 -std=gnu11 -g3 -DDEBUG -DCORE_CM4 -DUSE_HAL_DRIVER -DSTM32H755xx -DUSE_NUCLEO_64 -c -I../Core/Inc -I../../Drivers/STM32H7xx_HAL_Driver/Inc -I../../Drivers/STM32H7xx_HAL_Driver/Inc/Legacy -I../../Drivers/BSP/STM32H7xx_Nucleo -I../../Drivers/CMSIS/Device/ST/STM32H7xx/Include -I../../Drivers/CMSIS/Include -O0 -ffunction-sections -fdata-sections -Wall -fstack-usage -fcyclomatic-complexity -MMD -MP -MF"Drivers/STM32H7xx_HAL_Driver/stm32h7xx_hal_gpio.d" -MT"Drivers/STM32H7xx_HAL_Driver/stm32h7xx_hal_gpio.o" --specs=nano.specs -mfpu=fpv4-sp-d16 -mfloat-abi=hard -mthumb -o "Drivers/STM32H7xx_HAL_Driver/stm32h7xx_hal_gpio.o"
arm-none-eabi-gcc "C:/git/CAN/CANLector/Drivers/STM32H7xx_HAL_Driver/Src/stm32h7xx_hal_hsem.c" -mcpu=cortex-m4 -std=gnu11 -g3 -DDEBUG -DCORE_CM4 -DUSE_HAL_DRIVER -DSTM32H755xx -DUSE_NUCLEO_64 -c -I../Core/Inc -I../../Drivers/STM32H7xx_HAL_Driver/Inc -I../../Drivers/STM32H7xx_HAL_Driver/Inc/Legacy -I../../Drivers/BSP/STM32H7xx_Nucleo -I../../Drivers/CMSIS/Device/ST/STM32H7xx/Include -I../../Drivers/CMSIS/Include -O0 -ffunction-sections -fdata-sections -Wall -fstack-usage -fcyclomatic-complexity -MMD -MP -MF"Drivers/STM32H7xx_HAL_Driver/stm32h7xx_hal_hsem.d" -MT"Drivers/STM32H7xx_HAL_Driver/stm32h7xx_hal_hsem.o" --specs=nano.specs -mfpu=fpv4-sp-d16 -mfloat-abi=hard -mthumb -o "Drivers/STM32H7xx_HAL_Driver/stm32h7xx_hal_hsem.o"
arm-none-eabi-gcc "C:/git/CAN/CANLector/Drivers/STM32H7xx_HAL_Driver/Src/stm32h7xx_hal_i2c.c" -mcpu=cortex-m4 -std=gnu11 -g3 -DDEBUG -DCORE_CM4 -DUSE_HAL_DRIVER -DSTM32H755xx -DUSE_NUCLEO_64 -c -I../Core/Inc -I../../Drivers/STM32H7xx_HAL_Driver/Inc -I../../Drivers/STM32H7xx_HAL_Driver/Inc/Legacy -I../../Drivers/BSP/STM32H7xx_Nucleo -I../../Drivers/CMSIS/Device/ST/STM32H7xx/Include -I../../Drivers/CMSIS/Include -O0 -ffunction-sections -fdata-sections -Wall -fstack-usage -fcyclomatic-complexity -MMD -MP -MF"Drivers/STM32H7xx_HAL_Driver/stm32h7xx_hal_i2c.d" -MT"Drivers/STM32H7xx_HAL_Driver/stm32h7xx_hal_i2c.o" --specs=nano.specs -mfpu=fpv4-sp-d16 -mfloat-abi=hard -mthumb -o "Drivers/STM32H7xx_HAL_Driver/stm32h7xx_hal_i2c.o"
arm-none-eabi-gcc "C:/git/CAN/CANLector/Drivers/STM32H7xx_HAL_Driver/Src/stm32h7xx_hal_i2c_ex.c" -mcpu=cortex-m4 -std=gnu11 -g3 -DDEBUG -DCORE_CM4 -DUSE_HAL_DRIVER -DSTM32H755xx -DUSE_NUCLEO_64 -c -I../Core/Inc -I../../Drivers/STM32H7xx_HAL_Driver/Inc -I../../Drivers/STM32H7xx_HAL_Driver/Inc/Legacy -I../../Drivers/BSP/STM32H7xx_Nucleo -I../../Drivers/CMSIS/Device/ST/STM32H7xx/Include -I../../Drivers/CMSIS/Include -O0 -ffunction-sections -fdata-sections -Wall -fstack-usage -fcyclomatic-complexity -MMD -MP -MF"Drivers/STM32H7xx_HAL_Driver/stm32h7xx_hal_i2c_ex.d" -MT"Drivers/STM32H7xx_HAL_Driver/stm32h7xx_hal_i2c_ex.o" --specs=nano.specs -mfpu=fpv4-sp-d16 -mfloat-abi=hard -mthumb -o "Drivers/STM32H7xx_HAL_Driver/stm32h7xx_hal_i2c_ex.o"
arm-none-eabi-gcc "C:/git/CAN/CANLector/Drivers/STM32H7xx_HAL_Driver/Src/stm32h7xx_hal_mdma.c" -mcpu=cortex-m4 -std=gnu11 -g3 -DDEBUG -DCORE_CM4 -DUSE_HAL_DRIVER -DSTM32H755xx -DUSE_NUCLEO_64 -c -I../Core/Inc -I../../Drivers/STM32H7xx_HAL_Driver/Inc -I../../Drivers/STM32H7xx_HAL_Driver/Inc/Legacy -I../../Drivers/BSP/STM32H7xx_Nucleo -I../../Drivers/CMSIS/Device/ST/STM32H7xx/Include -I../../Drivers/CMSIS/Include -O0 -ffunction-sections -fdata-sections -Wall -fstack-usage -fcyclomatic-complexity -MMD -MP -MF"Drivers/STM32H7xx_HAL_Driver/stm32h7xx_hal_mdma.d" -MT"Drivers/STM32H7xx_HAL_Driver/stm32h7xx_hal_mdma.o" --specs=nano.specs -mfpu=fpv4-sp-d16 -mfloat-abi=hard -mthumb -o "Drivers/STM32H7xx_HAL_Driver/stm32h7xx_hal_mdma.o"
arm-none-eabi-gcc "C:/git/CAN/CANLector/Drivers/STM32H7xx_HAL_Driver/Src/stm32h7xx_hal_pwr.c" -mcpu=cortex-m4 -std=gnu11 -g3 -DDEBUG -DCORE_CM4 -DUSE_HAL_DRIVER -DSTM32H755xx -DUSE_NUCLEO_64 -c -I../Core/Inc -I../../Drivers/STM32H7xx_HAL_Driver/Inc -I../../Drivers/STM32H7xx_HAL_Driver/Inc/Legacy -I../../Drivers/BSP/STM32H7xx_Nucleo -I../../Drivers/CMSIS/Device/ST/STM32H7xx/Include -I../../Drivers/CMSIS/Include -O0 -ffunction-sections -fdata-sections -Wall -fstack-usage -fcyclomatic-complexity -MMD -MP -MF"Drivers/STM32H7xx_HAL_Driver/stm32h7xx_hal_pwr.d" -MT"Drivers/STM32H7xx_HAL_Driver/stm32h7xx_hal_pwr.o" --specs=nano.specs -mfpu=fpv4-sp-d16 -mfloat-abi=hard -mthumb -o "Drivers/STM32H7xx_HAL_Driver/stm32h7xx_hal_pwr.o"
arm-none-eabi-gcc "C:/git/CAN/CANLector/Drivers/STM32H7xx_HAL_Driver/Src/stm32h7xx_hal_pwr_ex.c" -mcpu=cortex-m4 -std=gnu11 -g3 -DDEBUG -DCORE_CM4 -DUSE_HAL_DRIVER -DSTM32H755xx -DUSE_NUCLEO_64 -c -I../Core/Inc -I../../Drivers/STM32H7xx_HAL_Driver/Inc -I../../Drivers/STM32H7xx_HAL_Driver/Inc/Legacy -I../../Drivers/BSP/STM32H7xx_Nucleo -I../../Drivers/CMSIS/Device/ST/STM32H7xx/Include -I../../Drivers/CMSIS/Include -O0 -ffunction-sections -fdata-sections -Wall -fstack-usage -fcyclomatic-complexity -MMD -MP -MF"Drivers/STM32H7xx_HAL_Driver/stm32h7xx_hal_pwr_ex.d" -MT"Drivers/STM32H7xx_HAL_Driver/stm32h7xx_hal_pwr_ex.o" --specs=nano.specs -mfpu=fpv4-sp-d16 -mfloat-abi=hard -mthumb -o "Drivers/STM32H7xx_HAL_Driver/stm32h7xx_hal_pwr_ex.o"
arm-none-eabi-gcc "C:/git/CAN/CANLector/Drivers/STM32H7xx_HAL_Driver/Src/stm32h7xx_hal_rcc.c" -mcpu=cortex-m4 -std=gnu11 -g3 -DDEBUG -DCORE_CM4 -DUSE_HAL_DRIVER -DSTM32H755xx -DUSE_NUCLEO_64 -c -I../Core/Inc -I../../Drivers/STM32H7xx_HAL_Driver/Inc -I../../Drivers/STM32H7xx_HAL_Driver/Inc/Legacy -I../../Drivers/BSP/STM32H7xx_Nucleo -I../../Drivers/CMSIS/Device/ST/STM32H7xx/Include -I../../Drivers/CMSIS/Include -O0 -ffunction-sections -fdata-sections -Wall -fstack-usage -fcyclomatic-complexity -MMD -MP -MF"Drivers/STM32H7xx_HAL_Driver/stm32h7xx_hal_rcc.d" -MT"Drivers/STM32H7xx_HAL_Driver/stm32h7xx_hal_rcc.o" --specs=nano.specs -mfpu=fpv4-sp-d16 -mfloat-abi=hard -mthumb -o "Drivers/STM32H7xx_HAL_Driver/stm32h7xx_hal_rcc.o"
arm-none-eabi-gcc "C:/git/CAN/CANLector/Drivers/STM32H7xx_HAL_Driver/Src/stm32h7xx_hal_rcc_ex.c" -mcpu=cortex-m4 -std=gnu11 -g3 -DDEBUG -DCORE_CM4 -DUSE_HAL_DRIVER -DSTM32H755xx -DUSE_NUCLEO_64 -c -I../Core/Inc -I../../Drivers/STM32H7xx_HAL_Driver/Inc -I../../Drivers/STM32H7xx_HAL_Driver/Inc/Legacy -I../../Drivers/BSP/STM32H7xx_Nucleo -I../../Drivers/CMSIS/Device/ST/STM32H7xx/Include -I../../Drivers/CMSIS/Include -O0 -ffunction-sections -fdata-sections -Wall -fstack-usage -fcyclomatic-complexity -MMD -MP -MF"Drivers/STM32H7xx_HAL_Driver/stm32h7xx_hal_rcc_ex.d" -MT"Drivers/STM32H7xx_HAL_Driver/stm32h7xx_hal_rcc_ex.o" --specs=nano.specs -mfpu=fpv4-sp-d16 -mfloat-abi=hard -mthumb -o "Drivers/STM32H7xx_HAL_Driver/stm32h7xx_hal_rcc_ex.o"
arm-none-eabi-gcc "C:/git/CAN/CANLector/Drivers/STM32H7xx_HAL_Driver/Src/stm32h7xx_hal_tim.c" -mcpu=cortex-m4 -std=gnu11 -g3 -DDEBUG -DCORE_CM4 -DUSE_HAL_DRIVER -DSTM32H755xx -DUSE_NUCLEO_64 -c -I../Core/Inc -I../../Drivers/STM32H7xx_HAL_Driver/Inc -I../../Drivers/STM32H7xx_HAL_Driver/Inc/Legacy -I../../Drivers/BSP/STM32H7xx_Nucleo -I../../Drivers/CMSIS/Device/ST/STM32H7xx/Include -I../../Drivers/CMSIS/Include -O0 -ffunction-sections -fdata-sections -Wall -fstack-usage -fcyclomatic-complexity -MMD -MP -MF"Drivers/STM32H7xx_HAL_Driver/stm32h7xx_hal_tim.d" -MT"Drivers/STM32H7xx_HAL_Driver/stm32h7xx_hal_tim.o" --specs=nano.specs -mfpu=fpv4-sp-d16 -mfloat-abi=hard -mthumb -o "Drivers/STM32H7xx_HAL_Driver/stm32h7xx_hal_tim.o"
arm-none-eabi-gcc "C:/git/CAN/CANLector/Drivers/STM32H7xx_HAL_Driver/Src/stm32h7xx_hal_tim_ex.c" -mcpu=cortex-m4 -std=gnu11 -g3 -DDEBUG -DCORE_CM4 -DUSE_HAL_DRIVER -DSTM32H755xx -DUSE_NUCLEO_64 -c -I../Core/Inc -I../../Drivers/STM32H7xx_HAL_Driver/Inc -I../../Drivers/STM32H7xx_HAL_Driver/Inc/Legacy -I../../Drivers/BSP/STM32H7xx_Nucleo -I../../Drivers/CMSIS/Device/ST/STM32H7xx/Include -I../../Drivers/CMSIS/Include -O0 -ffunction-sections -fdata-sections -Wall -fstack-usage -fcyclomatic-complexity -MMD -MP -MF"Drivers/STM32H7xx_HAL_Driver/stm32h7xx_hal_tim_ex.d" -MT"Drivers/STM32H7xx_HAL_Driver/stm32h7xx_hal_tim_ex.o" --specs=nano.specs -mfpu=fpv4-sp-d16 -mfloat-abi=hard -mthumb -o "Drivers/STM32H7xx_HAL_Driver/stm32h7xx_hal_tim_ex.o"
arm-none-eabi-gcc "C:/git/CAN/CANLector/Drivers/STM32H7xx_HAL_Driver/Src/stm32h7xx_hal_uart.c" -mcpu=cortex-m4 -std=gnu11 -g3 -DDEBUG -DCORE_CM4 -DUSE_HAL_DRIVER -DSTM32H755xx -DUSE_NUCLEO_64 -c -I../Core/Inc -I../../Drivers/STM32H7xx_HAL_Driver/Inc -I../../Drivers/STM32H7xx_HAL_Driver/Inc/Legacy -I../../Drivers/BSP/STM32H7xx_Nucleo -I../../Drivers/CMSIS/Device/ST/STM32H7xx/Include -I../../Drivers/CMSIS/Include -O0 -ffunction-sections -fdata-sections -Wall -fstack-usage -fcyclomatic-complexity -MMD -MP -MF"Drivers/STM32H7xx_HAL_Driver/stm32h7xx_hal_uart.d" -MT"Drivers/STM32H7xx_HAL_Driver/stm32h7xx_hal_uart.o" --specs=nano.specs -mfpu=fpv4-sp-d16 -mfloat-abi=hard -mthumb -o "Drivers/STM32H7xx_HAL_Driver/stm32h7xx_hal_uart.o"
arm-none-eabi-gcc "C:/git/CAN/CANLector/Drivers/STM32H7xx_HAL_Driver/Src/stm32h7xx_hal_uart_ex.c" -mcpu=cortex-m4 -std=gnu11 -g3 -DDEBUG -DCORE_CM4 -DUSE_HAL_DRIVER -DSTM32H755xx -DUSE_NUCLEO_64 -c -I../Core/Inc -I../../Drivers/STM32H7xx_HAL_Driver/Inc -I../../Drivers/STM32H7xx_HAL_Driver/Inc/Legacy -I../../Drivers/BSP/STM32H7xx_Nucleo -I../../Drivers/CMSIS/Device/ST/STM32H7xx/Include -I../../Drivers/CMSIS/Include -O0 -ffunction-sections -fdata-sections -Wall -fstack-usage -fcyclomatic-complexity -MMD -MP -MF"Drivers/STM32H7xx_HAL_Driver/stm32h7xx_hal_uart_ex.d" -MT"Drivers/STM32H7xx_HAL_Driver/stm32h7xx_hal_uart_ex.o" --specs=nano.specs -mfpu=fpv4-sp-d16 -mfloat-abi=hard -mthumb -o "Drivers/STM32H7xx_HAL_Driver/stm32h7xx_hal_uart_ex.o"
arm-none-eabi-gcc "C:/git/CAN/CANLector/Drivers/STM32H7xx_HAL_Driver/Src/stm32h7xx_hal_usart.c" -mcpu=cortex-m4 -std=gnu11 -g3 -DDEBUG -DCORE_CM4 -DUSE_HAL_DRIVER -DSTM32H755xx -DUSE_NUCLEO_64 -c -I../Core/Inc -I../../Drivers/STM32H7xx_HAL_Driver/Inc -I../../Drivers/STM32H7xx_HAL_Driver/Inc/Legacy -I../../Drivers/BSP/STM32H7xx_Nucleo -I../../Drivers/CMSIS/Device/ST/STM32H7xx/Include -I../../Drivers/CMSIS/Include -O0 -ffunction-sections -fdata-sections -Wall -fstack-usage -fcyclomatic-complexity -MMD -MP -MF"Drivers/STM32H7xx_HAL_Driver/stm32h7xx_hal_usart.d" -MT"Drivers/STM32H7xx_HAL_Driver/stm32h7xx_hal_usart.o" --specs=nano.specs -mfpu=fpv4-sp-d16 -mfloat-abi=hard -mthumb -o "Drivers/STM32H7xx_HAL_Driver/stm32h7xx_hal_usart.o"
arm-none-eabi-gcc "C:/git/CAN/CANLector/Drivers/STM32H7xx_HAL_Driver/Src/stm32h7xx_hal_usart_ex.c" -mcpu=cortex-m4 -std=gnu11 -g3 -DDEBUG -DCORE_CM4 -DUSE_HAL_DRIVER -DSTM32H755xx -DUSE_NUCLEO_64 -c -I../Core/Inc -I../../Drivers/STM32H7xx_HAL_Driver/Inc -I../../Drivers/STM32H7xx_HAL_Driver/Inc/Legacy -I../../Drivers/BSP/STM32H7xx_Nucleo -I../../Drivers/CMSIS/Device/ST/STM32H7xx/Include -I../../Drivers/CMSIS/Include -O0 -ffunction-sections -fdata-sections -Wall -fstack-usage -fcyclomatic-complexity -MMD -MP -MF"Drivers/STM32H7xx_HAL_Driver/stm32h7xx_hal_usart_ex.d" -MT"Drivers/STM32H7xx_HAL_Driver/stm32h7xx_hal_usart_ex.o" --specs=nano.specs -mfpu=fpv4-sp-d16 -mfloat-abi=hard -mthumb -o "Drivers/STM32H7xx_HAL_Driver/stm32h7xx_hal_usart_ex.o"
arm-none-eabi-gcc "C:/git/CAN/CANLector/Drivers/BSP/STM32H7xx_Nucleo/stm32h7xx_nucleo.c" -mcpu=cortex-m4 -std=gnu11 -g3 -DDEBUG -DCORE_CM4 -DUSE_HAL_DRIVER -DSTM32H755xx -DUSE_NUCLEO_64 -c -I../Core/Inc -I../../Drivers/STM32H7xx_HAL_Driver/Inc -I../../Drivers/STM32H7xx_HAL_Driver/Inc/Legacy -I../../Drivers/BSP/STM32H7xx_Nucleo -I../../Drivers/CMSIS/Device/ST/STM32H7xx/Include -I../../Drivers/CMSIS/Include -O0 -ffunction-sections -fdata-sections -Wall -fstack-usage -fcyclomatic-complexity -MMD -MP -MF"Drivers/BSP/STM32H7xx_Nucleo/stm32h7xx_nucleo.d" -MT"Drivers/BSP/STM32H7xx_Nucleo/stm32h7xx_nucleo.o" --specs=nano.specs -mfpu=fpv4-sp-d16 -mfloat-abi=hard -mthumb -o "Drivers/BSP/STM32H7xx_Nucleo/stm32h7xx_nucleo.o"
arm-none-eabi-gcc -mcpu=cortex-m4 -g3 -DDEBUG -c -x assembler-with-cpp -MMD -MP -MF"Core/Startup/startup_stm32h755zitx.d" -MT"Core/Startup/startup_stm32h755zitx.o" --specs=nano.specs -mfpu=fpv4-sp-d16 -mfloat-abi=hard -mthumb -o "Core/Startup/startup_stm32h755zitx.o" "../Core/Startup/startup_stm32h755zitx.s"
arm-none-eabi-gcc "../Core/Src/main.c" -mcpu=cortex-m4 -std=gnu11 -g3 -DDEBUG -DCORE_CM4 -DUSE_HAL_DRIVER -DSTM32H755xx -DUSE_NUCLEO_64 -c -I../Core/Inc -I../../Drivers/STM32H7xx_HAL_Driver/Inc -I../../Drivers/STM32H7xx_HAL_Driver/Inc/Legacy -I../../Drivers/BSP/STM32H7xx_Nucleo -I../../Drivers/CMSIS/Device/ST/STM32H7xx/Include -I../../Drivers/CMSIS/Include -O0 -ffunction-sections -fdata-sections -Wall -fstack-usage -fcyclomatic-complexity -MMD -MP -MF"Core/Src/main.d" -MT"Core/Src/main.o" --specs=nano.specs -mfpu=fpv4-sp-d16 -mfloat-abi=hard -mthumb -o "Core/Src/main.o"
arm-none-eabi-gcc "../Core/Src/stm32h7xx_hal_msp.c" -mcpu=cortex-m4 -std=gnu11 -g3 -DDEBUG -DCORE_CM4 -DUSE_HAL_DRIVER -DSTM32H755xx -DUSE_NUCLEO_64 -c -I../Core/Inc -I../../Drivers/STM32H7xx_HAL_Driver/Inc -I../../Drivers/STM32H7xx_HAL_Driver/Inc/Legacy -I../../Drivers/BSP/STM32H7xx_Nucleo -I../../Drivers/CMSIS/Device/ST/STM32H7xx/Include -I../../Drivers/CMSIS/Include -O0 -ffunction-sections -fdata-sections -Wall -fstack-usage -fcyclomatic-complexity -MMD -MP -MF"Core/Src/stm32h7xx_hal_msp.d" -MT"Core/Src/stm32h7xx_hal_msp.o" --specs=nano.specs -mfpu=fpv4-sp-d16 -mfloat-abi=hard -mthumb -o "Core/Src/stm32h7xx_hal_msp.o"
arm-none-eabi-gcc "../Core/Src/stm32h7xx_it.c" -mcpu=cortex-m4 -std=gnu11 -g3 -DDEBUG -DCORE_CM4 -DUSE_HAL_DRIVER -DSTM32H755xx -DUSE_NUCLEO_64 -c -I../Core/Inc -I../../Drivers/STM32H7xx_HAL_Driver/Inc -I../../Drivers/STM32H7xx_HAL_Driver/Inc/Legacy -I../../Drivers/BSP/STM32H7xx_Nucleo -I../../Drivers/CMSIS/Device/ST/STM32H7xx/Include -I../../Drivers/CMSIS/Include -O0 -ffunction-sections -fdata-sections -Wall -fstack-usage -fcyclomatic-complexity -MMD -MP -MF"Core/Src/stm32h7xx_it.d" -MT"Core/Src/stm32h7xx_it.o" --specs=nano.specs -mfpu=fpv4-sp-d16 -mfloat-abi=hard -mthumb -o "Core/Src/stm32h7xx_it.o"
arm-none-eabi-gcc "../Core/Src/syscalls.c" -mcpu=cortex-m4 -std=gnu11 -g3 -DDEBUG -DCORE_CM4 -DUSE_HAL_DRIVER -DSTM32H755xx -DUSE_NUCLEO_64 -c -I../Core/Inc -I../../Drivers/STM32H7xx_HAL_Driver/Inc -I../../Drivers/STM32H7xx_HAL_Driver/Inc/Legacy -I../../Drivers/BSP/STM32H7xx_Nucleo -I../../Drivers/CMSIS/Device/ST/STM32H7xx/Include -I../../Drivers/CMSIS/Include -O0 -ffunction-sections -fdata-sections -Wall -fstack-usage -fcyclomatic-complexity -MMD -MP -MF"Core/Src/syscalls.d" -MT"Core/Src/syscalls.o" --specs=nano.specs -mfpu=fpv4-sp-d16 -mfloat-abi=hard -mthumb -o "Core/Src/syscalls.o"
arm-none-eabi-gcc "../Core/Src/sysmem.c" -mcpu=cortex-m4 -std=gnu11 -g3 -DDEBUG -DCORE_CM4 -DUSE_HAL_DRIVER -DSTM32H755xx -DUSE_NUCLEO_64 -c -I../Core/Inc -I../../Drivers/STM32H7xx_HAL_Driver/Inc -I../../Drivers/STM32H7xx_HAL_Driver/Inc/Legacy -I../../Drivers/BSP/STM32H7xx_Nucleo -I../../Drivers/CMSIS/Device/ST/STM32H7xx/Include -I../../Drivers/CMSIS/Include -O0 -ffunction-sections -fdata-sections -Wall -fstack-usage -fcyclomatic-complexity -MMD -MP -MF"Core/Src/sysmem.d" -MT"Core/Src/sysmem.o" --specs=nano.specs -mfpu=fpv4-sp-d16 -mfloat-abi=hard -mthumb -o "Core/Src/sysmem.o"
arm-none-eabi-gcc "C:/git/CAN/CANLector/Common/Src/system_stm32h7xx_dualcore_boot_cm4_cm7.c" -mcpu=cortex-m4 -std=gnu11 -g3 -DDEBUG -DCORE_CM4 -DUSE_HAL_DRIVER -DSTM32H755xx -DUSE_NUCLEO_64 -c -I../Core/Inc -I../../Drivers/STM32H7xx_HAL_Driver/Inc -I../../Drivers/STM32H7xx_HAL_Driver/Inc/Legacy -I../../Drivers/BSP/STM32H7xx_Nucleo -I../../Drivers/CMSIS/Device/ST/STM32H7xx/Include -I../../Drivers/CMSIS/Include -O0 -ffunction-sections -fdata-sections -Wall -fstack-usage -fcyclomatic-complexity -MMD -MP -MF"Common/Src/system_stm32h7xx_dualcore_boot_cm4_cm7.d" -MT"Common/Src/system_stm32h7xx_dualcore_boot_cm4_cm7.o" --specs=nano.specs -mfpu=fpv4-sp-d16 -mfloat-abi=hard -mthumb -o "Common/Src/system_stm32h7xx_dualcore_boot_cm4_cm7.o"
arm-none-eabi-gcc -o "CANLector_CM4.elf" @"objects.list"   -mcpu=cortex-m4 -T"C:\git\CAN\CANLector\CM4\STM32H755ZITX_FLASH.ld" --specs=nosys.specs -Wl,-Map="CANLector_CM4.map" -Wl,--gc-sections -static --specs=nano.specs -mfpu=fpv4-sp-d16 -mfloat-abi=hard -mthumb -Wl,--start-group -lc -lm -Wl,--end-group
Finished building target: CANLector_CM4.elf
 
arm-none-eabi-size  CANLector_CM4.elf 
arm-none-eabi-objdump -h -S CANLector_CM4.elf  > "CANLector_CM4.list"
   text	   data	    bss	    dec	    hex	filename
   3148	     16	   1568	   4732	   127c	CANLector_CM4.elf
Finished building: default.size.stdout
 
Finished building: CANLector_CM4.list
 
15:24:29 **** Build of configuration Debug for project CANLector_CM7 ****
make -j16 all 
arm-none-eabi-gcc "C:/git/CAN/CANLector/Middlewares/Third_Party/FatFs/src/diskio.c" -mcpu=cortex-m7 -std=gnu11 -g3 -DDEBUG -DCORE_CM7 -DUSE_HAL_DRIVER -DSTM32H755xx -DUSE_NUCLEO_64 -c -I../Core/Inc -I../../Drivers/STM32H7xx_HAL_Driver/Inc -I../../Drivers/STM32H7xx_HAL_Driver/Inc/Legacy -I../../Drivers/BSP/STM32H7xx_Nucleo -I../../Drivers/CMSIS/Device/ST/STM32H7xx/Include -I../../Drivers/CMSIS/Include -I../FATFS/Target -I../FATFS/App -I../../Middlewares/Third_Party/FatFs/src -O0 -ffunction-sections -fdata-sections -Wall -fstack-usage -fcyclomatic-complexity -MMD -MP -MF"Middlewares/Third_Party/FatFs/diskio.d" -MT"Middlewares/Third_Party/FatFs/diskio.o" --specs=nano.specs -mfpu=fpv5-d16 -mfloat-abi=hard -mthumb -o "Middlewares/Third_Party/FatFs/diskio.o"
arm-none-eabi-gcc "C:/git/CAN/CANLector/Middlewares/Third_Party/FatFs/src/ff.c" -mcpu=cortex-m7 -std=gnu11 -g3 -DDEBUG -DCORE_CM7 -DUSE_HAL_DRIVER -DSTM32H755xx -DUSE_NUCLEO_64 -c -I../Core/Inc -I../../Drivers/STM32H7xx_HAL_Driver/Inc -I../../Drivers/STM32H7xx_HAL_Driver/Inc/Legacy -I../../Drivers/BSP/STM32H7xx_Nucleo -I../../Drivers/CMSIS/Device/ST/STM32H7xx/Include -I../../Drivers/CMSIS/Include -I../FATFS/Target -I../FATFS/App -I../../Middlewares/Third_Party/FatFs/src -O0 -ffunction-sections -fdata-sections -Wall -fstack-usage -fcyclomatic-complexity -MMD -MP -MF"Middlewares/Third_Party/FatFs/ff.d" -MT"Middlewares/Third_Party/FatFs/ff.o" --specs=nano.specs -mfpu=fpv5-d16 -mfloat-abi=hard -mthumb -o "Middlewares/Third_Party/FatFs/ff.o"
arm-none-eabi-gcc "C:/git/CAN/CANLector/Middlewares/Third_Party/FatFs/src/ff_gen_drv.c" -mcpu=cortex-m7 -std=gnu11 -g3 -DDEBUG -DCORE_CM7 -DUSE_HAL_DRIVER -DSTM32H755xx -DUSE_NUCLEO_64 -c -I../Core/Inc -I../../Drivers/STM32H7xx_HAL_Driver/Inc -I../../Drivers/STM32H7xx_HAL_Driver/Inc/Legacy -I../../Drivers/BSP/STM32H7xx_Nucleo -I../../Drivers/CMSIS/Device/ST/STM32H7xx/Include -I../../Drivers/CMSIS/Include -I../FATFS/Target -I../FATFS/App -I../../Middlewares/Third_Party/FatFs/src -O0 -ffunction-sections -fdata-sections -Wall -fstack-usage -fcyclomatic-complexity -MMD -MP -MF"Middlewares/Third_Party/FatFs/ff_gen_drv.d" -MT"Middlewares/Third_Party/FatFs/ff_gen_drv.o" --specs=nano.specs -mfpu=fpv5-d16 -mfloat-abi=hard -mthumb -o "Middlewares/Third_Party/FatFs/ff_gen_drv.o"
arm-none-eabi-gcc "C:/git/CAN/CANLector/Middlewares/Third_Party/FatFs/src/option/syscall.c" -mcpu=cortex-m7 -std=gnu11 -g3 -DDEBUG -DCORE_CM7 -DUSE_HAL_DRIVER -DSTM32H755xx -DUSE_NUCLEO_64 -c -I../Core/Inc -I../../Drivers/STM32H7xx_HAL_Driver/Inc -I../../Drivers/STM32H7xx_HAL_Driver/Inc/Legacy -I../../Drivers/BSP/STM32H7xx_Nucleo -I../../Drivers/CMSIS/Device/ST/STM32H7xx/Include -I../../Drivers/CMSIS/Include -I../FATFS/Target -I../FATFS/App -I../../Middlewares/Third_Party/FatFs/src -O0 -ffunction-sections -fdata-sections -Wall -fstack-usage -fcyclomatic-complexity -MMD -MP -MF"Middlewares/Third_Party/FatFs/syscall.d" -MT"Middlewares/Third_Party/FatFs/syscall.o" --specs=nano.specs -mfpu=fpv5-d16 -mfloat-abi=hard -mthumb -o "Middlewares/Third_Party/FatFs/syscall.o"
arm-none-eabi-gcc "../FATFS/Target/user_diskio.c" -mcpu=cortex-m7 -std=gnu11 -g3 -DDEBUG -DCORE_CM7 -DUSE_HAL_DRIVER -DSTM32H755xx -DUSE_NUCLEO_64 -c -I../Core/Inc -I../../Drivers/STM32H7xx_HAL_Driver/Inc -I../../Drivers/STM32H7xx_HAL_Driver/Inc/Legacy -I../../Drivers/BSP/STM32H7xx_Nucleo -I../../Drivers/CMSIS/Device/ST/STM32H7xx/Include -I../../Drivers/CMSIS/Include -I../FATFS/Target -I../FATFS/App -I../../Middlewares/Third_Party/FatFs/src -O0 -ffunction-sections -fdata-sections -Wall -fstack-usage -fcyclomatic-complexity -MMD -MP -MF"FATFS/Target/user_diskio.d" -MT"FATFS/Target/user_diskio.o" --specs=nano.specs -mfpu=fpv5-d16 -mfloat-abi=hard -mthumb -o "FATFS/Target/user_diskio.o"
arm-none-eabi-gcc "../FATFS/Target/user_diskio_spi.c" -mcpu=cortex-m7 -std=gnu11 -g3 -DDEBUG -DCORE_CM7 -DUSE_HAL_DRIVER -DSTM32H755xx -DUSE_NUCLEO_64 -c -I../Core/Inc -I../../Drivers/STM32H7xx_HAL_Driver/Inc -I../../Drivers/STM32H7xx_HAL_Driver/Inc/Legacy -I../../Drivers/BSP/STM32H7xx_Nucleo -I../../Drivers/CMSIS/Device/ST/STM32H7xx/Include -I../../Drivers/CMSIS/Include -I../FATFS/Target -I../FATFS/App -I../../Middlewares/Third_Party/FatFs/src -O0 -ffunction-sections -fdata-sections -Wall -fstack-usage -fcyclomatic-complexity -MMD -MP -MF"FATFS/Target/user_diskio_spi.d" -MT"FATFS/Target/user_diskio_spi.o" --specs=nano.specs -mfpu=fpv5-d16 -mfloat-abi=hard -mthumb -o "FATFS/Target/user_diskio_spi.o"
arm-none-eabi-gcc "../FATFS/App/fatfs.c" -mcpu=cortex-m7 -std=gnu11 -g3 -DDEBUG -DCORE_CM7 -DUSE_HAL_DRIVER -DSTM32H755xx -DUSE_NUCLEO_64 -c -I../Core/Inc -I../../Drivers/STM32H7xx_HAL_Driver/Inc -I../../Drivers/STM32H7xx_HAL_Driver/Inc/Legacy -I../../Drivers/BSP/STM32H7xx_Nucleo -I../../Drivers/CMSIS/Device/ST/STM32H7xx/Include -I../../Drivers/CMSIS/Include -I../FATFS/Target -I../FATFS/App -I../../Middlewares/Third_Party/FatFs/src -O0 -ffunction-sections -fdata-sections -Wall -fstack-usage -fcyclomatic-complexity -MMD -MP -MF"FATFS/App/fatfs.d" -MT"FATFS/App/fatfs.o" --specs=nano.specs -mfpu=fpv5-d16 -mfloat-abi=hard -mthumb -o "FATFS/App/fatfs.o"
arm-none-eabi-gcc "C:/git/CAN/CANLector/Drivers/STM32H7xx_HAL_Driver/Src/stm32h7xx_hal.c" -mcpu=cortex-m7 -std=gnu11 -g3 -DDEBUG -DCORE_CM7 -DUSE_HAL_DRIVER -DSTM32H755xx -DUSE_NUCLEO_64 -c -I../Core/Inc -I../../Drivers/STM32H7xx_HAL_Driver/Inc -I../../Drivers/STM32H7xx_HAL_Driver/Inc/Legacy -I../../Drivers/BSP/STM32H7xx_Nucleo -I../../Drivers/CMSIS/Device/ST/STM32H7xx/Include -I../../Drivers/CMSIS/Include -I../FATFS/Target -I../FATFS/App -I../../Middlewares/Third_Party/FatFs/src -O0 -ffunction-sections -fdata-sections -Wall -fstack-usage -fcyclomatic-complexity -MMD -MP -MF"Drivers/STM32H7xx_HAL_Driver/stm32h7xx_hal.d" -MT"Drivers/STM32H7xx_HAL_Driver/stm32h7xx_hal.o" --specs=nano.specs -mfpu=fpv5-d16 -mfloat-abi=hard -mthumb -o "Drivers/STM32H7xx_HAL_Driver/stm32h7xx_hal.o"
arm-none-eabi-gcc "C:/git/CAN/CANLector/Drivers/STM32H7xx_HAL_Driver/Src/stm32h7xx_hal_cortex.c" -mcpu=cortex-m7 -std=gnu11 -g3 -DDEBUG -DCORE_CM7 -DUSE_HAL_DRIVER -DSTM32H755xx -DUSE_NUCLEO_64 -c -I../Core/Inc -I../../Drivers/STM32H7xx_HAL_Driver/Inc -I../../Drivers/STM32H7xx_HAL_Driver/Inc/Legacy -I../../Drivers/BSP/STM32H7xx_Nucleo -I../../Drivers/CMSIS/Device/ST/STM32H7xx/Include -I../../Drivers/CMSIS/Include -I../FATFS/Target -I../FATFS/App -I../../Middlewares/Third_Party/FatFs/src -O0 -ffunction-sections -fdata-sections -Wall -fstack-usage -fcyclomatic-complexity -MMD -MP -MF"Drivers/STM32H7xx_HAL_Driver/stm32h7xx_hal_cortex.d" -MT"Drivers/STM32H7xx_HAL_Driver/stm32h7xx_hal_cortex.o" --specs=nano.specs -mfpu=fpv5-d16 -mfloat-abi=hard -mthumb -o "Drivers/STM32H7xx_HAL_Driver/stm32h7xx_hal_cortex.o"
arm-none-eabi-gcc "C:/git/CAN/CANLector/Drivers/STM32H7xx_HAL_Driver/Src/stm32h7xx_hal_dma.c" -mcpu=cortex-m7 -std=gnu11 -g3 -DDEBUG -DCORE_CM7 -DUSE_HAL_DRIVER -DSTM32H755xx -DUSE_NUCLEO_64 -c -I../Core/Inc -I../../Drivers/STM32H7xx_HAL_Driver/Inc -I../../Drivers/STM32H7xx_HAL_Driver/Inc/Legacy -I../../Drivers/BSP/STM32H7xx_Nucleo -I../../Drivers/CMSIS/Device/ST/STM32H7xx/Include -I../../Drivers/CMSIS/Include -I../FATFS/Target -I../FATFS/App -I../../Middlewares/Third_Party/FatFs/src -O0 -ffunction-sections -fdata-sections -Wall -fstack-usage -fcyclomatic-complexity -MMD -MP -MF"Drivers/STM32H7xx_HAL_Driver/stm32h7xx_hal_dma.d" -MT"Drivers/STM32H7xx_HAL_Driver/stm32h7xx_hal_dma.o" --specs=nano.specs -mfpu=fpv5-d16 -mfloat-abi=hard -mthumb -o "Drivers/STM32H7xx_HAL_Driver/stm32h7xx_hal_dma.o"
arm-none-eabi-gcc "C:/git/CAN/CANLector/Drivers/STM32H7xx_HAL_Driver/Src/stm32h7xx_hal_dma_ex.c" -mcpu=cortex-m7 -std=gnu11 -g3 -DDEBUG -DCORE_CM7 -DUSE_HAL_DRIVER -DSTM32H755xx -DUSE_NUCLEO_64 -c -I../Core/Inc -I../../Drivers/STM32H7xx_HAL_Driver/Inc -I../../Drivers/STM32H7xx_HAL_Driver/Inc/Legacy -I../../Drivers/BSP/STM32H7xx_Nucleo -I../../Drivers/CMSIS/Device/ST/STM32H7xx/Include -I../../Drivers/CMSIS/Include -I../FATFS/Target -I../FATFS/App -I../../Middlewares/Third_Party/FatFs/src -O0 -ffunction-sections -fdata-sections -Wall -fstack-usage -fcyclomatic-complexity -MMD -MP -MF"Drivers/STM32H7xx_HAL_Driver/stm32h7xx_hal_dma_ex.d" -MT"Drivers/STM32H7xx_HAL_Driver/stm32h7xx_hal_dma_ex.o" --specs=nano.specs -mfpu=fpv5-d16 -mfloat-abi=hard -mthumb -o "Drivers/STM32H7xx_HAL_Driver/stm32h7xx_hal_dma_ex.o"
arm-none-eabi-gcc "C:/git/CAN/CANLector/Drivers/STM32H7xx_HAL_Driver/Src/stm32h7xx_hal_exti.c" -mcpu=cortex-m7 -std=gnu11 -g3 -DDEBUG -DCORE_CM7 -DUSE_HAL_DRIVER -DSTM32H755xx -DUSE_NUCLEO_64 -c -I../Core/Inc -I../../Drivers/STM32H7xx_HAL_Driver/Inc -I../../Drivers/STM32H7xx_HAL_Driver/Inc/Legacy -I../../Drivers/BSP/STM32H7xx_Nucleo -I../../Drivers/CMSIS/Device/ST/STM32H7xx/Include -I../../Drivers/CMSIS/Include -I../FATFS/Target -I../FATFS/App -I../../Middlewares/Third_Party/FatFs/src -O0 -ffunction-sections -fdata-sections -Wall -fstack-usage -fcyclomatic-complexity -MMD -MP -MF"Drivers/STM32H7xx_HAL_Driver/stm32h7xx_hal_exti.d" -MT"Drivers/STM32H7xx_HAL_Driver/stm32h7xx_hal_exti.o" --specs=nano.specs -mfpu=fpv5-d16 -mfloat-abi=hard -mthumb -o "Drivers/STM32H7xx_HAL_Driver/stm32h7xx_hal_exti.o"
../FATFS/Target/user_diskio_spi.c:27:10: fatal error: stm32f3xx_hal.h: No such file or directory
   27 | #include "stm32f3xx_hal.h" /* Provide the low-level HAL functions */
      |          ^~~~~~~~~~~~~~~~~
compilation terminated.
make: *** [FATFS/Target/subdir.mk:22: FATFS/Target/user_diskio_spi.o] Error 1
make: *** Waiting for unfinished jobs....
C:/git/CAN/CANLector/Middlewares/Third_Party/FatFs/src/ff.c: In function 'f_setlabel':
C:/git/CAN/CANLector/Middlewares/Third_Party/FatFs/src/ff.c:5032:9: warning: this 'for' clause does not guard... [-Wmisleading-indentation]
 5032 |         for (slen = 0; (UINT)label[slen] >= ' '; slen++) ;      /* Get name length */
      |         ^~~
C:/git/CAN/CANLector/Middlewares/Third_Party/FatFs/src/ff.c:5052:9: note: ...this statement, but the latter is misleadingly indented as if it were guarded by the 'for'
 5052 |         {       /* On the FAT12/16/32 volume */
      |         ^
"make -j16 all" terminated with exit code 2. Build might be incomplete.
15:28:25 **** Clean-only build of configuration Debug for project CANLector_CM7 ****
make -j16 clean 
rm -rf ./Middlewares/Third_Party/FatFs/diskio.cyclo ./Middlewares/Third_Party/FatFs/diskio.d ./Middlewares/Third_Party/FatFs/diskio.o ./Middlewares/Third_Party/FatFs/diskio.su ./Middlewares/Third_Party/FatFs/ff.cyclo ./Middlewares/Third_Party/FatFs/ff.d ./Middlewares/Third_Party/FatFs/ff.o ./Middlewares/Third_Party/FatFs/ff.su ./Middlewares/Third_Party/FatFs/ff_gen_drv.cyclo ./Middlewares/Third_Party/FatFs/ff_gen_drv.d ./Middlewares/Third_Party/FatFs/ff_gen_drv.o ./Middlewares/Third_Party/FatFs/ff_gen_drv.su ./Middlewares/Third_Party/FatFs/syscall.cyclo ./Middlewares/Third_Party/FatFs/syscall.d ./Middlewares/Third_Party/FatFs/syscall.o ./Middlewares/Third_Party/FatFs/syscall.su
rm -rf ./FATFS/Target/user_diskio.cyclo ./FATFS/Target/user_diskio.d ./FATFS/Target/user_diskio.o ./FATFS/Target/user_diskio.su ./FATFS/Target/user_diskio_spi.cyclo ./FATFS/Target/user_diskio_spi.d ./FATFS/Target/user_diskio_spi.o ./FATFS/Target/user_diskio_spi.su
rm -rf ./FATFS/App/fatfs.cyclo ./FATFS/App/fatfs.d ./FATFS/App/fatfs.o ./FATFS/App/fatfs.su
rm -rf ./Drivers/STM32H7xx_HAL_Driver/stm32h7xx_hal.cyclo ./Drivers/STM32H7xx_HAL_Driver/stm32h7xx_hal.d ./Drivers/STM32H7xx_HAL_Driver/stm32h7xx_hal.o ./Drivers/STM32H7xx_HAL_Driver/stm32h7xx_hal.su ./Drivers/STM32H7xx_HAL_Driver/stm32h7xx_hal_cortex.cyclo ./Drivers/STM32H7xx_HAL_Driver/stm32h7xx_hal_cortex.d ./Drivers/STM32H7xx_HAL_Driver/stm32h7xx_hal_cortex.o ./Drivers/STM32H7xx_HAL_Driver/stm32h7xx_hal_cortex.su ./Drivers/STM32H7xx_HAL_Driver/stm32h7xx_hal_dma.cyclo ./Drivers/STM32H7xx_HAL_Driver/stm32h7xx_hal_dma.d ./Drivers/STM32H7xx_HAL_Driver/stm32h7xx_hal_dma.o ./Drivers/STM32H7xx_HAL_Driver/stm32h7xx_hal_dma.su ./Drivers/STM32H7xx_HAL_Driver/stm32h7xx_hal_dma_ex.cyclo ./Drivers/STM32H7xx_HAL_Driver/stm32h7xx_hal_dma_ex.d ./Drivers/STM32H7xx_HAL_Driver/stm32h7xx_hal_dma_ex.o ./Drivers/STM32H7xx_HAL_Driver/stm32h7xx_hal_dma_ex.su ./Drivers/STM32H7xx_HAL_Driver/stm32h7xx_hal_exti.cyclo ./Drivers/STM32H7xx_HAL_Driver/stm32h7xx_hal_exti.d ./Drivers/STM32H7xx_HAL_Driver/stm32h7xx_hal_exti.o ./Drivers/STM32H7xx_HAL_Driver/stm32h7xx_hal_exti.su ./Drivers/STM32H7xx_HAL_Driver/stm32h7xx_hal_flash.cyclo ./Drivers/STM32H7xx_HAL_Driver/stm32h7xx_hal_flash.d ./Drivers/STM32H7xx_HAL_Driver/stm32h7xx_hal_flash.o ./Drivers/STM32H7xx_HAL_Driver/stm32h7xx_hal_flash.su ./Drivers/STM32H7xx_HAL_Driver/stm32h7xx_hal_flash_ex.cyclo ./Drivers/STM32H7xx_HAL_Driver/stm32h7xx_hal_flash_ex.d ./Drivers/STM32H7xx_HAL_Driver/stm32h7xx_hal_flash_ex.o ./Drivers/STM32H7xx_HAL_Driver/stm32h7xx_hal_flash_ex.su ./Drivers/STM32H7xx_HAL_Driver/stm32h7xx_hal_gpio.cyclo ./Drivers/STM32H7xx_HAL_Driver/stm32h7xx_hal_gpio.d ./Drivers/STM32H7xx_HAL_Driver/stm32h7xx_hal_gpio.o ./Drivers/STM32H7xx_HAL_Driver/stm32h7xx_hal_gpio.su ./Drivers/STM32H7xx_HAL_Driver/stm32h7xx_hal_hsem.cyclo ./Drivers/STM32H7xx_HAL_Driver/stm32h7xx_hal_hsem.d ./Drivers/STM32H7xx_HAL_Driver/stm32h7xx_hal_hsem.o ./Drivers/STM32H7xx_HAL_Driver/stm32h7xx_hal_hsem.su ./Drivers/STM32H7xx_HAL_Driver/stm32h7xx_hal_i2c.cyclo ./Drivers/STM32H7xx_HAL_Driver/stm32h7xx_hal_i2c.d ./Drivers/STM32H7xx_HAL_Driver/stm32h7xx_hal_i2c.o ./Drivers/STM32H7xx_HAL_Driver/stm32h7xx_hal_i2c.su ./Drivers/STM32H7xx_HAL_Driver/stm32h7xx_hal_i2c_ex.cyclo ./Drivers/STM32H7xx_HAL_Driver/stm32h7xx_hal_i2c_ex.d ./Drivers/STM32H7xx_HAL_Driver/stm32h7xx_hal_i2c_ex.o ./Drivers/STM32H7xx_HAL_Driver/stm32h7xx_hal_i2c_ex.su ./Drivers/STM32H7xx_HAL_Driver/stm32h7xx_hal_mdma.cyclo ./Drivers/STM32H7xx_HAL_Driver/stm32h7xx_hal_mdma.d ./Drivers/STM32H7xx_HAL_Driver/stm32h7xx_hal_mdma.o ./Drivers/STM32H7xx_HAL_Driver/stm32h7xx_hal_mdma.su ./Drivers/STM32H7xx_HAL_Driver/stm32h7xx_hal_pwr.cyclo ./Drivers/STM32H7xx_HAL_Driver/stm32h7xx_hal_pwr.d ./Drivers/STM32H7xx_HAL_Driver/stm32h7xx_hal_pwr.o ./Drivers/STM32H7xx_HAL_Driver/stm32h7xx_hal_pwr.su ./Drivers/STM32H7xx_HAL_Driver/stm32h7xx_hal_pwr_ex.cyclo ./Drivers/STM32H7xx_HAL_Driver/stm32h7xx_hal_pwr_ex.d ./Drivers/STM32H7xx_HAL_Driver/stm32h7xx_hal_pwr_ex.o ./Drivers/STM32H7xx_HAL_Driver/stm32h7xx_hal_pwr_ex.su ./Drivers/STM32H7xx_HAL_Driver/stm32h7xx_hal_rcc.cyclo ./Drivers/STM32H7xx_HAL_Driver/stm32h7xx_hal_rcc.d ./Drivers/STM32H7xx_HAL_Driver/stm32h7xx_hal_rcc.o ./Drivers/STM32H7xx_HAL_Driver/stm32h7xx_hal_rcc.su ./Drivers/STM32H7xx_HAL_Driver/stm32h7xx_hal_rcc_ex.cyclo ./Drivers/STM32H7xx_HAL_Driver/stm32h7xx_hal_rcc_ex.d ./Drivers/STM32H7xx_HAL_Driver/stm32h7xx_hal_rcc_ex.o ./Drivers/STM32H7xx_HAL_Driver/stm32h7xx_hal_rcc_ex.su ./Drivers/STM32H7xx_HAL_Driver/stm32h7xx_hal_spi.cyclo ./Drivers/STM32H7xx_HAL_Driver/stm32h7xx_hal_spi.d ./Drivers/STM32H7xx_HAL_Driver/stm32h7xx_hal_spi.o ./Drivers/STM32H7xx_HAL_Driver/stm32h7xx_hal_spi.su ./Drivers/STM32H7xx_HAL_Driver/stm32h7xx_hal_spi_ex.cyclo ./Drivers/STM32H7xx_HAL_Driver/stm32h7xx_hal_spi_ex.d ./Drivers/STM32H7xx_HAL_Driver/stm32h7xx_hal_spi_ex.o ./Drivers/STM32H7xx_HAL_Driver/stm32h7xx_hal_spi_ex.su ./Drivers/STM32H7xx_HAL_Driver/stm32h7xx_hal_tim.cyclo ./Drivers/STM32H7xx_HAL_Driver/stm32h7xx_hal_tim.d ./Drivers/STM32H7xx_HAL_Driver/stm32h7xx_hal_tim.o ./Drivers/STM32H7xx_HAL_Driver/stm32h7xx_hal_tim.su ./Drivers/STM32H7xx_HAL_Driver/stm32h7xx_hal_tim_ex.cyclo ./Drivers/STM32H7xx_HAL_Driver/stm32h7xx_hal_tim_ex.d ./Drivers/STM32H7xx_HAL_Driver/stm32h7xx_hal_tim_ex.o ./Drivers/STM32H7xx_HAL_Driver/stm32h7xx_hal_tim_ex.su ./Drivers/STM32H7xx_HAL_Driver/stm32h7xx_hal_uart.cyclo ./Drivers/STM32H7xx_HAL_Driver/stm32h7xx_hal_uart.d ./Drivers/STM32H7xx_HAL_Driver/stm32h7xx_hal_uart.o ./Drivers/STM32H7xx_HAL_Driver/stm32h7xx_hal_uart.su ./Drivers/STM32H7xx_HAL_Driver/stm32h7xx_hal_uart_ex.cyclo ./Drivers/STM32H7xx_HAL_Driver/stm32h7xx_hal_uart_ex.d ./Drivers/STM32H7xx_HAL_Driver/stm32h7xx_hal_uart_ex.o ./Drivers/STM32H7xx_HAL_Driver/stm32h7xx_hal_uart_ex.su ./Drivers/STM32H7xx_HAL_Driver/stm32h7xx_hal_usart.cyclo ./Drivers/STM32H7xx_HAL_Driver/stm32h7xx_hal_usart.d ./Drivers/STM32H7xx_HAL_Driver/stm32h7xx_hal_usart.o ./Drivers/STM32H7xx_HAL_Driver/stm32h7xx_hal_usart.su ./Drivers/STM32H7xx_HAL_Driver/stm32h7xx_hal_usart_ex.cyclo ./Drivers/STM32H7xx_HAL_Driver/stm32h7xx_hal_usart_ex.d ./Drivers/STM32H7xx_HAL_Driver/stm32h7xx_hal_usart_ex.o ./Drivers/STM32H7xx_HAL_Driver/stm32h7xx_hal_usart_ex.su
rm -rf ./Drivers/BSP/STM32H7xx_Nucleo/stm32h7xx_nucleo.cyclo ./Drivers/BSP/STM32H7xx_Nucleo/stm32h7xx_nucleo.d ./Drivers/BSP/STM32H7xx_Nucleo/stm32h7xx_nucleo.o ./Drivers/BSP/STM32H7xx_Nucleo/stm32h7xx_nucleo.su
rm -rf ./Core/Startup/startup_stm32h755zitx.d ./Core/Startup/startup_stm32h755zitx.o
rm -rf ./Core/Src/main.cyclo ./Core/Src/main.d ./Core/Src/main.o ./Core/Src/main.su ./Core/Src/stm32h7xx_hal_msp.cyclo ./Core/Src/stm32h7xx_hal_msp.d ./Core/Src/stm32h7xx_hal_msp.o ./Core/Src/stm32h7xx_hal_msp.su ./Core/Src/stm32h7xx_it.cyclo ./Core/Src/stm32h7xx_it.d ./Core/Src/stm32h7xx_it.o ./Core/Src/stm32h7xx_it.su ./Core/Src/syscalls.cyclo ./Core/Src/syscalls.d ./Core/Src/syscalls.o ./Core/Src/syscalls.su ./Core/Src/sysmem.cyclo ./Core/Src/sysmem.d ./Core/Src/sysmem.o ./Core/Src/sysmem.su
rm -rf ./Common/Src/system_stm32h7xx_dualcore_boot_cm4_cm7.cyclo ./Common/Src/system_stm32h7xx_dualcore_boot_cm4_cm7.d ./Common/Src/system_stm32h7xx_dualcore_boot_cm4_cm7.o ./Common/Src/system_stm32h7xx_dualcore_boot_cm4_cm7.su
rm -rf CANLector_CM7.elf CANLector_CM7.list CANLector_CM7.map default.size.stdout
 
15:28:28 **** Incremental Build of configuration Debug for project CANLector_CM7 ****
make -j16 all 
arm-none-eabi-gcc "C:/git/CAN/CANLector/Middlewares/Third_Party/FatFs/src/diskio.c" -mcpu=cortex-m7 -std=gnu11 -g3 -DDEBUG -DCORE_CM7 -DUSE_HAL_DRIVER -DSTM32H755xx -DUSE_NUCLEO_64 -c -I../Core/Inc -I../../Drivers/STM32H7xx_HAL_Driver/Inc -I../../Drivers/STM32H7xx_HAL_Driver/Inc/Legacy -I../../Drivers/BSP/STM32H7xx_Nucleo -I../../Drivers/CMSIS/Device/ST/STM32H7xx/Include -I../../Drivers/CMSIS/Include -I../FATFS/Target -I../FATFS/App -I../../Middlewares/Third_Party/FatFs/src -O0 -ffunction-sections -fdata-sections -Wall -fstack-usage -fcyclomatic-complexity -MMD -MP -MF"Middlewares/Third_Party/FatFs/diskio.d" -MT"Middlewares/Third_Party/FatFs/diskio.o" --specs=nano.specs -mfpu=fpv5-d16 -mfloat-abi=hard -mthumb -o "Middlewares/Third_Party/FatFs/diskio.o"
arm-none-eabi-gcc "C:/git/CAN/CANLector/Middlewares/Third_Party/FatFs/src/ff.c" -mcpu=cortex-m7 -std=gnu11 -g3 -DDEBUG -DCORE_CM7 -DUSE_HAL_DRIVER -DSTM32H755xx -DUSE_NUCLEO_64 -c -I../Core/Inc -I../../Drivers/STM32H7xx_HAL_Driver/Inc -I../../Drivers/STM32H7xx_HAL_Driver/Inc/Legacy -I../../Drivers/BSP/STM32H7xx_Nucleo -I../../Drivers/CMSIS/Device/ST/STM32H7xx/Include -I../../Drivers/CMSIS/Include -I../FATFS/Target -I../FATFS/App -I../../Middlewares/Third_Party/FatFs/src -O0 -ffunction-sections -fdata-sections -Wall -fstack-usage -fcyclomatic-complexity -MMD -MP -MF"Middlewares/Third_Party/FatFs/ff.d" -MT"Middlewares/Third_Party/FatFs/ff.o" --specs=nano.specs -mfpu=fpv5-d16 -mfloat-abi=hard -mthumb -o "Middlewares/Third_Party/FatFs/ff.o"
arm-none-eabi-gcc "C:/git/CAN/CANLector/Middlewares/Third_Party/FatFs/src/ff_gen_drv.c" -mcpu=cortex-m7 -std=gnu11 -g3 -DDEBUG -DCORE_CM7 -DUSE_HAL_DRIVER -DSTM32H755xx -DUSE_NUCLEO_64 -c -I../Core/Inc -I../../Drivers/STM32H7xx_HAL_Driver/Inc -I../../Drivers/STM32H7xx_HAL_Driver/Inc/Legacy -I../../Drivers/BSP/STM32H7xx_Nucleo -I../../Drivers/CMSIS/Device/ST/STM32H7xx/Include -I../../Drivers/CMSIS/Include -I../FATFS/Target -I../FATFS/App -I../../Middlewares/Third_Party/FatFs/src -O0 -ffunction-sections -fdata-sections -Wall -fstack-usage -fcyclomatic-complexity -MMD -MP -MF"Middlewares/Third_Party/FatFs/ff_gen_drv.d" -MT"Middlewares/Third_Party/FatFs/ff_gen_drv.o" --specs=nano.specs -mfpu=fpv5-d16 -mfloat-abi=hard -mthumb -o "Middlewares/Third_Party/FatFs/ff_gen_drv.o"
arm-none-eabi-gcc "C:/git/CAN/CANLector/Middlewares/Third_Party/FatFs/src/option/syscall.c" -mcpu=cortex-m7 -std=gnu11 -g3 -DDEBUG -DCORE_CM7 -DUSE_HAL_DRIVER -DSTM32H755xx -DUSE_NUCLEO_64 -c -I../Core/Inc -I../../Drivers/STM32H7xx_HAL_Driver/Inc -I../../Drivers/STM32H7xx_HAL_Driver/Inc/Legacy -I../../Drivers/BSP/STM32H7xx_Nucleo -I../../Drivers/CMSIS/Device/ST/STM32H7xx/Include -I../../Drivers/CMSIS/Include -I../FATFS/Target -I../FATFS/App -I../../Middlewares/Third_Party/FatFs/src -O0 -ffunction-sections -fdata-sections -Wall -fstack-usage -fcyclomatic-complexity -MMD -MP -MF"Middlewares/Third_Party/FatFs/syscall.d" -MT"Middlewares/Third_Party/FatFs/syscall.o" --specs=nano.specs -mfpu=fpv5-d16 -mfloat-abi=hard -mthumb -o "Middlewares/Third_Party/FatFs/syscall.o"
arm-none-eabi-gcc "../FATFS/Target/user_diskio.c" -mcpu=cortex-m7 -std=gnu11 -g3 -DDEBUG -DCORE_CM7 -DUSE_HAL_DRIVER -DSTM32H755xx -DUSE_NUCLEO_64 -c -I../Core/Inc -I../../Drivers/STM32H7xx_HAL_Driver/Inc -I../../Drivers/STM32H7xx_HAL_Driver/Inc/Legacy -I../../Drivers/BSP/STM32H7xx_Nucleo -I../../Drivers/CMSIS/Device/ST/STM32H7xx/Include -I../../Drivers/CMSIS/Include -I../FATFS/Target -I../FATFS/App -I../../Middlewares/Third_Party/FatFs/src -O0 -ffunction-sections -fdata-sections -Wall -fstack-usage -fcyclomatic-complexity -MMD -MP -MF"FATFS/Target/user_diskio.d" -MT"FATFS/Target/user_diskio.o" --specs=nano.specs -mfpu=fpv5-d16 -mfloat-abi=hard -mthumb -o "FATFS/Target/user_diskio.o"
arm-none-eabi-gcc "../FATFS/Target/user_diskio_spi.c" -mcpu=cortex-m7 -std=gnu11 -g3 -DDEBUG -DCORE_CM7 -DUSE_HAL_DRIVER -DSTM32H755xx -DUSE_NUCLEO_64 -c -I../Core/Inc -I../../Drivers/STM32H7xx_HAL_Driver/Inc -I../../Drivers/STM32H7xx_HAL_Driver/Inc/Legacy -I../../Drivers/BSP/STM32H7xx_Nucleo -I../../Drivers/CMSIS/Device/ST/STM32H7xx/Include -I../../Drivers/CMSIS/Include -I../FATFS/Target -I../FATFS/App -I../../Middlewares/Third_Party/FatFs/src -O0 -ffunction-sections -fdata-sections -Wall -fstack-usage -fcyclomatic-complexity -MMD -MP -MF"FATFS/Target/user_diskio_spi.d" -MT"FATFS/Target/user_diskio_spi.o" --specs=nano.specs -mfpu=fpv5-d16 -mfloat-abi=hard -mthumb -o "FATFS/Target/user_diskio_spi.o"
arm-none-eabi-gcc "../FATFS/App/fatfs.c" -mcpu=cortex-m7 -std=gnu11 -g3 -DDEBUG -DCORE_CM7 -DUSE_HAL_DRIVER -DSTM32H755xx -DUSE_NUCLEO_64 -c -I../Core/Inc -I../../Drivers/STM32H7xx_HAL_Driver/Inc -I../../Drivers/STM32H7xx_HAL_Driver/Inc/Legacy -I../../Drivers/BSP/STM32H7xx_Nucleo -I../../Drivers/CMSIS/Device/ST/STM32H7xx/Include -I../../Drivers/CMSIS/Include -I../FATFS/Target -I../FATFS/App -I../../Middlewares/Third_Party/FatFs/src -O0 -ffunction-sections -fdata-sections -Wall -fstack-usage -fcyclomatic-complexity -MMD -MP -MF"FATFS/App/fatfs.d" -MT"FATFS/App/fatfs.o" --specs=nano.specs -mfpu=fpv5-d16 -mfloat-abi=hard -mthumb -o "FATFS/App/fatfs.o"
arm-none-eabi-gcc "C:/git/CAN/CANLector/Drivers/STM32H7xx_HAL_Driver/Src/stm32h7xx_hal.c" -mcpu=cortex-m7 -std=gnu11 -g3 -DDEBUG -DCORE_CM7 -DUSE_HAL_DRIVER -DSTM32H755xx -DUSE_NUCLEO_64 -c -I../Core/Inc -I../../Drivers/STM32H7xx_HAL_Driver/Inc -I../../Drivers/STM32H7xx_HAL_Driver/Inc/Legacy -I../../Drivers/BSP/STM32H7xx_Nucleo -I../../Drivers/CMSIS/Device/ST/STM32H7xx/Include -I../../Drivers/CMSIS/Include -I../FATFS/Target -I../FATFS/App -I../../Middlewares/Third_Party/FatFs/src -O0 -ffunction-sections -fdata-sections -Wall -fstack-usage -fcyclomatic-complexity -MMD -MP -MF"Drivers/STM32H7xx_HAL_Driver/stm32h7xx_hal.d" -MT"Drivers/STM32H7xx_HAL_Driver/stm32h7xx_hal.o" --specs=nano.specs -mfpu=fpv5-d16 -mfloat-abi=hard -mthumb -o "Drivers/STM32H7xx_HAL_Driver/stm32h7xx_hal.o"
arm-none-eabi-gcc "C:/git/CAN/CANLector/Drivers/STM32H7xx_HAL_Driver/Src/stm32h7xx_hal_cortex.c" -mcpu=cortex-m7 -std=gnu11 -g3 -DDEBUG -DCORE_CM7 -DUSE_HAL_DRIVER -DSTM32H755xx -DUSE_NUCLEO_64 -c -I../Core/Inc -I../../Drivers/STM32H7xx_HAL_Driver/Inc -I../../Drivers/STM32H7xx_HAL_Driver/Inc/Legacy -I../../Drivers/BSP/STM32H7xx_Nucleo -I../../Drivers/CMSIS/Device/ST/STM32H7xx/Include -I../../Drivers/CMSIS/Include -I../FATFS/Target -I../FATFS/App -I../../Middlewares/Third_Party/FatFs/src -O0 -ffunction-sections -fdata-sections -Wall -fstack-usage -fcyclomatic-complexity -MMD -MP -MF"Drivers/STM32H7xx_HAL_Driver/stm32h7xx_hal_cortex.d" -MT"Drivers/STM32H7xx_HAL_Driver/stm32h7xx_hal_cortex.o" --specs=nano.specs -mfpu=fpv5-d16 -mfloat-abi=hard -mthumb -o "Drivers/STM32H7xx_HAL_Driver/stm32h7xx_hal_cortex.o"
arm-none-eabi-gcc "C:/git/CAN/CANLector/Drivers/STM32H7xx_HAL_Driver/Src/stm32h7xx_hal_dma.c" -mcpu=cortex-m7 -std=gnu11 -g3 -DDEBUG -DCORE_CM7 -DUSE_HAL_DRIVER -DSTM32H755xx -DUSE_NUCLEO_64 -c -I../Core/Inc -I../../Drivers/STM32H7xx_HAL_Driver/Inc -I../../Drivers/STM32H7xx_HAL_Driver/Inc/Legacy -I../../Drivers/BSP/STM32H7xx_Nucleo -I../../Drivers/CMSIS/Device/ST/STM32H7xx/Include -I../../Drivers/CMSIS/Include -I../FATFS/Target -I../FATFS/App -I../../Middlewares/Third_Party/FatFs/src -O0 -ffunction-sections -fdata-sections -Wall -fstack-usage -fcyclomatic-complexity -MMD -MP -MF"Drivers/STM32H7xx_HAL_Driver/stm32h7xx_hal_dma.d" -MT"Drivers/STM32H7xx_HAL_Driver/stm32h7xx_hal_dma.o" --specs=nano.specs -mfpu=fpv5-d16 -mfloat-abi=hard -mthumb -o "Drivers/STM32H7xx_HAL_Driver/stm32h7xx_hal_dma.o"
arm-none-eabi-gcc "C:/git/CAN/CANLector/Drivers/STM32H7xx_HAL_Driver/Src/stm32h7xx_hal_dma_ex.c" -mcpu=cortex-m7 -std=gnu11 -g3 -DDEBUG -DCORE_CM7 -DUSE_HAL_DRIVER -DSTM32H755xx -DUSE_NUCLEO_64 -c -I../Core/Inc -I../../Drivers/STM32H7xx_HAL_Driver/Inc -I../../Drivers/STM32H7xx_HAL_Driver/Inc/Legacy -I../../Drivers/BSP/STM32H7xx_Nucleo -I../../Drivers/CMSIS/Device/ST/STM32H7xx/Include -I../../Drivers/CMSIS/Include -I../FATFS/Target -I../FATFS/App -I../../Middlewares/Third_Party/FatFs/src -O0 -ffunction-sections -fdata-sections -Wall -fstack-usage -fcyclomatic-complexity -MMD -MP -MF"Drivers/STM32H7xx_HAL_Driver/stm32h7xx_hal_dma_ex.d" -MT"Drivers/STM32H7xx_HAL_Driver/stm32h7xx_hal_dma_ex.o" --specs=nano.specs -mfpu=fpv5-d16 -mfloat-abi=hard -mthumb -o "Drivers/STM32H7xx_HAL_Driver/stm32h7xx_hal_dma_ex.o"
arm-none-eabi-gcc "C:/git/CAN/CANLector/Drivers/STM32H7xx_HAL_Driver/Src/stm32h7xx_hal_exti.c" -mcpu=cortex-m7 -std=gnu11 -g3 -DDEBUG -DCORE_CM7 -DUSE_HAL_DRIVER -DSTM32H755xx -DUSE_NUCLEO_64 -c -I../Core/Inc -I../../Drivers/STM32H7xx_HAL_Driver/Inc -I../../Drivers/STM32H7xx_HAL_Driver/Inc/Legacy -I../../Drivers/BSP/STM32H7xx_Nucleo -I../../Drivers/CMSIS/Device/ST/STM32H7xx/Include -I../../Drivers/CMSIS/Include -I../FATFS/Target -I../FATFS/App -I../../Middlewares/Third_Party/FatFs/src -O0 -ffunction-sections -fdata-sections -Wall -fstack-usage -fcyclomatic-complexity -MMD -MP -MF"Drivers/STM32H7xx_HAL_Driver/stm32h7xx_hal_exti.d" -MT"Drivers/STM32H7xx_HAL_Driver/stm32h7xx_hal_exti.o" --specs=nano.specs -mfpu=fpv5-d16 -mfloat-abi=hard -mthumb -o "Drivers/STM32H7xx_HAL_Driver/stm32h7xx_hal_exti.o"
arm-none-eabi-gcc "C:/git/CAN/CANLector/Drivers/STM32H7xx_HAL_Driver/Src/stm32h7xx_hal_flash.c" -mcpu=cortex-m7 -std=gnu11 -g3 -DDEBUG -DCORE_CM7 -DUSE_HAL_DRIVER -DSTM32H755xx -DUSE_NUCLEO_64 -c -I../Core/Inc -I../../Drivers/STM32H7xx_HAL_Driver/Inc -I../../Drivers/STM32H7xx_HAL_Driver/Inc/Legacy -I../../Drivers/BSP/STM32H7xx_Nucleo -I../../Drivers/CMSIS/Device/ST/STM32H7xx/Include -I../../Drivers/CMSIS/Include -I../FATFS/Target -I../FATFS/App -I../../Middlewares/Third_Party/FatFs/src -O0 -ffunction-sections -fdata-sections -Wall -fstack-usage -fcyclomatic-complexity -MMD -MP -MF"Drivers/STM32H7xx_HAL_Driver/stm32h7xx_hal_flash.d" -MT"Drivers/STM32H7xx_HAL_Driver/stm32h7xx_hal_flash.o" --specs=nano.specs -mfpu=fpv5-d16 -mfloat-abi=hard -mthumb -o "Drivers/STM32H7xx_HAL_Driver/stm32h7xx_hal_flash.o"
arm-none-eabi-gcc "C:/git/CAN/CANLector/Drivers/STM32H7xx_HAL_Driver/Src/stm32h7xx_hal_flash_ex.c" -mcpu=cortex-m7 -std=gnu11 -g3 -DDEBUG -DCORE_CM7 -DUSE_HAL_DRIVER -DSTM32H755xx -DUSE_NUCLEO_64 -c -I../Core/Inc -I../../Drivers/STM32H7xx_HAL_Driver/Inc -I../../Drivers/STM32H7xx_HAL_Driver/Inc/Legacy -I../../Drivers/BSP/STM32H7xx_Nucleo -I../../Drivers/CMSIS/Device/ST/STM32H7xx/Include -I../../Drivers/CMSIS/Include -I../FATFS/Target -I../FATFS/App -I../../Middlewares/Third_Party/FatFs/src -O0 -ffunction-sections -fdata-sections -Wall -fstack-usage -fcyclomatic-complexity -MMD -MP -MF"Drivers/STM32H7xx_HAL_Driver/stm32h7xx_hal_flash_ex.d" -MT"Drivers/STM32H7xx_HAL_Driver/stm32h7xx_hal_flash_ex.o" --specs=nano.specs -mfpu=fpv5-d16 -mfloat-abi=hard -mthumb -o "Drivers/STM32H7xx_HAL_Driver/stm32h7xx_hal_flash_ex.o"
arm-none-eabi-gcc "C:/git/CAN/CANLector/Drivers/STM32H7xx_HAL_Driver/Src/stm32h7xx_hal_gpio.c" -mcpu=cortex-m7 -std=gnu11 -g3 -DDEBUG -DCORE_CM7 -DUSE_HAL_DRIVER -DSTM32H755xx -DUSE_NUCLEO_64 -c -I../Core/Inc -I../../Drivers/STM32H7xx_HAL_Driver/Inc -I../../Drivers/STM32H7xx_HAL_Driver/Inc/Legacy -I../../Drivers/BSP/STM32H7xx_Nucleo -I../../Drivers/CMSIS/Device/ST/STM32H7xx/Include -I../../Drivers/CMSIS/Include -I../FATFS/Target -I../FATFS/App -I../../Middlewares/Third_Party/FatFs/src -O0 -ffunction-sections -fdata-sections -Wall -fstack-usage -fcyclomatic-complexity -MMD -MP -MF"Drivers/STM32H7xx_HAL_Driver/stm32h7xx_hal_gpio.d" -MT"Drivers/STM32H7xx_HAL_Driver/stm32h7xx_hal_gpio.o" --specs=nano.specs -mfpu=fpv5-d16 -mfloat-abi=hard -mthumb -o "Drivers/STM32H7xx_HAL_Driver/stm32h7xx_hal_gpio.o"
arm-none-eabi-gcc "C:/git/CAN/CANLector/Drivers/STM32H7xx_HAL_Driver/Src/stm32h7xx_hal_hsem.c" -mcpu=cortex-m7 -std=gnu11 -g3 -DDEBUG -DCORE_CM7 -DUSE_HAL_DRIVER -DSTM32H755xx -DUSE_NUCLEO_64 -c -I../Core/Inc -I../../Drivers/STM32H7xx_HAL_Driver/Inc -I../../Drivers/STM32H7xx_HAL_Driver/Inc/Legacy -I../../Drivers/BSP/STM32H7xx_Nucleo -I../../Drivers/CMSIS/Device/ST/STM32H7xx/Include -I../../Drivers/CMSIS/Include -I../FATFS/Target -I../FATFS/App -I../../Middlewares/Third_Party/FatFs/src -O0 -ffunction-sections -fdata-sections -Wall -fstack-usage -fcyclomatic-complexity -MMD -MP -MF"Drivers/STM32H7xx_HAL_Driver/stm32h7xx_hal_hsem.d" -MT"Drivers/STM32H7xx_HAL_Driver/stm32h7xx_hal_hsem.o" --specs=nano.specs -mfpu=fpv5-d16 -mfloat-abi=hard -mthumb -o "Drivers/STM32H7xx_HAL_Driver/stm32h7xx_hal_hsem.o"
C:/git/CAN/CANLector/Middlewares/Third_Party/FatFs/src/ff.c: In function 'f_setlabel':
C:/git/CAN/CANLector/Middlewares/Third_Party/FatFs/src/ff.c:5032:9: warning: this 'for' clause does not guard... [-Wmisleading-indentation]
 5032 |         for (slen = 0; (UINT)label[slen] >= ' '; slen++) ;      /* Get name length */
      |         ^~~
C:/git/CAN/CANLector/Middlewares/Third_Party/FatFs/src/ff.c:5052:9: note: ...this statement, but the latter is misleadingly indented as if it were guarded by the 'for'
 5052 |         {       /* On the FAT12/16/32 volume */
      |         ^
arm-none-eabi-gcc "C:/git/CAN/CANLector/Drivers/STM32H7xx_HAL_Driver/Src/stm32h7xx_hal_i2c.c" -mcpu=cortex-m7 -std=gnu11 -g3 -DDEBUG -DCORE_CM7 -DUSE_HAL_DRIVER -DSTM32H755xx -DUSE_NUCLEO_64 -c -I../Core/Inc -I../../Drivers/STM32H7xx_HAL_Driver/Inc -I../../Drivers/STM32H7xx_HAL_Driver/Inc/Legacy -I../../Drivers/BSP/STM32H7xx_Nucleo -I../../Drivers/CMSIS/Device/ST/STM32H7xx/Include -I../../Drivers/CMSIS/Include -I../FATFS/Target -I../FATFS/App -I../../Middlewares/Third_Party/FatFs/src -O0 -ffunction-sections -fdata-sections -Wall -fstack-usage -fcyclomatic-complexity -MMD -MP -MF"Drivers/STM32H7xx_HAL_Driver/stm32h7xx_hal_i2c.d" -MT"Drivers/STM32H7xx_HAL_Driver/stm32h7xx_hal_i2c.o" --specs=nano.specs -mfpu=fpv5-d16 -mfloat-abi=hard -mthumb -o "Drivers/STM32H7xx_HAL_Driver/stm32h7xx_hal_i2c.o"
arm-none-eabi-gcc "C:/git/CAN/CANLector/Drivers/STM32H7xx_HAL_Driver/Src/stm32h7xx_hal_i2c_ex.c" -mcpu=cortex-m7 -std=gnu11 -g3 -DDEBUG -DCORE_CM7 -DUSE_HAL_DRIVER -DSTM32H755xx -DUSE_NUCLEO_64 -c -I../Core/Inc -I../../Drivers/STM32H7xx_HAL_Driver/Inc -I../../Drivers/STM32H7xx_HAL_Driver/Inc/Legacy -I../../Drivers/BSP/STM32H7xx_Nucleo -I../../Drivers/CMSIS/Device/ST/STM32H7xx/Include -I../../Drivers/CMSIS/Include -I../FATFS/Target -I../FATFS/App -I../../Middlewares/Third_Party/FatFs/src -O0 -ffunction-sections -fdata-sections -Wall -fstack-usage -fcyclomatic-complexity -MMD -MP -MF"Drivers/STM32H7xx_HAL_Driver/stm32h7xx_hal_i2c_ex.d" -MT"Drivers/STM32H7xx_HAL_Driver/stm32h7xx_hal_i2c_ex.o" --specs=nano.specs -mfpu=fpv5-d16 -mfloat-abi=hard -mthumb -o "Drivers/STM32H7xx_HAL_Driver/stm32h7xx_hal_i2c_ex.o"
arm-none-eabi-gcc "C:/git/CAN/CANLector/Drivers/STM32H7xx_HAL_Driver/Src/stm32h7xx_hal_mdma.c" -mcpu=cortex-m7 -std=gnu11 -g3 -DDEBUG -DCORE_CM7 -DUSE_HAL_DRIVER -DSTM32H755xx -DUSE_NUCLEO_64 -c -I../Core/Inc -I../../Drivers/STM32H7xx_HAL_Driver/Inc -I../../Drivers/STM32H7xx_HAL_Driver/Inc/Legacy -I../../Drivers/BSP/STM32H7xx_Nucleo -I../../Drivers/CMSIS/Device/ST/STM32H7xx/Include -I../../Drivers/CMSIS/Include -I../FATFS/Target -I../FATFS/App -I../../Middlewares/Third_Party/FatFs/src -O0 -ffunction-sections -fdata-sections -Wall -fstack-usage -fcyclomatic-complexity -MMD -MP -MF"Drivers/STM32H7xx_HAL_Driver/stm32h7xx_hal_mdma.d" -MT"Drivers/STM32H7xx_HAL_Driver/stm32h7xx_hal_mdma.o" --specs=nano.specs -mfpu=fpv5-d16 -mfloat-abi=hard -mthumb -o "Drivers/STM32H7xx_HAL_Driver/stm32h7xx_hal_mdma.o"
arm-none-eabi-gcc "C:/git/CAN/CANLector/Drivers/STM32H7xx_HAL_Driver/Src/stm32h7xx_hal_pwr.c" -mcpu=cortex-m7 -std=gnu11 -g3 -DDEBUG -DCORE_CM7 -DUSE_HAL_DRIVER -DSTM32H755xx -DUSE_NUCLEO_64 -c -I../Core/Inc -I../../Drivers/STM32H7xx_HAL_Driver/Inc -I../../Drivers/STM32H7xx_HAL_Driver/Inc/Legacy -I../../Drivers/BSP/STM32H7xx_Nucleo -I../../Drivers/CMSIS/Device/ST/STM32H7xx/Include -I../../Drivers/CMSIS/Include -I../FATFS/Target -I../FATFS/App -I../../Middlewares/Third_Party/FatFs/src -O0 -ffunction-sections -fdata-sections -Wall -fstack-usage -fcyclomatic-complexity -MMD -MP -MF"Drivers/STM32H7xx_HAL_Driver/stm32h7xx_hal_pwr.d" -MT"Drivers/STM32H7xx_HAL_Driver/stm32h7xx_hal_pwr.o" --specs=nano.specs -mfpu=fpv5-d16 -mfloat-abi=hard -mthumb -o "Drivers/STM32H7xx_HAL_Driver/stm32h7xx_hal_pwr.o"
arm-none-eabi-gcc "C:/git/CAN/CANLector/Drivers/STM32H7xx_HAL_Driver/Src/stm32h7xx_hal_pwr_ex.c" -mcpu=cortex-m7 -std=gnu11 -g3 -DDEBUG -DCORE_CM7 -DUSE_HAL_DRIVER -DSTM32H755xx -DUSE_NUCLEO_64 -c -I../Core/Inc -I../../Drivers/STM32H7xx_HAL_Driver/Inc -I../../Drivers/STM32H7xx_HAL_Driver/Inc/Legacy -I../../Drivers/BSP/STM32H7xx_Nucleo -I../../Drivers/CMSIS/Device/ST/STM32H7xx/Include -I../../Drivers/CMSIS/Include -I../FATFS/Target -I../FATFS/App -I../../Middlewares/Third_Party/FatFs/src -O0 -ffunction-sections -fdata-sections -Wall -fstack-usage -fcyclomatic-complexity -MMD -MP -MF"Drivers/STM32H7xx_HAL_Driver/stm32h7xx_hal_pwr_ex.d" -MT"Drivers/STM32H7xx_HAL_Driver/stm32h7xx_hal_pwr_ex.o" --specs=nano.specs -mfpu=fpv5-d16 -mfloat-abi=hard -mthumb -o "Drivers/STM32H7xx_HAL_Driver/stm32h7xx_hal_pwr_ex.o"
arm-none-eabi-gcc "C:/git/CAN/CANLector/Drivers/STM32H7xx_HAL_Driver/Src/stm32h7xx_hal_rcc.c" -mcpu=cortex-m7 -std=gnu11 -g3 -DDEBUG -DCORE_CM7 -DUSE_HAL_DRIVER -DSTM32H755xx -DUSE_NUCLEO_64 -c -I../Core/Inc -I../../Drivers/STM32H7xx_HAL_Driver/Inc -I../../Drivers/STM32H7xx_HAL_Driver/Inc/Legacy -I../../Drivers/BSP/STM32H7xx_Nucleo -I../../Drivers/CMSIS/Device/ST/STM32H7xx/Include -I../../Drivers/CMSIS/Include -I../FATFS/Target -I../FATFS/App -I../../Middlewares/Third_Party/FatFs/src -O0 -ffunction-sections -fdata-sections -Wall -fstack-usage -fcyclomatic-complexity -MMD -MP -MF"Drivers/STM32H7xx_HAL_Driver/stm32h7xx_hal_rcc.d" -MT"Drivers/STM32H7xx_HAL_Driver/stm32h7xx_hal_rcc.o" --specs=nano.specs -mfpu=fpv5-d16 -mfloat-abi=hard -mthumb -o "Drivers/STM32H7xx_HAL_Driver/stm32h7xx_hal_rcc.o"
arm-none-eabi-gcc "C:/git/CAN/CANLector/Drivers/STM32H7xx_HAL_Driver/Src/stm32h7xx_hal_rcc_ex.c" -mcpu=cortex-m7 -std=gnu11 -g3 -DDEBUG -DCORE_CM7 -DUSE_HAL_DRIVER -DSTM32H755xx -DUSE_NUCLEO_64 -c -I../Core/Inc -I../../Drivers/STM32H7xx_HAL_Driver/Inc -I../../Drivers/STM32H7xx_HAL_Driver/Inc/Legacy -I../../Drivers/BSP/STM32H7xx_Nucleo -I../../Drivers/CMSIS/Device/ST/STM32H7xx/Include -I../../Drivers/CMSIS/Include -I../FATFS/Target -I../FATFS/App -I../../Middlewares/Third_Party/FatFs/src -O0 -ffunction-sections -fdata-sections -Wall -fstack-usage -fcyclomatic-complexity -MMD -MP -MF"Drivers/STM32H7xx_HAL_Driver/stm32h7xx_hal_rcc_ex.d" -MT"Drivers/STM32H7xx_HAL_Driver/stm32h7xx_hal_rcc_ex.o" --specs=nano.specs -mfpu=fpv5-d16 -mfloat-abi=hard -mthumb -o "Drivers/STM32H7xx_HAL_Driver/stm32h7xx_hal_rcc_ex.o"
arm-none-eabi-gcc "C:/git/CAN/CANLector/Drivers/STM32H7xx_HAL_Driver/Src/stm32h7xx_hal_spi.c" -mcpu=cortex-m7 -std=gnu11 -g3 -DDEBUG -DCORE_CM7 -DUSE_HAL_DRIVER -DSTM32H755xx -DUSE_NUCLEO_64 -c -I../Core/Inc -I../../Drivers/STM32H7xx_HAL_Driver/Inc -I../../Drivers/STM32H7xx_HAL_Driver/Inc/Legacy -I../../Drivers/BSP/STM32H7xx_Nucleo -I../../Drivers/CMSIS/Device/ST/STM32H7xx/Include -I../../Drivers/CMSIS/Include -I../FATFS/Target -I../FATFS/App -I../../Middlewares/Third_Party/FatFs/src -O0 -ffunction-sections -fdata-sections -Wall -fstack-usage -fcyclomatic-complexity -MMD -MP -MF"Drivers/STM32H7xx_HAL_Driver/stm32h7xx_hal_spi.d" -MT"Drivers/STM32H7xx_HAL_Driver/stm32h7xx_hal_spi.o" --specs=nano.specs -mfpu=fpv5-d16 -mfloat-abi=hard -mthumb -o "Drivers/STM32H7xx_HAL_Driver/stm32h7xx_hal_spi.o"
arm-none-eabi-gcc "C:/git/CAN/CANLector/Drivers/STM32H7xx_HAL_Driver/Src/stm32h7xx_hal_spi_ex.c" -mcpu=cortex-m7 -std=gnu11 -g3 -DDEBUG -DCORE_CM7 -DUSE_HAL_DRIVER -DSTM32H755xx -DUSE_NUCLEO_64 -c -I../Core/Inc -I../../Drivers/STM32H7xx_HAL_Driver/Inc -I../../Drivers/STM32H7xx_HAL_Driver/Inc/Legacy -I../../Drivers/BSP/STM32H7xx_Nucleo -I../../Drivers/CMSIS/Device/ST/STM32H7xx/Include -I../../Drivers/CMSIS/Include -I../FATFS/Target -I../FATFS/App -I../../Middlewares/Third_Party/FatFs/src -O0 -ffunction-sections -fdata-sections -Wall -fstack-usage -fcyclomatic-complexity -MMD -MP -MF"Drivers/STM32H7xx_HAL_Driver/stm32h7xx_hal_spi_ex.d" -MT"Drivers/STM32H7xx_HAL_Driver/stm32h7xx_hal_spi_ex.o" --specs=nano.specs -mfpu=fpv5-d16 -mfloat-abi=hard -mthumb -o "Drivers/STM32H7xx_HAL_Driver/stm32h7xx_hal_spi_ex.o"
arm-none-eabi-gcc "C:/git/CAN/CANLector/Drivers/STM32H7xx_HAL_Driver/Src/stm32h7xx_hal_tim.c" -mcpu=cortex-m7 -std=gnu11 -g3 -DDEBUG -DCORE_CM7 -DUSE_HAL_DRIVER -DSTM32H755xx -DUSE_NUCLEO_64 -c -I../Core/Inc -I../../Drivers/STM32H7xx_HAL_Driver/Inc -I../../Drivers/STM32H7xx_HAL_Driver/Inc/Legacy -I../../Drivers/BSP/STM32H7xx_Nucleo -I../../Drivers/CMSIS/Device/ST/STM32H7xx/Include -I../../Drivers/CMSIS/Include -I../FATFS/Target -I../FATFS/App -I../../Middlewares/Third_Party/FatFs/src -O0 -ffunction-sections -fdata-sections -Wall -fstack-usage -fcyclomatic-complexity -MMD -MP -MF"Drivers/STM32H7xx_HAL_Driver/stm32h7xx_hal_tim.d" -MT"Drivers/STM32H7xx_HAL_Driver/stm32h7xx_hal_tim.o" --specs=nano.specs -mfpu=fpv5-d16 -mfloat-abi=hard -mthumb -o "Drivers/STM32H7xx_HAL_Driver/stm32h7xx_hal_tim.o"
arm-none-eabi-gcc "C:/git/CAN/CANLector/Drivers/STM32H7xx_HAL_Driver/Src/stm32h7xx_hal_tim_ex.c" -mcpu=cortex-m7 -std=gnu11 -g3 -DDEBUG -DCORE_CM7 -DUSE_HAL_DRIVER -DSTM32H755xx -DUSE_NUCLEO_64 -c -I../Core/Inc -I../../Drivers/STM32H7xx_HAL_Driver/Inc -I../../Drivers/STM32H7xx_HAL_Driver/Inc/Legacy -I../../Drivers/BSP/STM32H7xx_Nucleo -I../../Drivers/CMSIS/Device/ST/STM32H7xx/Include -I../../Drivers/CMSIS/Include -I../FATFS/Target -I../FATFS/App -I../../Middlewares/Third_Party/FatFs/src -O0 -ffunction-sections -fdata-sections -Wall -fstack-usage -fcyclomatic-complexity -MMD -MP -MF"Drivers/STM32H7xx_HAL_Driver/stm32h7xx_hal_tim_ex.d" -MT"Drivers/STM32H7xx_HAL_Driver/stm32h7xx_hal_tim_ex.o" --specs=nano.specs -mfpu=fpv5-d16 -mfloat-abi=hard -mthumb -o "Drivers/STM32H7xx_HAL_Driver/stm32h7xx_hal_tim_ex.o"
arm-none-eabi-gcc "C:/git/CAN/CANLector/Drivers/STM32H7xx_HAL_Driver/Src/stm32h7xx_hal_uart.c" -mcpu=cortex-m7 -std=gnu11 -g3 -DDEBUG -DCORE_CM7 -DUSE_HAL_DRIVER -DSTM32H755xx -DUSE_NUCLEO_64 -c -I../Core/Inc -I../../Drivers/STM32H7xx_HAL_Driver/Inc -I../../Drivers/STM32H7xx_HAL_Driver/Inc/Legacy -I../../Drivers/BSP/STM32H7xx_Nucleo -I../../Drivers/CMSIS/Device/ST/STM32H7xx/Include -I../../Drivers/CMSIS/Include -I../FATFS/Target -I../FATFS/App -I../../Middlewares/Third_Party/FatFs/src -O0 -ffunction-sections -fdata-sections -Wall -fstack-usage -fcyclomatic-complexity -MMD -MP -MF"Drivers/STM32H7xx_HAL_Driver/stm32h7xx_hal_uart.d" -MT"Drivers/STM32H7xx_HAL_Driver/stm32h7xx_hal_uart.o" --specs=nano.specs -mfpu=fpv5-d16 -mfloat-abi=hard -mthumb -o "Drivers/STM32H7xx_HAL_Driver/stm32h7xx_hal_uart.o"
arm-none-eabi-gcc "C:/git/CAN/CANLector/Drivers/STM32H7xx_HAL_Driver/Src/stm32h7xx_hal_uart_ex.c" -mcpu=cortex-m7 -std=gnu11 -g3 -DDEBUG -DCORE_CM7 -DUSE_HAL_DRIVER -DSTM32H755xx -DUSE_NUCLEO_64 -c -I../Core/Inc -I../../Drivers/STM32H7xx_HAL_Driver/Inc -I../../Drivers/STM32H7xx_HAL_Driver/Inc/Legacy -I../../Drivers/BSP/STM32H7xx_Nucleo -I../../Drivers/CMSIS/Device/ST/STM32H7xx/Include -I../../Drivers/CMSIS/Include -I../FATFS/Target -I../FATFS/App -I../../Middlewares/Third_Party/FatFs/src -O0 -ffunction-sections -fdata-sections -Wall -fstack-usage -fcyclomatic-complexity -MMD -MP -MF"Drivers/STM32H7xx_HAL_Driver/stm32h7xx_hal_uart_ex.d" -MT"Drivers/STM32H7xx_HAL_Driver/stm32h7xx_hal_uart_ex.o" --specs=nano.specs -mfpu=fpv5-d16 -mfloat-abi=hard -mthumb -o "Drivers/STM32H7xx_HAL_Driver/stm32h7xx_hal_uart_ex.o"
arm-none-eabi-gcc "C:/git/CAN/CANLector/Drivers/STM32H7xx_HAL_Driver/Src/stm32h7xx_hal_usart.c" -mcpu=cortex-m7 -std=gnu11 -g3 -DDEBUG -DCORE_CM7 -DUSE_HAL_DRIVER -DSTM32H755xx -DUSE_NUCLEO_64 -c -I../Core/Inc -I../../Drivers/STM32H7xx_HAL_Driver/Inc -I../../Drivers/STM32H7xx_HAL_Driver/Inc/Legacy -I../../Drivers/BSP/STM32H7xx_Nucleo -I../../Drivers/CMSIS/Device/ST/STM32H7xx/Include -I../../Drivers/CMSIS/Include -I../FATFS/Target -I../FATFS/App -I../../Middlewares/Third_Party/FatFs/src -O0 -ffunction-sections -fdata-sections -Wall -fstack-usage -fcyclomatic-complexity -MMD -MP -MF"Drivers/STM32H7xx_HAL_Driver/stm32h7xx_hal_usart.d" -MT"Drivers/STM32H7xx_HAL_Driver/stm32h7xx_hal_usart.o" --specs=nano.specs -mfpu=fpv5-d16 -mfloat-abi=hard -mthumb -o "Drivers/STM32H7xx_HAL_Driver/stm32h7xx_hal_usart.o"
arm-none-eabi-gcc "C:/git/CAN/CANLector/Drivers/STM32H7xx_HAL_Driver/Src/stm32h7xx_hal_usart_ex.c" -mcpu=cortex-m7 -std=gnu11 -g3 -DDEBUG -DCORE_CM7 -DUSE_HAL_DRIVER -DSTM32H755xx -DUSE_NUCLEO_64 -c -I../Core/Inc -I../../Drivers/STM32H7xx_HAL_Driver/Inc -I../../Drivers/STM32H7xx_HAL_Driver/Inc/Legacy -I../../Drivers/BSP/STM32H7xx_Nucleo -I../../Drivers/CMSIS/Device/ST/STM32H7xx/Include -I../../Drivers/CMSIS/Include -I../FATFS/Target -I../FATFS/App -I../../Middlewares/Third_Party/FatFs/src -O0 -ffunction-sections -fdata-sections -Wall -fstack-usage -fcyclomatic-complexity -MMD -MP -MF"Drivers/STM32H7xx_HAL_Driver/stm32h7xx_hal_usart_ex.d" -MT"Drivers/STM32H7xx_HAL_Driver/stm32h7xx_hal_usart_ex.o" --specs=nano.specs -mfpu=fpv5-d16 -mfloat-abi=hard -mthumb -o "Drivers/STM32H7xx_HAL_Driver/stm32h7xx_hal_usart_ex.o"
arm-none-eabi-gcc "C:/git/CAN/CANLector/Drivers/BSP/STM32H7xx_Nucleo/stm32h7xx_nucleo.c" -mcpu=cortex-m7 -std=gnu11 -g3 -DDEBUG -DCORE_CM7 -DUSE_HAL_DRIVER -DSTM32H755xx -DUSE_NUCLEO_64 -c -I../Core/Inc -I../../Drivers/STM32H7xx_HAL_Driver/Inc -I../../Drivers/STM32H7xx_HAL_Driver/Inc/Legacy -I../../Drivers/BSP/STM32H7xx_Nucleo -I../../Drivers/CMSIS/Device/ST/STM32H7xx/Include -I../../Drivers/CMSIS/Include -I../FATFS/Target -I../FATFS/App -I../../Middlewares/Third_Party/FatFs/src -O0 -ffunction-sections -fdata-sections -Wall -fstack-usage -fcyclomatic-complexity -MMD -MP -MF"Drivers/BSP/STM32H7xx_Nucleo/stm32h7xx_nucleo.d" -MT"Drivers/BSP/STM32H7xx_Nucleo/stm32h7xx_nucleo.o" --specs=nano.specs -mfpu=fpv5-d16 -mfloat-abi=hard -mthumb -o "Drivers/BSP/STM32H7xx_Nucleo/stm32h7xx_nucleo.o"
arm-none-eabi-gcc -mcpu=cortex-m7 -g3 -DDEBUG -c -x assembler-with-cpp -MMD -MP -MF"Core/Startup/startup_stm32h755zitx.d" -MT"Core/Startup/startup_stm32h755zitx.o" --specs=nano.specs -mfpu=fpv5-d16 -mfloat-abi=hard -mthumb -o "Core/Startup/startup_stm32h755zitx.o" "../Core/Startup/startup_stm32h755zitx.s"
arm-none-eabi-gcc "../Core/Src/main.c" -mcpu=cortex-m7 -std=gnu11 -g3 -DDEBUG -DCORE_CM7 -DUSE_HAL_DRIVER -DSTM32H755xx -DUSE_NUCLEO_64 -c -I../Core/Inc -I../../Drivers/STM32H7xx_HAL_Driver/Inc -I../../Drivers/STM32H7xx_HAL_Driver/Inc/Legacy -I../../Drivers/BSP/STM32H7xx_Nucleo -I../../Drivers/CMSIS/Device/ST/STM32H7xx/Include -I../../Drivers/CMSIS/Include -I../FATFS/Target -I../FATFS/App -I../../Middlewares/Third_Party/FatFs/src -O0 -ffunction-sections -fdata-sections -Wall -fstack-usage -fcyclomatic-complexity -MMD -MP -MF"Core/Src/main.d" -MT"Core/Src/main.o" --specs=nano.specs -mfpu=fpv5-d16 -mfloat-abi=hard -mthumb -o "Core/Src/main.o"
arm-none-eabi-gcc "../Core/Src/stm32h7xx_hal_msp.c" -mcpu=cortex-m7 -std=gnu11 -g3 -DDEBUG -DCORE_CM7 -DUSE_HAL_DRIVER -DSTM32H755xx -DUSE_NUCLEO_64 -c -I../Core/Inc -I../../Drivers/STM32H7xx_HAL_Driver/Inc -I../../Drivers/STM32H7xx_HAL_Driver/Inc/Legacy -I../../Drivers/BSP/STM32H7xx_Nucleo -I../../Drivers/CMSIS/Device/ST/STM32H7xx/Include -I../../Drivers/CMSIS/Include -I../FATFS/Target -I../FATFS/App -I../../Middlewares/Third_Party/FatFs/src -O0 -ffunction-sections -fdata-sections -Wall -fstack-usage -fcyclomatic-complexity -MMD -MP -MF"Core/Src/stm32h7xx_hal_msp.d" -MT"Core/Src/stm32h7xx_hal_msp.o" --specs=nano.specs -mfpu=fpv5-d16 -mfloat-abi=hard -mthumb -o "Core/Src/stm32h7xx_hal_msp.o"
arm-none-eabi-gcc "../Core/Src/stm32h7xx_it.c" -mcpu=cortex-m7 -std=gnu11 -g3 -DDEBUG -DCORE_CM7 -DUSE_HAL_DRIVER -DSTM32H755xx -DUSE_NUCLEO_64 -c -I../Core/Inc -I../../Drivers/STM32H7xx_HAL_Driver/Inc -I../../Drivers/STM32H7xx_HAL_Driver/Inc/Legacy -I../../Drivers/BSP/STM32H7xx_Nucleo -I../../Drivers/CMSIS/Device/ST/STM32H7xx/Include -I../../Drivers/CMSIS/Include -I../FATFS/Target -I../FATFS/App -I../../Middlewares/Third_Party/FatFs/src -O0 -ffunction-sections -fdata-sections -Wall -fstack-usage -fcyclomatic-complexity -MMD -MP -MF"Core/Src/stm32h7xx_it.d" -MT"Core/Src/stm32h7xx_it.o" --specs=nano.specs -mfpu=fpv5-d16 -mfloat-abi=hard -mthumb -o "Core/Src/stm32h7xx_it.o"
arm-none-eabi-gcc "../Core/Src/syscalls.c" -mcpu=cortex-m7 -std=gnu11 -g3 -DDEBUG -DCORE_CM7 -DUSE_HAL_DRIVER -DSTM32H755xx -DUSE_NUCLEO_64 -c -I../Core/Inc -I../../Drivers/STM32H7xx_HAL_Driver/Inc -I../../Drivers/STM32H7xx_HAL_Driver/Inc/Legacy -I../../Drivers/BSP/STM32H7xx_Nucleo -I../../Drivers/CMSIS/Device/ST/STM32H7xx/Include -I../../Drivers/CMSIS/Include -I../FATFS/Target -I../FATFS/App -I../../Middlewares/Third_Party/FatFs/src -O0 -ffunction-sections -fdata-sections -Wall -fstack-usage -fcyclomatic-complexity -MMD -MP -MF"Core/Src/syscalls.d" -MT"Core/Src/syscalls.o" --specs=nano.specs -mfpu=fpv5-d16 -mfloat-abi=hard -mthumb -o "Core/Src/syscalls.o"
arm-none-eabi-gcc "../Core/Src/sysmem.c" -mcpu=cortex-m7 -std=gnu11 -g3 -DDEBUG -DCORE_CM7 -DUSE_HAL_DRIVER -DSTM32H755xx -DUSE_NUCLEO_64 -c -I../Core/Inc -I../../Drivers/STM32H7xx_HAL_Driver/Inc -I../../Drivers/STM32H7xx_HAL_Driver/Inc/Legacy -I../../Drivers/BSP/STM32H7xx_Nucleo -I../../Drivers/CMSIS/Device/ST/STM32H7xx/Include -I../../Drivers/CMSIS/Include -I../FATFS/Target -I../FATFS/App -I../../Middlewares/Third_Party/FatFs/src -O0 -ffunction-sections -fdata-sections -Wall -fstack-usage -fcyclomatic-complexity -MMD -MP -MF"Core/Src/sysmem.d" -MT"Core/Src/sysmem.o" --specs=nano.specs -mfpu=fpv5-d16 -mfloat-abi=hard -mthumb -o "Core/Src/sysmem.o"
arm-none-eabi-gcc "C:/git/CAN/CANLector/Common/Src/system_stm32h7xx_dualcore_boot_cm4_cm7.c" -mcpu=cortex-m7 -std=gnu11 -g3 -DDEBUG -DCORE_CM7 -DUSE_HAL_DRIVER -DSTM32H755xx -DUSE_NUCLEO_64 -c -I../Core/Inc -I../../Drivers/STM32H7xx_HAL_Driver/Inc -I../../Drivers/STM32H7xx_HAL_Driver/Inc/Legacy -I../../Drivers/BSP/STM32H7xx_Nucleo -I../../Drivers/CMSIS/Device/ST/STM32H7xx/Include -I../../Drivers/CMSIS/Include -I../FATFS/Target -I../FATFS/App -I../../Middlewares/Third_Party/FatFs/src -O0 -ffunction-sections -fdata-sections -Wall -fstack-usage -fcyclomatic-complexity -MMD -MP -MF"Common/Src/system_stm32h7xx_dualcore_boot_cm4_cm7.d" -MT"Common/Src/system_stm32h7xx_dualcore_boot_cm4_cm7.o" --specs=nano.specs -mfpu=fpv5-d16 -mfloat-abi=hard -mthumb -o "Common/Src/system_stm32h7xx_dualcore_boot_cm4_cm7.o"
arm-none-eabi-gcc -o "CANLector_CM7.elf" @"objects.list"   -mcpu=cortex-m7 -T"C:\git\CAN\CANLector\CM7\STM32H755ZITX_FLASH.ld" --specs=nosys.specs -Wl,-Map="CANLector_CM7.map" -Wl,--gc-sections -static --specs=nano.specs -mfpu=fpv5-d16 -mfloat-abi=hard -mthumb -Wl,--start-group -lc -lm -Wl,--end-group
Finished building target: CANLector_CM7.elf
 
arm-none-eabi-size  CANLector_CM7.elf 
arm-none-eabi-objdump -h -S CANLector_CM7.elf  > "CANLector_CM7.list"
   text	   data	    bss	    dec	    hex	filename
  37300	     68	   1948	  39316	   9994	CANLector_CM7.elf
Finished building: default.size.stdout
 
Finished building: CANLector_CM7.list
 
15:29:20 **** Incremental Build of configuration Debug for project CANLector_CM7 ****
make -j16 all 
arm-none-eabi-size  CANLector_CM7.elf 
   text	   data	    bss	    dec	    hex	filename
  37300	     68	   1948	  39316	   9994	CANLector_CM7.elf
Finished building: default.size.stdout
 
16:15:25 **** Incremental Build of configuration Debug for project CANLector_CM7 ****
make -j16 all 
arm-none-eabi-gcc "../Core/Src/main.c" -mcpu=cortex-m7 -std=gnu11 -g3 -DDEBUG -DCORE_CM7 -DUSE_HAL_DRIVER -DSTM32H755xx -DUSE_NUCLEO_64 -c -I../Core/Inc -I../../Drivers/STM32H7xx_HAL_Driver/Inc -I../../Drivers/STM32H7xx_HAL_Driver/Inc/Legacy -I../../Drivers/BSP/STM32H7xx_Nucleo -I../../Drivers/CMSIS/Device/ST/STM32H7xx/Include -I../../Drivers/CMSIS/Include -I../FATFS/Target -I../FATFS/App -I../../Middlewares/Third_Party/FatFs/src -O0 -ffunction-sections -fdata-sections -Wall -fstack-usage -fcyclomatic-complexity -MMD -MP -MF"Core/Src/main.d" -MT"Core/Src/main.o" --specs=nano.specs -mfpu=fpv5-d16 -mfloat-abi=hard -mthumb -o "Core/Src/main.o"
arm-none-eabi-gcc -o "CANLector_CM7.elf" @"objects.list"   -mcpu=cortex-m7 -T"C:\git\CAN\CANLector\CM7\STM32H755ZITX_FLASH.ld" --specs=nosys.specs -Wl,-Map="CANLector_CM7.map" -Wl,--gc-sections -static --specs=nano.specs -mfpu=fpv5-d16 -mfloat-abi=hard -mthumb -Wl,--start-group -lc -lm -Wl,--end-group
Finished building target: CANLector_CM7.elf
 
arm-none-eabi-size  CANLector_CM7.elf 
arm-none-eabi-objdump -h -S CANLector_CM7.elf  > "CANLector_CM7.list"
   text	   data	    bss	    dec	    hex	filename
  37444	     68	   1948	  39460	   9a24	CANLector_CM7.elf
Finished building: default.size.stdout
 
Finished building: CANLector_CM7.list
 
16:15:59 **** Incremental Build of configuration Debug for project CANLector_CM7 ****
make -j16 all 
arm-none-eabi-gcc "../Core/Src/main.c" -mcpu=cortex-m7 -std=gnu11 -g3 -DDEBUG -DCORE_CM7 -DUSE_HAL_DRIVER -DSTM32H755xx -DUSE_NUCLEO_64 -c -I../Core/Inc -I../../Drivers/STM32H7xx_HAL_Driver/Inc -I../../Drivers/STM32H7xx_HAL_Driver/Inc/Legacy -I../../Drivers/BSP/STM32H7xx_Nucleo -I../../Drivers/CMSIS/Device/ST/STM32H7xx/Include -I../../Drivers/CMSIS/Include -I../FATFS/Target -I../FATFS/App -I../../Middlewares/Third_Party/FatFs/src -O0 -ffunction-sections -fdata-sections -Wall -fstack-usage -fcyclomatic-complexity -MMD -MP -MF"Core/Src/main.d" -MT"Core/Src/main.o" --specs=nano.specs -mfpu=fpv5-d16 -mfloat-abi=hard -mthumb -o "Core/Src/main.o"
arm-none-eabi-gcc -o "CANLector_CM7.elf" @"objects.list"   -mcpu=cortex-m7 -T"C:\git\CAN\CANLector\CM7\STM32H755ZITX_FLASH.ld" --specs=nosys.specs -Wl,-Map="CANLector_CM7.map" -Wl,--gc-sections -static --specs=nano.specs -mfpu=fpv5-d16 -mfloat-abi=hard -mthumb -Wl,--start-group -lc -lm -Wl,--end-group
Finished building target: CANLector_CM7.elf
 
arm-none-eabi-size  CANLector_CM7.elf 
arm-none-eabi-objdump -h -S CANLector_CM7.elf  > "CANLector_CM7.list"
   text	   data	    bss	    dec	    hex	filename
  28856	     68	   1908	  30832	   7870	CANLector_CM7.elf
Finished building: default.size.stdout
 
Finished building: CANLector_CM7.list
 
16:18:55 **** Incremental Build of configuration Debug for project CANLector_CM7 ****
make -j16 all 
arm-none-eabi-gcc "../Core/Src/main.c" -mcpu=cortex-m7 -std=gnu11 -g3 -DDEBUG -DCORE_CM7 -DUSE_HAL_DRIVER -DSTM32H755xx -DUSE_NUCLEO_64 -c -I../Core/Inc -I../../Drivers/STM32H7xx_HAL_Driver/Inc -I../../Drivers/STM32H7xx_HAL_Driver/Inc/Legacy -I../../Drivers/BSP/STM32H7xx_Nucleo -I../../Drivers/CMSIS/Device/ST/STM32H7xx/Include -I../../Drivers/CMSIS/Include -I../FATFS/Target -I../FATFS/App -I../../Middlewares/Third_Party/FatFs/src -O0 -ffunction-sections -fdata-sections -Wall -fstack-usage -fcyclomatic-complexity -MMD -MP -MF"Core/Src/main.d" -MT"Core/Src/main.o" --specs=nano.specs -mfpu=fpv5-d16 -mfloat-abi=hard -mthumb -o "Core/Src/main.o"
arm-none-eabi-gcc -o "CANLector_CM7.elf" @"objects.list"   -mcpu=cortex-m7 -T"C:\git\CAN\CANLector\CM7\STM32H755ZITX_FLASH.ld" --specs=nosys.specs -Wl,-Map="CANLector_CM7.map" -Wl,--gc-sections -static --specs=nano.specs -mfpu=fpv5-d16 -mfloat-abi=hard -mthumb -Wl,--start-group -lc -lm -Wl,--end-group
Finished building target: CANLector_CM7.elf
 
arm-none-eabi-size  CANLector_CM7.elf 
arm-none-eabi-objdump -h -S CANLector_CM7.elf  > "CANLector_CM7.list"
   text	   data	    bss	    dec	    hex	filename
  28888	     68	   1908	  30864	   7890	CANLector_CM7.elf
Finished building: default.size.stdout
 
Finished building: CANLector_CM7.list
 
16:20:42 **** Incremental Build of configuration Debug for project CANLector_CM7 ****
make -j16 all 
arm-none-eabi-gcc "../Core/Src/main.c" -mcpu=cortex-m7 -std=gnu11 -g3 -DDEBUG -DCORE_CM7 -DUSE_HAL_DRIVER -DSTM32H755xx -DUSE_NUCLEO_64 -c -I../Core/Inc -I../../Drivers/STM32H7xx_HAL_Driver/Inc -I../../Drivers/STM32H7xx_HAL_Driver/Inc/Legacy -I../../Drivers/BSP/STM32H7xx_Nucleo -I../../Drivers/CMSIS/Device/ST/STM32H7xx/Include -I../../Drivers/CMSIS/Include -I../FATFS/Target -I../FATFS/App -I../../Middlewares/Third_Party/FatFs/src -O0 -ffunction-sections -fdata-sections -Wall -fstack-usage -fcyclomatic-complexity -MMD -MP -MF"Core/Src/main.d" -MT"Core/Src/main.o" --specs=nano.specs -mfpu=fpv5-d16 -mfloat-abi=hard -mthumb -o "Core/Src/main.o"
../Core/Src/main.c: In function 'main':
../Core/Src/main.c:157:30: error: 'LD_GREEN_GPIO_Port' undeclared (first use in this function); did you mean 'SD_CS_GPIO_Port'?
  157 |           HAL_GPIO_TogglePin(LD_GREEN_GPIO_Port, LD_GREEN_Pin);
      |                              ^~~~~~~~~~~~~~~~~~
      |                              SD_CS_GPIO_Port
../Core/Src/main.c:157:30: note: each undeclared identifier is reported only once for each function it appears in
../Core/Src/main.c:157:50: error: 'LD_GREEN_Pin' undeclared (first use in this function)
  157 |           HAL_GPIO_TogglePin(LD_GREEN_GPIO_Port, LD_GREEN_Pin);
      |                                                  ^~~~~~~~~~~~
make: *** [Core/Src/subdir.mk:31: Core/Src/main.o] Error 1
"make -j16 all" terminated with exit code 2. Build might be incomplete.
16:22:40 **** Incremental Build of configuration Debug for project CANLector_CM7 ****
make -j16 all 
arm-none-eabi-gcc "../Core/Src/main.c" -mcpu=cortex-m7 -std=gnu11 -g3 -DDEBUG -DCORE_CM7 -DUSE_HAL_DRIVER -DSTM32H755xx -DUSE_NUCLEO_64 -c -I../Core/Inc -I../../Drivers/STM32H7xx_HAL_Driver/Inc -I../../Drivers/STM32H7xx_HAL_Driver/Inc/Legacy -I../../Drivers/BSP/STM32H7xx_Nucleo -I../../Drivers/CMSIS/Device/ST/STM32H7xx/Include -I../../Drivers/CMSIS/Include -I../FATFS/Target -I../FATFS/App -I../../Middlewares/Third_Party/FatFs/src -O0 -ffunction-sections -fdata-sections -Wall -fstack-usage -fcyclomatic-complexity -MMD -MP -MF"Core/Src/main.d" -MT"Core/Src/main.o" --specs=nano.specs -mfpu=fpv5-d16 -mfloat-abi=hard -mthumb -o "Core/Src/main.o"
arm-none-eabi-gcc -o "CANLector_CM7.elf" @"objects.list"   -mcpu=cortex-m7 -T"C:\git\CAN\CANLector\CM7\STM32H755ZITX_FLASH.ld" --specs=nosys.specs -Wl,-Map="CANLector_CM7.map" -Wl,--gc-sections -static --specs=nano.specs -mfpu=fpv5-d16 -mfloat-abi=hard -mthumb -Wl,--start-group -lc -lm -Wl,--end-group
Finished building target: CANLector_CM7.elf
 
arm-none-eabi-size  CANLector_CM7.elf 
arm-none-eabi-objdump -h -S CANLector_CM7.elf  > "CANLector_CM7.list"
   text	   data	    bss	    dec	    hex	filename
  28792	     68	   1908	  30768	   7830	CANLector_CM7.elf
Finished building: default.size.stdout
 
Finished building: CANLector_CM7.list
 
16:24:03 **** Incremental Build of configuration Debug for project CANLector_CM7 ****
make -j16 all 
arm-none-eabi-gcc "../Core/Src/main.c" -mcpu=cortex-m7 -std=gnu11 -g3 -DDEBUG -DCORE_CM7 -DUSE_HAL_DRIVER -DSTM32H755xx -DUSE_NUCLEO_64 -c -I../Core/Inc -I../../Drivers/STM32H7xx_HAL_Driver/Inc -I../../Drivers/STM32H7xx_HAL_Driver/Inc/Legacy -I../../Drivers/BSP/STM32H7xx_Nucleo -I../../Drivers/CMSIS/Device/ST/STM32H7xx/Include -I../../Drivers/CMSIS/Include -I../FATFS/Target -I../FATFS/App -I../../Middlewares/Third_Party/FatFs/src -O0 -ffunction-sections -fdata-sections -Wall -fstack-usage -fcyclomatic-complexity -MMD -MP -MF"Core/Src/main.d" -MT"Core/Src/main.o" --specs=nano.specs -mfpu=fpv5-d16 -mfloat-abi=hard -mthumb -o "Core/Src/main.o"
arm-none-eabi-gcc -o "CANLector_CM7.elf" @"objects.list"   -mcpu=cortex-m7 -T"C:\git\CAN\CANLector\CM7\STM32H755ZITX_FLASH.ld" --specs=nosys.specs -Wl,-Map="CANLector_CM7.map" -Wl,--gc-sections -static --specs=nano.specs -mfpu=fpv5-d16 -mfloat-abi=hard -mthumb -Wl,--start-group -lc -lm -Wl,--end-group
Finished building target: CANLector_CM7.elf
 
arm-none-eabi-size  CANLector_CM7.elf 
arm-none-eabi-objdump -h -S CANLector_CM7.elf  > "CANLector_CM7.list"
   text	   data	    bss	    dec	    hex	filename
  28944	     68	   1908	  30920	   78c8	CANLector_CM7.elf
Finished building: default.size.stdout
 
Finished building: CANLector_CM7.list
 
16:25:23 **** Incremental Build of configuration Debug for project CANLector_CM7 ****
make -j16 all 
[...]
arm-none-eabi-gcc "C:/git/CAN/CANLector/Drivers/STM32H7xx_HAL_Driver/Src/stm32h7xx_hal_rcc.c" -mcpu=cortex-m7 -std=gnu11 -DCORE_CM7 -DUSE_HAL_DRIVER -DSTM32H755xx -DUSE_NUCLEO_64 -c -I../Core/Inc -I../../Drivers/STM32H7xx_HAL_Driver/Inc -I../../Drivers/STM32H7xx_HAL_Driver/Inc/Legacy -I../../Drivers/BSP/STM32H7xx_Nucleo -I../../Drivers/CMSIS/Device/ST/STM32H7xx/Include -I../../Drivers/CMSIS/Include -I../FATFS/Target -I../FATFS/App -I../../Middlewares/Third_Party/FatFs/src -Os -ffunction-sections -fdata-sections -Wall -fstack-usage -fcyclomatic-complexity -MMD -MP -MF"Drivers/STM32H7xx_HAL_Driver/stm32h7xx_hal_rcc.d" -MT"Drivers/STM32H7xx_HAL_Driver/stm32h7xx_hal_rcc.o" --specs=nano.specs -mfpu=fpv5-d16 -mfloat-abi=hard -mthumb -o "Drivers/STM32H7xx_HAL_Driver/stm32h7xx_hal_rcc.o"
arm-none-eabi-gcc "C:/git/CAN/CANLector/Drivers/STM32H7xx_HAL_Driver/Src/stm32h7xx_hal_rcc_ex.c" -mcpu=cortex-m7 -std=gnu11 -DCORE_CM7 -DUSE_HAL_DRIVER -DSTM32H755xx -DUSE_NUCLEO_64 -c -I../Core/Inc -I../../Drivers/STM32H7xx_HAL_Driver/Inc -I../../Drivers/STM32H7xx_HAL_Driver/Inc/Legacy -I../../Drivers/BSP/STM32H7xx_Nucleo -I../../Drivers/CMSIS/Device/ST/STM32H7xx/Include -I../../Drivers/CMSIS/Include -I../FATFS/Target -I../FATFS/App -I../../Middlewares/Third_Party/FatFs/src -Os -ffunction-sections -fdata-sections -Wall -fstack-usage -fcyclomatic-complexity -MMD -MP -MF"Drivers/STM32H7xx_HAL_Driver/stm32h7xx_hal_rcc_ex.d" -MT"Drivers/STM32H7xx_HAL_Driver/stm32h7xx_hal_rcc_ex.o" --specs=nano.specs -mfpu=fpv5-d16 -mfloat-abi=hard -mthumb -o "Drivers/STM32H7xx_HAL_Driver/stm32h7xx_hal_rcc_ex.o"
arm-none-eabi-gcc "C:/git/CAN/CANLector/Drivers/STM32H7xx_HAL_Driver/Src/stm32h7xx_hal_spi.c" -mcpu=cortex-m7 -std=gnu11 -DCORE_CM7 -DUSE_HAL_DRIVER -DSTM32H755xx -DUSE_NUCLEO_64 -c -I../Core/Inc -I../../Drivers/STM32H7xx_HAL_Driver/Inc -I../../Drivers/STM32H7xx_HAL_Driver/Inc/Legacy -I../../Drivers/BSP/STM32H7xx_Nucleo -I../../Drivers/CMSIS/Device/ST/STM32H7xx/Include -I../../Drivers/CMSIS/Include -I../FATFS/Target -I../FATFS/App -I../../Middlewares/Third_Party/FatFs/src -Os -ffunction-sections -fdata-sections -Wall -fstack-usage -fcyclomatic-complexity -MMD -MP -MF"Drivers/STM32H7xx_HAL_Driver/stm32h7xx_hal_spi.d" -MT"Drivers/STM32H7xx_HAL_Driver/stm32h7xx_hal_spi.o" --specs=nano.specs -mfpu=fpv5-d16 -mfloat-abi=hard -mthumb -o "Drivers/STM32H7xx_HAL_Driver/stm32h7xx_hal_spi.o"
arm-none-eabi-gcc "C:/git/CAN/CANLector/Drivers/STM32H7xx_HAL_Driver/Src/stm32h7xx_hal_spi_ex.c" -mcpu=cortex-m7 -std=gnu11 -DCORE_CM7 -DUSE_HAL_DRIVER -DSTM32H755xx -DUSE_NUCLEO_64 -c -I../Core/Inc -I../../Drivers/STM32H7xx_HAL_Driver/Inc -I../../Drivers/STM32H7xx_HAL_Driver/Inc/Legacy -I../../Drivers/BSP/STM32H7xx_Nucleo -I../../Drivers/CMSIS/Device/ST/STM32H7xx/Include -I../../Drivers/CMSIS/Include -I../FATFS/Target -I../FATFS/App -I../../Middlewares/Third_Party/FatFs/src -Os -ffunction-sections -fdata-sections -Wall -fstack-usage -fcyclomatic-complexity -MMD -MP -MF"Drivers/STM32H7xx_HAL_Driver/stm32h7xx_hal_spi_ex.d" -MT"Drivers/STM32H7xx_HAL_Driver/stm32h7xx_hal_spi_ex.o" --specs=nano.specs -mfpu=fpv5-d16 -mfloat-abi=hard -mthumb -o "Drivers/STM32H7xx_HAL_Driver/stm32h7xx_hal_spi_ex.o"
arm-none-eabi-gcc "C:/git/CAN/CANLector/Drivers/STM32H7xx_HAL_Driver/Src/stm32h7xx_hal_tim.c" -mcpu=cortex-m7 -std=gnu11 -DCORE_CM7 -DUSE_HAL_DRIVER -DSTM32H755xx -DUSE_NUCLEO_64 -c -I../Core/Inc -I../../Drivers/STM32H7xx_HAL_Driver/Inc -I../../Drivers/STM32H7xx_HAL_Driver/Inc/Legacy -I../../Drivers/BSP/STM32H7xx_Nucleo -I../../Drivers/CMSIS/Device/ST/STM32H7xx/Include -I../../Drivers/CMSIS/Include -I../FATFS/Target -I../FATFS/App -I../../Middlewares/Third_Party/FatFs/src -Os -ffunction-sections -fdata-sections -Wall -fstack-usage -fcyclomatic-complexity -MMD -MP -MF"Drivers/STM32H7xx_HAL_Driver/stm32h7xx_hal_tim.d" -MT"Drivers/STM32H7xx_HAL_Driver/stm32h7xx_hal_tim.o" --specs=nano.specs -mfpu=fpv5-d16 -mfloat-abi=hard -mthumb -o "Drivers/STM32H7xx_HAL_Driver/stm32h7xx_hal_tim.o"
arm-none-eabi-gcc "C:/git/CAN/CANLector/Drivers/STM32H7xx_HAL_Driver/Src/stm32h7xx_hal_tim_ex.c" -mcpu=cortex-m7 -std=gnu11 -DCORE_CM7 -DUSE_HAL_DRIVER -DSTM32H755xx -DUSE_NUCLEO_64 -c -I../Core/Inc -I../../Drivers/STM32H7xx_HAL_Driver/Inc -I../../Drivers/STM32H7xx_HAL_Driver/Inc/Legacy -I../../Drivers/BSP/STM32H7xx_Nucleo -I../../Drivers/CMSIS/Device/ST/STM32H7xx/Include -I../../Drivers/CMSIS/Include -I../FATFS/Target -I../FATFS/App -I../../Middlewares/Third_Party/FatFs/src -Os -ffunction-sections -fdata-sections -Wall -fstack-usage -fcyclomatic-complexity -MMD -MP -MF"Drivers/STM32H7xx_HAL_Driver/stm32h7xx_hal_tim_ex.d" -MT"Drivers/STM32H7xx_HAL_Driver/stm32h7xx_hal_tim_ex.o" --specs=nano.specs -mfpu=fpv5-d16 -mfloat-abi=hard -mthumb -o "Drivers/STM32H7xx_HAL_Driver/stm32h7xx_hal_tim_ex.o"
arm-none-eabi-gcc "C:/git/CAN/CANLector/Drivers/STM32H7xx_HAL_Driver/Src/stm32h7xx_hal_uart.c" -mcpu=cortex-m7 -std=gnu11 -DCORE_CM7 -DUSE_HAL_DRIVER -DSTM32H755xx -DUSE_NUCLEO_64 -c -I../Core/Inc -I../../Drivers/STM32H7xx_HAL_Driver/Inc -I../../Drivers/STM32H7xx_HAL_Driver/Inc/Legacy -I../../Drivers/BSP/STM32H7xx_Nucleo -I../../Drivers/CMSIS/Device/ST/STM32H7xx/Include -I../../Drivers/CMSIS/Include -I../FATFS/Target -I../FATFS/App -I../../Middlewares/Third_Party/FatFs/src -Os -ffunction-sections -fdata-sections -Wall -fstack-usage -fcyclomatic-complexity -MMD -MP -MF"Drivers/STM32H7xx_HAL_Driver/stm32h7xx_hal_uart.d" -MT"Drivers/STM32H7xx_HAL_Driver/stm32h7xx_hal_uart.o" --specs=nano.specs -mfpu=fpv5-d16 -mfloat-abi=hard -mthumb -o "Drivers/STM32H7xx_HAL_Driver/stm32h7xx_hal_uart.o"
arm-none-eabi-gcc "C:/git/CAN/CANLector/Drivers/STM32H7xx_HAL_Driver/Src/stm32h7xx_hal_uart_ex.c" -mcpu=cortex-m7 -std=gnu11 -DCORE_CM7 -DUSE_HAL_DRIVER -DSTM32H755xx -DUSE_NUCLEO_64 -c -I../Core/Inc -I../../Drivers/STM32H7xx_HAL_Driver/Inc -I../../Drivers/STM32H7xx_HAL_Driver/Inc/Legacy -I../../Drivers/BSP/STM32H7xx_Nucleo -I../../Drivers/CMSIS/Device/ST/STM32H7xx/Include -I../../Drivers/CMSIS/Include -I../FATFS/Target -I../FATFS/App -I../../Middlewares/Third_Party/FatFs/src -Os -ffunction-sections -fdata-sections -Wall -fstack-usage -fcyclomatic-complexity -MMD -MP -MF"Drivers/STM32H7xx_HAL_Driver/stm32h7xx_hal_uart_ex.d" -MT"Drivers/STM32H7xx_HAL_Driver/stm32h7xx_hal_uart_ex.o" --specs=nano.specs -mfpu=fpv5-d16 -mfloat-abi=hard -mthumb -o "Drivers/STM32H7xx_HAL_Driver/stm32h7xx_hal_uart_ex.o"
arm-none-eabi-gcc "C:/git/CAN/CANLector/Drivers/STM32H7xx_HAL_Driver/Src/stm32h7xx_hal_usart.c" -mcpu=cortex-m7 -std=gnu11 -DCORE_CM7 -DUSE_HAL_DRIVER -DSTM32H755xx -DUSE_NUCLEO_64 -c -I../Core/Inc -I../../Drivers/STM32H7xx_HAL_Driver/Inc -I../../Drivers/STM32H7xx_HAL_Driver/Inc/Legacy -I../../Drivers/BSP/STM32H7xx_Nucleo -I../../Drivers/CMSIS/Device/ST/STM32H7xx/Include -I../../Drivers/CMSIS/Include -I../FATFS/Target -I../FATFS/App -I../../Middlewares/Third_Party/FatFs/src -Os -ffunction-sections -fdata-sections -Wall -fstack-usage -fcyclomatic-complexity -MMD -MP -MF"Drivers/STM32H7xx_HAL_Driver/stm32h7xx_hal_usart.d" -MT"Drivers/STM32H7xx_HAL_Driver/stm32h7xx_hal_usart.o" --specs=nano.specs -mfpu=fpv5-d16 -mfloat-abi=hard -mthumb -o "Drivers/STM32H7xx_HAL_Driver/stm32h7xx_hal_usart.o"
arm-none-eabi-gcc "C:/git/CAN/CANLector/Drivers/STM32H7xx_HAL_Driver/Src/stm32h7xx_hal_usart_ex.c" -mcpu=cortex-m7 -std=gnu11 -DCORE_CM7 -DUSE_HAL_DRIVER -DSTM32H755xx -DUSE_NUCLEO_64 -c -I../Core/Inc -I../../Drivers/STM32H7xx_HAL_Driver/Inc -I../../Drivers/STM32H7xx_HAL_Driver/Inc/Legacy -I../../Drivers/BSP/STM32H7xx_Nucleo -I../../Drivers/CMSIS/Device/ST/STM32H7xx/Include -I../../Drivers/CMSIS/Include -I../FATFS/Target -I../FATFS/App -I../../Middlewares/Third_Party/FatFs/src -Os -ffunction-sections -fdata-sections -Wall -fstack-usage -fcyclomatic-complexity -MMD -MP -MF"Drivers/STM32H7xx_HAL_Driver/stm32h7xx_hal_usart_ex.d" -MT"Drivers/STM32H7xx_HAL_Driver/stm32h7xx_hal_usart_ex.o" --specs=nano.specs -mfpu=fpv5-d16 -mfloat-abi=hard -mthumb -o "Drivers/STM32H7xx_HAL_Driver/stm32h7xx_hal_usart_ex.o"
arm-none-eabi-gcc "C:/git/CAN/CANLector/Drivers/BSP/STM32H7xx_Nucleo/stm32h7xx_nucleo.c" -mcpu=cortex-m7 -std=gnu11 -DCORE_CM7 -DUSE_HAL_DRIVER -DSTM32H755xx -DUSE_NUCLEO_64 -c -I../Core/Inc -I../../Drivers/STM32H7xx_HAL_Driver/Inc -I../../Drivers/STM32H7xx_HAL_Driver/Inc/Legacy -I../../Drivers/BSP/STM32H7xx_Nucleo -I../../Drivers/CMSIS/Device/ST/STM32H7xx/Include -I../../Drivers/CMSIS/Include -I../FATFS/Target -I../FATFS/App -I../../Middlewares/Third_Party/FatFs/src -Os -ffunction-sections -fdata-sections -Wall -fstack-usage -fcyclomatic-complexity -MMD -MP -MF"Drivers/BSP/STM32H7xx_Nucleo/stm32h7xx_nucleo.d" -MT"Drivers/BSP/STM32H7xx_Nucleo/stm32h7xx_nucleo.o" --specs=nano.specs -mfpu=fpv5-d16 -mfloat-abi=hard -mthumb -o "Drivers/BSP/STM32H7xx_Nucleo/stm32h7xx_nucleo.o"
arm-none-eabi-gcc -mcpu=cortex-m7 -c -x assembler-with-cpp -MMD -MP -MF"Core/Startup/startup_stm32h755zitx.d" -MT"Core/Startup/startup_stm32h755zitx.o" --specs=nano.specs -mfpu=fpv5-d16 -mfloat-abi=hard -mthumb -o "Core/Startup/startup_stm32h755zitx.o" "../Core/Startup/startup_stm32h755zitx.s"
arm-none-eabi-gcc "../Core/Src/main.c" -mcpu=cortex-m7 -std=gnu11 -DCORE_CM7 -DUSE_HAL_DRIVER -DSTM32H755xx -DUSE_NUCLEO_64 -c -I../Core/Inc -I../../Drivers/STM32H7xx_HAL_Driver/Inc -I../../Drivers/STM32H7xx_HAL_Driver/Inc/Legacy -I../../Drivers/BSP/STM32H7xx_Nucleo -I../../Drivers/CMSIS/Device/ST/STM32H7xx/Include -I../../Drivers/CMSIS/Include -I../FATFS/Target -I../FATFS/App -I../../Middlewares/Third_Party/FatFs/src -Os -ffunction-sections -fdata-sections -Wall -fstack-usage -fcyclomatic-complexity -MMD -MP -MF"Core/Src/main.d" -MT"Core/Src/main.o" --specs=nano.specs -mfpu=fpv5-d16 -mfloat-abi=hard -mthumb -o "Core/Src/main.o"
arm-none-eabi-gcc "../Core/Src/stm32h7xx_hal_msp.c" -mcpu=cortex-m7 -std=gnu11 -DCORE_CM7 -DUSE_HAL_DRIVER -DSTM32H755xx -DUSE_NUCLEO_64 -c -I../Core/Inc -I../../Drivers/STM32H7xx_HAL_Driver/Inc -I../../Drivers/STM32H7xx_HAL_Driver/Inc/Legacy -I../../Drivers/BSP/STM32H7xx_Nucleo -I../../Drivers/CMSIS/Device/ST/STM32H7xx/Include -I../../Drivers/CMSIS/Include -I../FATFS/Target -I../FATFS/App -I../../Middlewares/Third_Party/FatFs/src -Os -ffunction-sections -fdata-sections -Wall -fstack-usage -fcyclomatic-complexity -MMD -MP -MF"Core/Src/stm32h7xx_hal_msp.d" -MT"Core/Src/stm32h7xx_hal_msp.o" --specs=nano.specs -mfpu=fpv5-d16 -mfloat-abi=hard -mthumb -o "Core/Src/stm32h7xx_hal_msp.o"
arm-none-eabi-gcc "../Core/Src/stm32h7xx_it.c" -mcpu=cortex-m7 -std=gnu11 -DCORE_CM7 -DUSE_HAL_DRIVER -DSTM32H755xx -DUSE_NUCLEO_64 -c -I../Core/Inc -I../../Drivers/STM32H7xx_HAL_Driver/Inc -I../../Drivers/STM32H7xx_HAL_Driver/Inc/Legacy -I../../Drivers/BSP/STM32H7xx_Nucleo -I../../Drivers/CMSIS/Device/ST/STM32H7xx/Include -I../../Drivers/CMSIS/Include -I../FATFS/Target -I../FATFS/App -I../../Middlewares/Third_Party/FatFs/src -Os -ffunction-sections -fdata-sections -Wall -fstack-usage -fcyclomatic-complexity -MMD -MP -MF"Core/Src/stm32h7xx_it.d" -MT"Core/Src/stm32h7xx_it.o" --specs=nano.specs -mfpu=fpv5-d16 -mfloat-abi=hard -mthumb -o "Core/Src/stm32h7xx_it.o"
arm-none-eabi-gcc "../Core/Src/syscalls.c" -mcpu=cortex-m7 -std=gnu11 -DCORE_CM7 -DUSE_HAL_DRIVER -DSTM32H755xx -DUSE_NUCLEO_64 -c -I../Core/Inc -I../../Drivers/STM32H7xx_HAL_Driver/Inc -I../../Drivers/STM32H7xx_HAL_Driver/Inc/Legacy -I../../Drivers/BSP/STM32H7xx_Nucleo -I../../Drivers/CMSIS/Device/ST/STM32H7xx/Include -I../../Drivers/CMSIS/Include -I../FATFS/Target -I../FATFS/App -I../../Middlewares/Third_Party/FatFs/src -Os -ffunction-sections -fdata-sections -Wall -fstack-usage -fcyclomatic-complexity -MMD -MP -MF"Core/Src/syscalls.d" -MT"Core/Src/syscalls.o" --specs=nano.specs -mfpu=fpv5-d16 -mfloat-abi=hard -mthumb -o "Core/Src/syscalls.o"
arm-none-eabi-gcc "../Core/Src/sysmem.c" -mcpu=cortex-m7 -std=gnu11 -DCORE_CM7 -DUSE_HAL_DRIVER -DSTM32H755xx -DUSE_NUCLEO_64 -c -I../Core/Inc -I../../Drivers/STM32H7xx_HAL_Driver/Inc -I../../Drivers/STM32H7xx_HAL_Driver/Inc/Legacy -I../../Drivers/BSP/STM32H7xx_Nucleo -I../../Drivers/CMSIS/Device/ST/STM32H7xx/Include -I../../Drivers/CMSIS/Include -I../FATFS/Target -I../FATFS/App -I../../Middlewares/Third_Party/FatFs/src -Os -ffunction-sections -fdata-sections -Wall -fstack-usage -fcyclomatic-complexity -MMD -MP -MF"Core/Src/sysmem.d" -MT"Core/Src/sysmem.o" --specs=nano.specs -mfpu=fpv5-d16 -mfloat-abi=hard -mthumb -o "Core/Src/sysmem.o"
arm-none-eabi-gcc "C:/git/CAN/CANLector/Common/Src/system_stm32h7xx_dualcore_boot_cm4_cm7.c" -mcpu=cortex-m7 -std=gnu11 -DCORE_CM7 -DUSE_HAL_DRIVER -DSTM32H755xx -DUSE_NUCLEO_64 -c -I../Core/Inc -I../../Drivers/STM32H7xx_HAL_Driver/Inc -I../../Drivers/STM32H7xx_HAL_Driver/Inc/Legacy -I../../Drivers/BSP/STM32H7xx_Nucleo -I../../Drivers/CMSIS/Device/ST/STM32H7xx/Include -I../../Drivers/CMSIS/Include -I../FATFS/Target -I../FATFS/App -I../../Middlewares/Third_Party/FatFs/src -Os -ffunction-sections -fdata-sections -Wall -fstack-usage -fcyclomatic-complexity -MMD -MP -MF"Common/Src/system_stm32h7xx_dualcore_boot_cm4_cm7.d" -MT"Common/Src/system_stm32h7xx_dualcore_boot_cm4_cm7.o" --specs=nano.specs -mfpu=fpv5-d16 -mfloat-abi=hard -mthumb -o "Common/Src/system_stm32h7xx_dualcore_boot_cm4_cm7.o"
arm-none-eabi-gcc -o "CANLector_CM7.elf" @"objects.list"   -mcpu=cortex-m7 -T"C:\git\CAN\CANLector\CM7\STM32H755ZITX_FLASH.ld" --specs=nosys.specs -Wl,-Map="CANLector_CM7.map" -Wl,--gc-sections -static --specs=nano.specs -mfpu=fpv5-d16 -mfloat-abi=hard -mthumb -Wl,--start-group -lc -lm -Wl,--end-group
Finished building target: CANLector_CM7.elf
 
arm-none-eabi-size  CANLector_CM7.elf 
arm-none-eabi-objdump -h -S CANLector_CM7.elf  > "CANLector_CM7.list"
   text	   data	    bss	    dec	    hex	filename
  15856	     44	   1908	  17808	   4590	CANLector_CM7.elf
Finished building: default.size.stdout
 
Finished building: CANLector_CM7.list
 
16:58:36 **** Incremental Build of configuration Release for project CANLector_CM7 ****
make -j16 all 
arm-none-eabi-size  CANLector_CM7.elf 
   text	   data	    bss	    dec	    hex	filename
  15856	     44	   1908	  17808	   4590	CANLector_CM7.elf
Finished building: default.size.stdout
 
16:59:03 **** Incremental Build of configuration Debug for project CANLector_CM7 ****
make -j16 all 
arm-none-eabi-gcc "../Core/Src/main.c" -mcpu=cortex-m7 -std=gnu11 -g3 -DDEBUG -DCORE_CM7 -DUSE_HAL_DRIVER -DSTM32H755xx -DUSE_NUCLEO_64 -c -I../Core/Inc -I../../Drivers/STM32H7xx_HAL_Driver/Inc -I../../Drivers/STM32H7xx_HAL_Driver/Inc/Legacy -I../../Drivers/BSP/STM32H7xx_Nucleo -I../../Drivers/CMSIS/Device/ST/STM32H7xx/Include -I../../Drivers/CMSIS/Include -I../FATFS/Target -I../FATFS/App -I../../Middlewares/Third_Party/FatFs/src -O0 -ffunction-sections -fdata-sections -Wall -fstack-usage -fcyclomatic-complexity -MMD -MP -MF"Core/Src/main.d" -MT"Core/Src/main.o" --specs=nano.specs -mfpu=fpv5-d16 -mfloat-abi=hard -mthumb -o "Core/Src/main.o"
arm-none-eabi-gcc -o "CANLector_CM7.elf" @"objects.list"   -mcpu=cortex-m7 -T"C:\git\CAN\CANLector\CM7\STM32H755ZITX_FLASH.ld" --specs=nosys.specs -Wl,-Map="CANLector_CM7.map" -Wl,--gc-sections -static --specs=nano.specs -mfpu=fpv5-d16 -mfloat-abi=hard -mthumb -Wl,--start-group -lc -lm -Wl,--end-group
Finished building target: CANLector_CM7.elf
 
arm-none-eabi-size  CANLector_CM7.elf 
arm-none-eabi-objdump -h -S CANLector_CM7.elf  > "CANLector_CM7.list"
   text	   data	    bss	    dec	    hex	filename
  28672	     56	   1912	  30640	   77b0	CANLector_CM7.elf
Finished building: default.size.stdout
 
Finished building: CANLector_CM7.list
 
16:59:07 **** Incremental Build of configuration Release for project CANLector_CM7 ****
make -j16 all 
arm-none-eabi-gcc "../Core/Src/main.c" -mcpu=cortex-m7 -std=gnu11 -DCORE_CM7 -DUSE_HAL_DRIVER -DSTM32H755xx -DUSE_NUCLEO_64 -c -I../Core/Inc -I../../Drivers/STM32H7xx_HAL_Driver/Inc -I../../Drivers/STM32H7xx_HAL_Driver/Inc/Legacy -I../../Drivers/BSP/STM32H7xx_Nucleo -I../../Drivers/CMSIS/Device/ST/STM32H7xx/Include -I../../Drivers/CMSIS/Include -I../FATFS/Target -I../FATFS/App -I../../Middlewares/Third_Party/FatFs/src -Os -ffunction-sections -fdata-sections -Wall -fstack-usage -fcyclomatic-complexity -MMD -MP -MF"Core/Src/main.d" -MT"Core/Src/main.o" --specs=nano.specs -mfpu=fpv5-d16 -mfloat-abi=hard -mthumb -o "Core/Src/main.o"
arm-none-eabi-gcc -o "CANLector_CM7.elf" @"objects.list"   -mcpu=cortex-m7 -T"C:\git\CAN\CANLector\CM7\STM32H755ZITX_FLASH.ld" --specs=nosys.specs -Wl,-Map="CANLector_CM7.map" -Wl,--gc-sections -static --specs=nano.specs -mfpu=fpv5-d16 -mfloat-abi=hard -mthumb -Wl,--start-group -lc -lm -Wl,--end-group
Finished building target: CANLector_CM7.elf
 
arm-none-eabi-size  CANLector_CM7.elf 
arm-none-eabi-objdump -h -S CANLector_CM7.elf  > "CANLector_CM7.list"
   text	   data	    bss	    dec	    hex	filename
  15872	     44	   1908	  17824	   45a0	CANLector_CM7.elf
Finished building: default.size.stdout
 
Finished building: CANLector_CM7.list
 
17:03:48 **** Incremental Build of configuration Debug for project CANLector_CM7 ****
make -j16 all 
arm-none-eabi-gcc "../Core/Src/main.c" -mcpu=cortex-m7 -std=gnu11 -g3 -DDEBUG -DCORE_CM7 -DUSE_HAL_DRIVER -DSTM32H755xx -DUSE_NUCLEO_64 -c -I../Core/Inc -I../../Drivers/STM32H7xx_HAL_Driver/Inc -I../../Drivers/STM32H7xx_HAL_Driver/Inc/Legacy -I../../Drivers/BSP/STM32H7xx_Nucleo -I../../Drivers/CMSIS/Device/ST/STM32H7xx/Include -I../../Drivers/CMSIS/Include -I../FATFS/Target -I../FATFS/App -I../../Middlewares/Third_Party/FatFs/src -O0 -ffunction-sections -fdata-sections -Wall -fstack-usage -fcyclomatic-complexity -MMD -MP -MF"Core/Src/main.d" -MT"Core/Src/main.o" --specs=nano.specs -mfpu=fpv5-d16 -mfloat-abi=hard -mthumb -o "Core/Src/main.o"
arm-none-eabi-gcc -o "CANLector_CM7.elf" @"objects.list"   -mcpu=cortex-m7 -T"C:\git\CAN\CANLector\CM7\STM32H755ZITX_FLASH.ld" --specs=nosys.specs -Wl,-Map="CANLector_CM7.map" -Wl,--gc-sections -static --specs=nano.specs -mfpu=fpv5-d16 -mfloat-abi=hard -mthumb -Wl,--start-group -lc -lm -Wl,--end-group
Finished building target: CANLector_CM7.elf
 
arm-none-eabi-size  CANLector_CM7.elf 
arm-none-eabi-objdump -h -S CANLector_CM7.elf  > "CANLector_CM7.list"
   text	   data	    bss	    dec	    hex	filename
  21368	     40	   1744	  23152	   5a70	CANLector_CM7.elf
Finished building: default.size.stdout
 
Finished building: CANLector_CM7.list
 
17:03:53 **** Incremental Build of configuration Release for project CANLector_CM7 ****
make -j16 all 
arm-none-eabi-gcc "../Core/Src/main.c" -mcpu=cortex-m7 -std=gnu11 -DCORE_CM7 -DUSE_HAL_DRIVER -DSTM32H755xx -DUSE_NUCLEO_64 -c -I../Core/Inc -I../../Drivers/STM32H7xx_HAL_Driver/Inc -I../../Drivers/STM32H7xx_HAL_Driver/Inc/Legacy -I../../Drivers/BSP/STM32H7xx_Nucleo -I../../Drivers/CMSIS/Device/ST/STM32H7xx/Include -I../../Drivers/CMSIS/Include -I../FATFS/Target -I../FATFS/App -I../../Middlewares/Third_Party/FatFs/src -Os -ffunction-sections -fdata-sections -Wall -fstack-usage -fcyclomatic-complexity -MMD -MP -MF"Core/Src/main.d" -MT"Core/Src/main.o" --specs=nano.specs -mfpu=fpv5-d16 -mfloat-abi=hard -mthumb -o "Core/Src/main.o"
arm-none-eabi-gcc -o "CANLector_CM7.elf" @"objects.list"   -mcpu=cortex-m7 -T"C:\git\CAN\CANLector\CM7\STM32H755ZITX_FLASH.ld" --specs=nosys.specs -Wl,-Map="CANLector_CM7.map" -Wl,--gc-sections -static --specs=nano.specs -mfpu=fpv5-d16 -mfloat-abi=hard -mthumb -Wl,--start-group -lc -lm -Wl,--end-group
Finished building target: CANLector_CM7.elf
 
arm-none-eabi-size  CANLector_CM7.elf 
arm-none-eabi-objdump -h -S CANLector_CM7.elf  > "CANLector_CM7.list"
   text	   data	    bss	    dec	    hex	filename
  12272	     40	   1744	  14056	   36e8	CANLector_CM7.elf
Finished building: default.size.stdout
 
Finished building: CANLector_CM7.list
 
17:07:53 **** Incremental Build of configuration Debug for project CANLector_CM7 ****
make -j16 all 
arm-none-eabi-size  CANLector_CM7.elf 
   text	   data	    bss	    dec	    hex	filename
  21368	     40	   1744	  23152	   5a70	CANLector_CM7.elf
Finished building: default.size.stdout
 
