18:39:54 **** Incremental Build of configuration Debug for project CANLector_CM7 ****
make -j16 all 
arm-none-eabi-gcc "../Core/Src/main.c" -mcpu=cortex-m7 -std=gnu11 -g3 -DDEBUG -DCORE_CM7 -DUSE_HAL_DRIVER -DSTM32H755xx -c -I../Core/Inc -I../../Drivers/STM32H7xx_HAL_Driver/Inc -I../../Drivers/STM32H7xx_HAL_Driver/Inc/Legacy -I../../Drivers/CMSIS/Device/ST/STM32H7xx/Include -I../../Drivers/CMSIS/Include -O0 -ffunction-sections -fdata-sections -Wall -fstack-usage -fcyclomatic-complexity -MMD -MP -MF"Core/Src/main.d" -MT"Core/Src/main.o" --specs=nano.specs -mfpu=fpv5-d16 -mfloat-abi=hard -mthumb -o "Core/Src/main.o"
arm-none-eabi-gcc -o "CANLector_CM7.elf" @"objects.list"   -mcpu=cortex-m7 -T"C:\git\CAN\CANLector\CM7\STM32H755ZITX_FLASH.ld" --specs=nosys.specs -Wl,-Map="CANLector_CM7.map" -Wl,--gc-sections -static --specs=nano.specs -mfpu=fpv5-d16 -mfloat-abi=hard -mthumb -Wl,--start-group -lc -lm -Wl,--end-group
Finished building target: CANLector_CM7.elf
 
arm-none-eabi-size  CANLector_CM7.elf 
   text	   data	    bss	    dec	    hex	filename
  25480	     96	  17000	  42576	   a650	CANLector_CM7.elf
Finished building: default.size.stdout
 
18:40:00 **** Incremental Build of configuration Debug for project CANLector_CM7 ****
make -j16 all 
arm-none-eabi-gcc -o "CANLector_CM7.elf" @"objects.list"   -mcpu=cortex-m7 -T"C:\git\CAN\CANLector\CM7\STM32H755ZITX_FLASH.ld" --specs=nosys.specs -Wl,-Map="CANLector_CM7.map" -Wl,--gc-sections -static --specs=nano.specs -mfpu=fpv5-d16 -mfloat-abi=hard -mthumb -Wl,--start-group -lc -lm -Wl,--end-group
Finished building target: CANLector_CM7.elf
 
arm-none-eabi-size  CANLector_CM7.elf 
   text	   data	    bss	    dec	    hex	filename
  25480	     96	  17000	  42576	   a650	CANLector_CM7.elf
Finished building: default.size.stdout
 
